--- 
http_interactions: 
- request: 
    method: post
    uri: https://admin:admin@abed.usersys.redhat.com/pulp/api/v2/repositories/integration_test_id_clone/actions/unassociate/
    body: 
      encoding: US-ASCII
      string: "{\"criteria\":{\"type_ids\":[\"rpm\"],\"filters\":{\"association\":{\"unit_id\":{\"$in\":[\"0c8d68cc-1167-43c5-b036-3dc159b0643d\"]}}}}}"
    headers: 
      Accept: 
      - application/json
      Accept-Encoding: 
      - gzip, deflate
      Content-Type: 
      - application/json
      Content-Length: 
      - "120"
      User-Agent: 
      - Ruby
  response: 
    status: 
      code: 202
      message: Accepted
    headers: 
      Date: 
      - Thu, 13 Jun 2013 20:45:48 GMT
      Server: 
      - Apache/2.2.15 (Red Hat)
      Content-Encoding: 
      - utf-8
      Content-Length: 
      - "656"
      Content-Type: 
      - application/json
    body: 
      encoding: US-ASCII
      string: "{\"task_group_id\": null, \"exception\": null, \"traceback\": null, \"_href\": \"/pulp/api/v2/tasks/efa89768-703d-43ba-bc19-452af4ee3ece/\", \"task_id\": \"efa89768-703d-43ba-bc19-452af4ee3ece\", \"call_request_tags\": [\"pulp:repository:integration_test_id_clone\", \"pulp:action:unassociate\"], \"reasons\": [], \"start_time\": null, \"tags\": [\"pulp:repository:integration_test_id_clone\", \"pulp:action:unassociate\"], \"state\": \"waiting\", \"finish_time\": null, \"dependency_failures\": {}, \"schedule_id\": null, \"progress\": {}, \"call_request_group_id\": null, \"call_request_id\": \"efa89768-703d-43ba-bc19-452af4ee3ece\", \"principal_login\": \"admin\", \"response\": \"accepted\", \"result\": null}"
    http_version: 
  recorded_at: Thu, 13 Jun 2013 20:45:48 GMT
- request: 
    method: post
    uri: https://admin:admin@abed.usersys.redhat.com/pulp/api/v2/repositories/integration_test_id_clone/actions/unassociate/
    body: 
      encoding: US-ASCII
      string: "{\"criteria\":{\"type_ids\":[\"rpm\"],\"filters\":{\"association\":{\"unit_id\":{\"$in\":[\"0c8d68cc-1167-43c5-b036-3dc159b0643d\"]}}}}}"
    headers: 
      Accept: 
      - application/json
      Accept-Encoding: 
      - gzip, deflate
      Content-Type: 
      - application/json
      Content-Length: 
      - "120"
      User-Agent: 
      - Ruby
  response: 
    status: 
      code: 202
      message: Accepted
    headers: 
      Date: 
      - Thu, 13 Jun 2013 20:45:54 GMT
      Server: 
      - Apache/2.2.15 (Red Hat)
      Content-Encoding: 
      - utf-8
      Content-Length: 
      - "656"
      Content-Type: 
      - application/json
    body: 
      encoding: US-ASCII
      string: "{\"task_group_id\": null, \"exception\": null, \"traceback\": null, \"_href\": \"/pulp/api/v2/tasks/b6a79af6-86c2-4fc9-987f-d19c8add9e1e/\", \"task_id\": \"b6a79af6-86c2-4fc9-987f-d19c8add9e1e\", \"call_request_tags\": [\"pulp:repository:integration_test_id_clone\", \"pulp:action:unassociate\"], \"reasons\": [], \"start_time\": null, \"tags\": [\"pulp:repository:integration_test_id_clone\", \"pulp:action:unassociate\"], \"state\": \"waiting\", \"finish_time\": null, \"dependency_failures\": {}, \"schedule_id\": null, \"progress\": {}, \"call_request_group_id\": null, \"call_request_id\": \"b6a79af6-86c2-4fc9-987f-d19c8add9e1e\", \"principal_login\": \"admin\", \"response\": \"accepted\", \"result\": null}"
    http_version: 
  recorded_at: Thu, 13 Jun 2013 20:45:54 GMT
- request: 
    method: post
    uri: https://admin:admin@f18/pulp/api/v2/repositories/integration_test_id_clone/actions/unassociate/
    body: 
      encoding: US-ASCII
      string: "{\"criteria\":{\"type_ids\":[\"rpm\"],\"filters\":{\"association\":{\"unit_id\":{\"$in\":[\"1c16a79d-4f75-4b35-b3ff-4ddbf722a854\"]}}}}}"
    headers: 
      Accept: 
      - application/json
      Accept-Encoding: 
      - gzip, deflate
      Content-Type: 
      - application/json
      Content-Length: 
      - "120"
      User-Agent: 
      - Ruby
  response: 
    status: 
      code: 202
      message: Accepted
    headers: 
      Date: 
      - Mon, 08 Jul 2013 18:24:12 GMT
      Server: 
      - Apache/2.4.4 (Fedora) OpenSSL/1.0.1e-fips mod_wsgi/3.4 Python/2.7.3
      Content-Encoding: 
      - utf-8
      Content-Length: 
      - "656"
      Content-Type: 
      - application/json
    body: 
      encoding: US-ASCII
      string: "{\"task_group_id\": null, \"exception\": null, \"traceback\": null, \"_href\": \"/pulp/api/v2/tasks/cfb8c807-2e4d-4045-9839-af1a86619f63/\", \"task_id\": \"cfb8c807-2e4d-4045-9839-af1a86619f63\", \"call_request_tags\": [\"pulp:repository:integration_test_id_clone\", \"pulp:action:unassociate\"], \"reasons\": [], \"start_time\": null, \"tags\": [\"pulp:repository:integration_test_id_clone\", \"pulp:action:unassociate\"], \"state\": \"waiting\", \"finish_time\": null, \"dependency_failures\": {}, \"schedule_id\": null, \"progress\": {}, \"call_request_group_id\": null, \"call_request_id\": \"cfb8c807-2e4d-4045-9839-af1a86619f63\", \"principal_login\": \"admin\", \"response\": \"accepted\", \"result\": null}"
    http_version: 
  recorded_at: Mon, 08 Jul 2013 18:24:12 GMT
- request: 
    method: post
    uri: https://admin:admin@f18/pulp/api/v2/repositories/integration_test_id_clone/actions/unassociate/
    body: 
      encoding: US-ASCII
      string: "{\"criteria\":{\"type_ids\":[\"rpm\"],\"filters\":{\"association\":{\"unit_id\":{\"$in\":[\"1c16a79d-4f75-4b35-b3ff-4ddbf722a854\"]}}}}}"
    headers: 
      Accept: 
      - application/json
      Accept-Encoding: 
      - gzip, deflate
      Content-Type: 
      - application/json
      Content-Length: 
      - "120"
      User-Agent: 
      - Ruby
  response: 
    status: 
      code: 202
      message: Accepted
    headers: 
      Date: 
      - Mon, 08 Jul 2013 18:24:36 GMT
      Server: 
      - Apache/2.4.4 (Fedora) OpenSSL/1.0.1e-fips mod_wsgi/3.4 Python/2.7.3
      Content-Encoding: 
      - utf-8
      Content-Length: 
      - "656"
      Content-Type: 
      - application/json
    body: 
      encoding: US-ASCII
      string: "{\"task_group_id\": null, \"exception\": null, \"traceback\": null, \"_href\": \"/pulp/api/v2/tasks/291f57bc-c4e0-487e-8a87-d0a2a6d3b741/\", \"task_id\": \"291f57bc-c4e0-487e-8a87-d0a2a6d3b741\", \"call_request_tags\": [\"pulp:repository:integration_test_id_clone\", \"pulp:action:unassociate\"], \"reasons\": [], \"start_time\": null, \"tags\": [\"pulp:repository:integration_test_id_clone\", \"pulp:action:unassociate\"], \"state\": \"waiting\", \"finish_time\": null, \"dependency_failures\": {}, \"schedule_id\": null, \"progress\": {}, \"call_request_group_id\": null, \"call_request_id\": \"291f57bc-c4e0-487e-8a87-d0a2a6d3b741\", \"principal_login\": \"admin\", \"response\": \"accepted\", \"result\": null}"
    http_version: 
  recorded_at: Mon, 08 Jul 2013 18:24:36 GMT
- request: 
    method: post
    uri: https://admin:admin@f18/pulp/api/v2/repositories/integration_test_id_clone/actions/unassociate/
    body: 
      encoding: US-ASCII
      string: "{\"criteria\":{\"type_ids\":[\"rpm\"],\"filters\":{\"association\":{\"unit_id\":{\"$in\":[\"607bac0d-b343-4225-972b-f4b688ea9b94\"]}}}}}"
    headers: 
      Accept: 
      - application/json
      Accept-Encoding: 
      - gzip, deflate
      Content-Type: 
      - application/json
      Content-Length: 
      - "120"
      User-Agent: 
      - Ruby
  response: 
    status: 
      code: 202
      message: Accepted
    headers: 
      Date: 
      - Mon, 08 Jul 2013 19:19:45 GMT
      Server: 
      - Apache/2.4.4 (Fedora) OpenSSL/1.0.1e-fips mod_wsgi/3.4 Python/2.7.3
      Content-Encoding: 
      - utf-8
      Content-Length: 
      - "656"
      Content-Type: 
      - application/json
    body: 
      encoding: US-ASCII
      string: "{\"task_group_id\": null, \"exception\": null, \"traceback\": null, \"_href\": \"/pulp/api/v2/tasks/475ec9c1-cb3d-499b-9198-70176010002a/\", \"task_id\": \"475ec9c1-cb3d-499b-9198-70176010002a\", \"call_request_tags\": [\"pulp:repository:integration_test_id_clone\", \"pulp:action:unassociate\"], \"reasons\": [], \"start_time\": null, \"tags\": [\"pulp:repository:integration_test_id_clone\", \"pulp:action:unassociate\"], \"state\": \"waiting\", \"finish_time\": null, \"dependency_failures\": {}, \"schedule_id\": null, \"progress\": {}, \"call_request_group_id\": null, \"call_request_id\": \"475ec9c1-cb3d-499b-9198-70176010002a\", \"principal_login\": \"admin\", \"response\": \"accepted\", \"result\": null}"
    http_version: 
  recorded_at: Mon, 08 Jul 2013 19:19:45 GMT
- request: 
    method: post
    uri: https://admin:admin@f18/pulp/api/v2/repositories/integration_test_id_clone/actions/unassociate/
    body: 
      encoding: US-ASCII
      string: "{\"criteria\":{\"type_ids\":[\"rpm\"],\"filters\":{\"association\":{\"unit_id\":{\"$in\":[\"607bac0d-b343-4225-972b-f4b688ea9b94\"]}}}}}"
    headers: 
      Accept: 
      - application/json
      Accept-Encoding: 
      - gzip, deflate
      Content-Type: 
      - application/json
      Content-Length: 
      - "120"
      User-Agent: 
      - Ruby
  response: 
    status: 
      code: 202
      message: Accepted
    headers: 
      Date: 
      - Mon, 08 Jul 2013 19:20:12 GMT
      Server: 
      - Apache/2.4.4 (Fedora) OpenSSL/1.0.1e-fips mod_wsgi/3.4 Python/2.7.3
      Content-Encoding: 
      - utf-8
      Content-Length: 
      - "656"
      Content-Type: 
      - application/json
    body: 
      encoding: US-ASCII
      string: "{\"task_group_id\": null, \"exception\": null, \"traceback\": null, \"_href\": \"/pulp/api/v2/tasks/99712ecf-b8ca-4dca-ae55-3db019ae09ec/\", \"task_id\": \"99712ecf-b8ca-4dca-ae55-3db019ae09ec\", \"call_request_tags\": [\"pulp:repository:integration_test_id_clone\", \"pulp:action:unassociate\"], \"reasons\": [], \"start_time\": null, \"tags\": [\"pulp:repository:integration_test_id_clone\", \"pulp:action:unassociate\"], \"state\": \"waiting\", \"finish_time\": null, \"dependency_failures\": {}, \"schedule_id\": null, \"progress\": {}, \"call_request_group_id\": null, \"call_request_id\": \"99712ecf-b8ca-4dca-ae55-3db019ae09ec\", \"principal_login\": \"admin\", \"response\": \"accepted\", \"result\": null}"
    http_version: 
  recorded_at: Mon, 08 Jul 2013 19:20:12 GMT
- request: 
    method: post
    uri: https://admin:admin@f18/pulp/api/v2/repositories/
    body: 
      encoding: US-ASCII
      string: "{\"id\":\"integration_test_id_clone\",\"importer_type_id\":\"yum_importer\",\"importer_config\":{}}"
    headers: 
      Accept: 
      - application/json
      Accept-Encoding: 
      - gzip, deflate
      Content-Type: 
      - application/json
      Content-Length: 
      - "89"
      User-Agent: 
      - Ruby
  response: 
    status: 
      code: 201
      message: Created
    headers: 
      Date: 
      - Tue, 09 Jul 2013 00:54:03 GMT
      Server: 
      - Apache/2.4.4 (Fedora) OpenSSL/1.0.1e-fips mod_wsgi/3.4 Python/2.7.3
      Location: 
      - integration_test_id_clone
      Content-Length: 
      - "285"
      Content-Type: 
      - application/json
    body: 
      encoding: US-ASCII
      string: "{\"scratchpad\": {}, \"display_name\": \"integration_test_id_clone\", \"description\": null, \"_ns\": \"repos\", \"notes\": {}, \"content_unit_counts\": {}, \"_id\": {\"$oid\": \"51db5f2bd60ea36250a04e41\"}, \"id\": \"integration_test_id_clone\", \"_href\": \"/pulp/api/v2/repositories/integration_test_id_clone/\"}"
    http_version: 
  recorded_at: Tue, 09 Jul 2013 00:54:03 GMT
- request: 
    method: post
    uri: https://admin:admin@f18/pulp/api/v2/repositories/integration_test_id_clone/actions/associate/
    body: 
      encoding: US-ASCII
      string: "{\"source_repo_id\":\"integration_test_id\"}"
    headers: 
      Accept: 
      - application/json
      Accept-Encoding: 
      - gzip, deflate
      Content-Type: 
      - application/json
      Content-Length: 
      - "40"
      User-Agent: 
      - Ruby
  response: 
    status: 
      code: 202
      message: Accepted
    headers: 
      Date: 
      - Tue, 09 Jul 2013 00:54:03 GMT
      Server: 
      - Apache/2.4.4 (Fedora) OpenSSL/1.0.1e-fips mod_wsgi/3.4 Python/2.7.3
      Content-Encoding: 
      - utf-8
      Content-Length: 
      - "730"
      Content-Type: 
      - application/json
    body: 
      encoding: US-ASCII
      string: "{\"task_group_id\": null, \"exception\": null, \"traceback\": null, \"_href\": \"/pulp/api/v2/tasks/31daf626-f946-447b-973d-3b3f7ae1e47a/\", \"task_id\": \"31daf626-f946-447b-973d-3b3f7ae1e47a\", \"call_request_tags\": [\"pulp:repository:integration_test_id_clone\", \"pulp:repository:integration_test_id\", \"pulp:action:associate\"], \"reasons\": [], \"start_time\": null, \"tags\": [\"pulp:repository:integration_test_id_clone\", \"pulp:repository:integration_test_id\", \"pulp:action:associate\"], \"state\": \"waiting\", \"finish_time\": null, \"dependency_failures\": {}, \"schedule_id\": null, \"progress\": {}, \"call_request_group_id\": null, \"call_request_id\": \"31daf626-f946-447b-973d-3b3f7ae1e47a\", \"principal_login\": \"admin\", \"response\": \"accepted\", \"result\": null}"
    http_version: 
  recorded_at: Tue, 09 Jul 2013 00:54:03 GMT
- request: 
    method: post
    uri: https://admin:admin@f18/pulp/api/v2/repositories/integration_test_id_clone/search/units/
    body: 
      encoding: US-ASCII
      string: "{\"criteria\":{\"type_ids\":[\"rpm\"]}}"
    headers: 
      Accept: 
      - application/json
      Accept-Encoding: 
      - gzip, deflate
      Content-Type: 
      - application/json
      Content-Length: 
      - "33"
      User-Agent: 
      - Ruby
  response: 
    status: 
      code: 200
      message: OK
    headers: 
      Date: 
      - Tue, 09 Jul 2013 00:54:15 GMT
      Server: 
      - Apache/2.4.4 (Fedora) OpenSSL/1.0.1e-fips mod_wsgi/3.4 Python/2.7.3
      Content-Length: 
      - "25703"
      Content-Type: 
      - application/json
    body: 
      encoding: US-ASCII
      string: "[{\"updated\": \"2013-07-09T04:54:04Z\", \"repo_id\": \"integration_test_id_clone\", \"created\": \"2013-07-09T04:54:04Z\", \"_ns\": \"repo_content_units\", \"unit_id\": \"8f8cd6ce-74ba-4dd2-9851-9dc07d874e48\", \"unit_type_id\": \"rpm\", \"owner_type\": \"user\", \"_id\": {\"$oid\": \"51db5f2cd60ea36250a04e5a\"}, \"id\": \"51db5f2cd60ea36250a04e5a\", \"owner_id\": \"admin\", \"metadata\": {\"build_time\": 1308257472, \"buildhost\": \"dhcp-26-118.brq.redhat.com\", \"_content_type_id\": \"rpm\", \"vendor\": null, \"size\": 2232, \"group\": \"Internet/Applications\", \"_ns\": \"units_rpm\", \"relative_url_path\": null, \"filename\": \"cheetah-0.3-0.8.noarch.rpm\", \"epoch\": \"0\", \"version\": \"0.3\", \"version_sort_index\": \"01-0.01-3\", \"provides\": [{\"release\": \"0.8\", \"epoch\": \"0\", \"version\": \"0.3\", \"flags\": \"EQ\", \"name\": \"cheetah\"}], \"files\": {\"file\": [\"//cheetah.txt\"], \"dir\": []}, \"repodata\": {\"filelists\": \"<package arch=\\\"noarch\\\" name=\\\"cheetah\\\" pkgid=\\\"422d0baa0cd9d7713ae796e886a23e17f578f924f74880debdbb7d65fb368dae\\\">\\n    <version epoch=\\\"0\\\" rel=\\\"0.8\\\" ver=\\\"0.3\\\" />\\n\\n    <file>//cheetah.txt</file>\\n</package>\\n\\n\", \"other\": \"<package arch=\\\"noarch\\\" name=\\\"cheetah\\\" pkgid=\\\"422d0baa0cd9d7713ae796e886a23e17f578f924f74880debdbb7d65fb368dae\\\">\\n    <version epoch=\\\"0\\\" rel=\\\"0.8\\\" ver=\\\"0.3\\\" />\\n\\n</package>\\n\\n\", \"primary\": \"<package type=\\\"rpm\\\">\\n  <name>cheetah</name>\\n  <arch>noarch</arch>\\n  <version epoch=\\\"0\\\" rel=\\\"0.8\\\" ver=\\\"0.3\\\" />\\n  <checksum pkgid=\\\"YES\\\" type=\\\"sha256\\\">422d0baa0cd9d7713ae796e886a23e17f578f924f74880debdbb7d65fb368dae</checksum>\\n  <summary>A dummy package of cheetah</summary>\\n  <description>A dummy package of cheetah</description>\\n  <packager />\\n  <url>http://tstrachota.fedorapeople.org</url>\\n  <time build=\\\"1308257472\\\" file=\\\"1321891028\\\" />\\n  <size archive=\\\"292\\\" installed=\\\"42\\\" package=\\\"2232\\\" />\\n<location href=\\\"cheetah-0.3-0.8.noarch.rpm\\\" />\\n  <format>\\n    <rpm:license>GPLv2</rpm:license>\\n    <rpm:vendor />\\n    <rpm:group>Internet/Applications</rpm:group>\\n    <rpm:buildhost>dhcp-26-118.brq.redhat.com</rpm:buildhost>\\n    <rpm:sourcerpm>cheetah-0.3-0.8.src.rpm</rpm:sourcerpm>\\n    <rpm:header-range end=\\\"2016\\\" start=\\\"280\\\" />\\n    <rpm:provides>\\n      <rpm:entry epoch=\\\"0\\\" flags=\\\"EQ\\\" name=\\\"cheetah\\\" rel=\\\"0.8\\\" ver=\\\"0.3\\\" />\\n    </rpm:provides>\\n    <rpm:requires>\\n      <rpm:entry name=\\\"/bin/sh\\\" pre=\\\"1\\\" />\\n    </rpm:requires>\\n  </format>\\n</package>\\n\"}, \"description\": \"A dummy package of cheetah\", \"time\": 1321891028, \"header_range\": {\"start\": 280, \"end\": 2016}, \"release_sort_index\": \"01-0.01-8\", \"arch\": \"noarch\", \"name\": \"cheetah\", \"_storage_path\": \"/var/lib/pulp/content/rpm/cheetah/0.3/0.8/noarch/422d0baa0cd9d7713ae796e886a23e17f578f924f74880debdbb7d65fb368dae/cheetah-0.3-0.8.noarch.rpm\", \"sourcerpm\": \"cheetah-0.3-0.8.src.rpm\", \"checksumtype\": \"sha256\", \"license\": \"GPLv2\", \"changelog\": [], \"url\": \"http://tstrachota.fedorapeople.org\", \"checksum\": \"422d0baa0cd9d7713ae796e886a23e17f578f924f74880debdbb7d65fb368dae\", \"summary\": \"A dummy package of cheetah\", \"relativepath\": \"cheetah-0.3-0.8.noarch.rpm\", \"release\": \"0.8\", \"_id\": \"8f8cd6ce-74ba-4dd2-9851-9dc07d874e48\", \"requires\": [{\"release\": null, \"epoch\": null, \"version\": null, \"flags\": null, \"name\": \"/bin/sh\"}]}}, {\"updated\": \"2013-07-09T04:54:04Z\", \"repo_id\": \"integration_test_id_clone\", \"created\": \"2013-07-09T04:54:04Z\", \"_ns\": \"repo_content_units\", \"unit_id\": \"f8d17bb6-1a5f-47e7-8ede-f56c9594a5d0\", \"unit_type_id\": \"rpm\", \"owner_type\": \"user\", \"_id\": {\"$oid\": \"51db5f2cd60ea36250a04e56\"}, \"id\": \"51db5f2cd60ea36250a04e56\", \"owner_id\": \"admin\", \"metadata\": {\"build_time\": 1308257466, \"buildhost\": \"dhcp-26-118.brq.redhat.com\", \"_content_type_id\": \"rpm\", \"vendor\": null, \"size\": 2244, \"group\": \"Internet/Applications\", \"_ns\": \"units_rpm\", \"relative_url_path\": null, \"filename\": \"elephant-0.3-0.8.noarch.rpm\", \"epoch\": \"0\", \"version\": \"0.3\", \"version_sort_index\": \"01-0.01-3\", \"provides\": [{\"release\": \"0.8\", \"epoch\": \"0\", \"version\": \"0.3\", \"flags\": \"EQ\", \"name\": \"elephant\"}], \"files\": {\"file\": [\"//elephant.txt\"], \"dir\": []}, \"repodata\": {\"filelists\": \"<package arch=\\\"noarch\\\" name=\\\"elephant\\\" pkgid=\\\"3e1c70cd1b421328acaf6397cb3d16145306bb95f65d1b095fc31372a0a701f3\\\">\\n    <version epoch=\\\"0\\\" rel=\\\"0.8\\\" ver=\\\"0.3\\\" />\\n\\n    <file>//elephant.txt</file>\\n</package>\\n\\n\", \"other\": \"<package arch=\\\"noarch\\\" name=\\\"elephant\\\" pkgid=\\\"3e1c70cd1b421328acaf6397cb3d16145306bb95f65d1b095fc31372a0a701f3\\\">\\n    <version epoch=\\\"0\\\" rel=\\\"0.8\\\" ver=\\\"0.3\\\" />\\n\\n</package>\\n\\n\", \"primary\": \"<package type=\\\"rpm\\\">\\n  <name>elephant</name>\\n  <arch>noarch</arch>\\n  <version epoch=\\\"0\\\" rel=\\\"0.8\\\" ver=\\\"0.3\\\" />\\n  <checksum pkgid=\\\"YES\\\" type=\\\"sha256\\\">3e1c70cd1b421328acaf6397cb3d16145306bb95f65d1b095fc31372a0a701f3</checksum>\\n  <summary>A dummy package of elephant</summary>\\n  <description>A dummy package of elephant</description>\\n  <packager />\\n  <url>http://tstrachota.fedorapeople.org</url>\\n  <time build=\\\"1308257466\\\" file=\\\"1321891027\\\" />\\n  <size archive=\\\"296\\\" installed=\\\"42\\\" package=\\\"2244\\\" />\\n<location href=\\\"elephant-0.3-0.8.noarch.rpm\\\" />\\n  <format>\\n    <rpm:license>GPLv2</rpm:license>\\n    <rpm:vendor />\\n    <rpm:group>Internet/Applications</rpm:group>\\n    <rpm:buildhost>dhcp-26-118.brq.redhat.com</rpm:buildhost>\\n    <rpm:sourcerpm>elephant-0.3-0.8.src.rpm</rpm:sourcerpm>\\n    <rpm:header-range end=\\\"2028\\\" start=\\\"280\\\" />\\n    <rpm:provides>\\n      <rpm:entry epoch=\\\"0\\\" flags=\\\"EQ\\\" name=\\\"elephant\\\" rel=\\\"0.8\\\" ver=\\\"0.3\\\" />\\n    </rpm:provides>\\n    <rpm:requires>\\n      <rpm:entry name=\\\"/bin/sh\\\" pre=\\\"1\\\" />\\n    </rpm:requires>\\n  </format>\\n</package>\\n\"}, \"description\": \"A dummy package of elephant\", \"time\": 1321891027, \"header_range\": {\"start\": 280, \"end\": 2028}, \"release_sort_index\": \"01-0.01-8\", \"arch\": \"noarch\", \"name\": \"elephant\", \"_storage_path\": \"/var/lib/pulp/content/rpm/elephant/0.3/0.8/noarch/3e1c70cd1b421328acaf6397cb3d16145306bb95f65d1b095fc31372a0a701f3/elephant-0.3-0.8.noarch.rpm\", \"sourcerpm\": \"elephant-0.3-0.8.src.rpm\", \"checksumtype\": \"sha256\", \"license\": \"GPLv2\", \"changelog\": [], \"url\": \"http://tstrachota.fedorapeople.org\", \"checksum\": \"3e1c70cd1b421328acaf6397cb3d16145306bb95f65d1b095fc31372a0a701f3\", \"summary\": \"A dummy package of elephant\", \"relativepath\": \"elephant-0.3-0.8.noarch.rpm\", \"release\": \"0.8\", \"_id\": \"f8d17bb6-1a5f-47e7-8ede-f56c9594a5d0\", \"requires\": [{\"release\": null, \"epoch\": null, \"version\": null, \"flags\": null, \"name\": \"/bin/sh\"}]}}, {\"updated\": \"2013-07-09T04:54:04Z\", \"repo_id\": \"integration_test_id_clone\", \"created\": \"2013-07-09T04:54:04Z\", \"_ns\": \"repo_content_units\", \"unit_id\": \"d3f2e18d-5327-472a-9fe8-e40d033de53b\", \"unit_type_id\": \"rpm\", \"owner_type\": \"user\", \"_id\": {\"$oid\": \"51db5f2cd60ea36250a04e57\"}, \"id\": \"51db5f2cd60ea36250a04e57\", \"owner_id\": \"admin\", \"metadata\": {\"build_time\": 1308257414, \"buildhost\": \"dhcp-26-118.brq.redhat.com\", \"_content_type_id\": \"rpm\", \"vendor\": null, \"size\": 2236, \"group\": \"Internet/Applications\", \"_ns\": \"units_rpm\", \"relative_url_path\": null, \"filename\": \"giraffe-0.3-0.8.noarch.rpm\", \"epoch\": \"0\", \"version\": \"0.3\", \"version_sort_index\": \"01-0.01-3\", \"provides\": [{\"release\": \"0.8\", \"epoch\": \"0\", \"version\": \"0.3\", \"flags\": \"EQ\", \"name\": \"giraffe\"}], \"files\": {\"file\": [\"//giraffe.txt\"], \"dir\": []}, \"repodata\": {\"filelists\": \"<package arch=\\\"noarch\\\" name=\\\"giraffe\\\" pkgid=\\\"f25d67d1d9da04f12e57ca323247b43891ac46533e355b82de6d1922009f9f14\\\">\\n    <version epoch=\\\"0\\\" rel=\\\"0.8\\\" ver=\\\"0.3\\\" />\\n\\n    <file>//giraffe.txt</file>\\n</package>\\n\\n\", \"other\": \"<package arch=\\\"noarch\\\" name=\\\"giraffe\\\" pkgid=\\\"f25d67d1d9da04f12e57ca323247b43891ac46533e355b82de6d1922009f9f14\\\">\\n    <version epoch=\\\"0\\\" rel=\\\"0.8\\\" ver=\\\"0.3\\\" />\\n\\n</package>\\n\\n\", \"primary\": \"<package type=\\\"rpm\\\">\\n  <name>giraffe</name>\\n  <arch>noarch</arch>\\n  <version epoch=\\\"0\\\" rel=\\\"0.8\\\" ver=\\\"0.3\\\" />\\n  <checksum pkgid=\\\"YES\\\" type=\\\"sha256\\\">f25d67d1d9da04f12e57ca323247b43891ac46533e355b82de6d1922009f9f14</checksum>\\n  <summary>A dummy package of giraffe</summary>\\n  <description>A dummy package of giraffe</description>\\n  <packager />\\n  <url>http://tstrachota.fedorapeople.org</url>\\n  <time build=\\\"1308257414\\\" file=\\\"1321891027\\\" />\\n  <size archive=\\\"292\\\" installed=\\\"42\\\" package=\\\"2236\\\" />\\n<location href=\\\"giraffe-0.3-0.8.noarch.rpm\\\" />\\n  <format>\\n    <rpm:license>GPLv2</rpm:license>\\n    <rpm:vendor />\\n    <rpm:group>Internet/Applications</rpm:group>\\n    <rpm:buildhost>dhcp-26-118.brq.redhat.com</rpm:buildhost>\\n    <rpm:sourcerpm>giraffe-0.3-0.8.src.rpm</rpm:sourcerpm>\\n    <rpm:header-range end=\\\"2016\\\" start=\\\"280\\\" />\\n    <rpm:provides>\\n      <rpm:entry epoch=\\\"0\\\" flags=\\\"EQ\\\" name=\\\"giraffe\\\" rel=\\\"0.8\\\" ver=\\\"0.3\\\" />\\n    </rpm:provides>\\n    <rpm:requires>\\n      <rpm:entry name=\\\"/bin/sh\\\" pre=\\\"1\\\" />\\n    </rpm:requires>\\n  </format>\\n</package>\\n\"}, \"description\": \"A dummy package of giraffe\", \"time\": 1321891027, \"header_range\": {\"start\": 280, \"end\": 2016}, \"release_sort_index\": \"01-0.01-8\", \"arch\": \"noarch\", \"name\": \"giraffe\", \"_storage_path\": \"/var/lib/pulp/content/rpm/giraffe/0.3/0.8/noarch/f25d67d1d9da04f12e57ca323247b43891ac46533e355b82de6d1922009f9f14/giraffe-0.3-0.8.noarch.rpm\", \"sourcerpm\": \"giraffe-0.3-0.8.src.rpm\", \"checksumtype\": \"sha256\", \"license\": \"GPLv2\", \"changelog\": [], \"url\": \"http://tstrachota.fedorapeople.org\", \"checksum\": \"f25d67d1d9da04f12e57ca323247b43891ac46533e355b82de6d1922009f9f14\", \"summary\": \"A dummy package of giraffe\", \"relativepath\": \"giraffe-0.3-0.8.noarch.rpm\", \"release\": \"0.8\", \"_id\": \"d3f2e18d-5327-472a-9fe8-e40d033de53b\", \"requires\": [{\"release\": null, \"epoch\": null, \"version\": null, \"flags\": null, \"name\": \"/bin/sh\"}]}}, {\"updated\": \"2013-07-09T04:54:04Z\", \"repo_id\": \"integration_test_id_clone\", \"created\": \"2013-07-09T04:54:04Z\", \"_ns\": \"repo_content_units\", \"unit_id\": \"0c61d3dd-5831-4de6-993f-cfff9e9d3744\", \"unit_type_id\": \"rpm\", \"owner_type\": \"user\", \"_id\": {\"$oid\": \"51db5f2cd60ea36250a04e5c\"}, \"id\": \"51db5f2cd60ea36250a04e5c\", \"owner_id\": \"admin\", \"metadata\": {\"build_time\": 1308257455, \"buildhost\": \"dhcp-26-118.brq.redhat.com\", \"_content_type_id\": \"rpm\", \"vendor\": null, \"size\": 2212, \"group\": \"Internet/Applications\", \"_ns\": \"units_rpm\", \"relative_url_path\": null, \"filename\": \"lion-0.3-0.8.noarch.rpm\", \"epoch\": \"0\", \"version\": \"0.3\", \"version_sort_index\": \"01-0.01-3\", \"provides\": [{\"release\": \"0.8\", \"epoch\": \"0\", \"version\": \"0.3\", \"flags\": \"EQ\", \"name\": \"lion\"}], \"files\": {\"file\": [\"//lion.txt\"], \"dir\": []}, \"repodata\": {\"filelists\": \"<package arch=\\\"noarch\\\" name=\\\"lion\\\" pkgid=\\\"12400dc95c23a4c160725a908716cd3fcdd7a8981585437ab64cd62efa3e4ae4\\\">\\n    <version epoch=\\\"0\\\" rel=\\\"0.8\\\" ver=\\\"0.3\\\" />\\n\\n    <file>//lion.txt</file>\\n</package>\\n\\n\", \"other\": \"<package arch=\\\"noarch\\\" name=\\\"lion\\\" pkgid=\\\"12400dc95c23a4c160725a908716cd3fcdd7a8981585437ab64cd62efa3e4ae4\\\">\\n    <version epoch=\\\"0\\\" rel=\\\"0.8\\\" ver=\\\"0.3\\\" />\\n\\n</package>\\n\\n\", \"primary\": \"<package type=\\\"rpm\\\">\\n  <name>lion</name>\\n  <arch>noarch</arch>\\n  <version epoch=\\\"0\\\" rel=\\\"0.8\\\" ver=\\\"0.3\\\" />\\n  <checksum pkgid=\\\"YES\\\" type=\\\"sha256\\\">12400dc95c23a4c160725a908716cd3fcdd7a8981585437ab64cd62efa3e4ae4</checksum>\\n  <summary>A dummy package of lion</summary>\\n  <description>A dummy package of lion</description>\\n  <packager />\\n  <url>http://tstrachota.fedorapeople.org</url>\\n  <time build=\\\"1308257455\\\" file=\\\"1321891028\\\" />\\n  <size archive=\\\"292\\\" installed=\\\"42\\\" package=\\\"2212\\\" />\\n<location href=\\\"lion-0.3-0.8.noarch.rpm\\\" />\\n  <format>\\n    <rpm:license>GPLv2</rpm:license>\\n    <rpm:vendor />\\n    <rpm:group>Internet/Applications</rpm:group>\\n    <rpm:buildhost>dhcp-26-118.brq.redhat.com</rpm:buildhost>\\n    <rpm:sourcerpm>lion-0.3-0.8.src.rpm</rpm:sourcerpm>\\n    <rpm:header-range end=\\\"2000\\\" start=\\\"280\\\" />\\n    <rpm:provides>\\n      <rpm:entry epoch=\\\"0\\\" flags=\\\"EQ\\\" name=\\\"lion\\\" rel=\\\"0.8\\\" ver=\\\"0.3\\\" />\\n    </rpm:provides>\\n    <rpm:requires>\\n      <rpm:entry name=\\\"/bin/sh\\\" pre=\\\"1\\\" />\\n    </rpm:requires>\\n  </format>\\n</package>\\n\"}, \"description\": \"A dummy package of lion\", \"time\": 1321891028, \"header_range\": {\"start\": 280, \"end\": 2000}, \"release_sort_index\": \"01-0.01-8\", \"arch\": \"noarch\", \"name\": \"lion\", \"_storage_path\": \"/var/lib/pulp/content/rpm/lion/0.3/0.8/noarch/12400dc95c23a4c160725a908716cd3fcdd7a8981585437ab64cd62efa3e4ae4/lion-0.3-0.8.noarch.rpm\", \"sourcerpm\": \"lion-0.3-0.8.src.rpm\", \"checksumtype\": \"sha256\", \"license\": \"GPLv2\", \"changelog\": [], \"url\": \"http://tstrachota.fedorapeople.org\", \"checksum\": \"12400dc95c23a4c160725a908716cd3fcdd7a8981585437ab64cd62efa3e4ae4\", \"summary\": \"A dummy package of lion\", \"relativepath\": \"lion-0.3-0.8.noarch.rpm\", \"release\": \"0.8\", \"_id\": \"0c61d3dd-5831-4de6-993f-cfff9e9d3744\", \"requires\": [{\"release\": null, \"epoch\": null, \"version\": null, \"flags\": null, \"name\": \"/bin/sh\"}]}}, {\"updated\": \"2013-07-09T04:54:04Z\", \"repo_id\": \"integration_test_id_clone\", \"created\": \"2013-07-09T04:54:04Z\", \"_ns\": \"repo_content_units\", \"unit_id\": \"02cd64dd-4e0b-425a-8c62-0cdb48277b17\", \"unit_type_id\": \"rpm\", \"owner_type\": \"user\", \"_id\": {\"$oid\": \"51db5f2cd60ea36250a04e5d\"}, \"id\": \"51db5f2cd60ea36250a04e5d\", \"owner_id\": \"admin\", \"metadata\": {\"build_time\": 1308257260, \"buildhost\": \"dhcp-26-118.brq.redhat.com\", \"_content_type_id\": \"rpm\", \"vendor\": null, \"size\": 2232, \"group\": \"Internet/Applications\", \"_ns\": \"units_rpm\", \"relative_url_path\": null, \"filename\": \"monkey-0.3-0.8.noarch.rpm\", \"epoch\": \"0\", \"version\": \"0.3\", \"version_sort_index\": \"01-0.01-3\", \"provides\": [{\"release\": \"0.8\", \"epoch\": \"0\", \"version\": \"0.3\", \"flags\": \"EQ\", \"name\": \"monkey\"}], \"files\": {\"file\": [\"//monkey.txt\"], \"dir\": []}, \"repodata\": {\"filelists\": \"<package arch=\\\"noarch\\\" name=\\\"monkey\\\" pkgid=\\\"0e8fa50d0128fbabc7ccc5632e3fa25d39b0280169f6166cb8e2c84de8501db1\\\">\\n    <version epoch=\\\"0\\\" rel=\\\"0.8\\\" ver=\\\"0.3\\\" />\\n\\n    <file>//monkey.txt</file>\\n</package>\\n\\n\", \"other\": \"<package arch=\\\"noarch\\\" name=\\\"monkey\\\" pkgid=\\\"0e8fa50d0128fbabc7ccc5632e3fa25d39b0280169f6166cb8e2c84de8501db1\\\">\\n    <version epoch=\\\"0\\\" rel=\\\"0.8\\\" ver=\\\"0.3\\\" />\\n\\n</package>\\n\\n\", \"primary\": \"<package type=\\\"rpm\\\">\\n  <name>monkey</name>\\n  <arch>noarch</arch>\\n  <version epoch=\\\"0\\\" rel=\\\"0.8\\\" ver=\\\"0.3\\\" />\\n  <checksum pkgid=\\\"YES\\\" type=\\\"sha256\\\">0e8fa50d0128fbabc7ccc5632e3fa25d39b0280169f6166cb8e2c84de8501db1</checksum>\\n  <summary>A dummy package of monkey</summary>\\n  <description>A dummy package of monkey</description>\\n  <packager />\\n  <url>http://tstrachota.fedorapeople.org</url>\\n  <time build=\\\"1308257260\\\" file=\\\"1321891029\\\" />\\n  <size archive=\\\"292\\\" installed=\\\"42\\\" package=\\\"2232\\\" />\\n<location href=\\\"monkey-0.3-0.8.noarch.rpm\\\" />\\n  <format>\\n    <rpm:license>GPLv2</rpm:license>\\n    <rpm:vendor />\\n    <rpm:group>Internet/Applications</rpm:group>\\n    <rpm:buildhost>dhcp-26-118.brq.redhat.com</rpm:buildhost>\\n    <rpm:sourcerpm>monkey-0.3-0.8.src.rpm</rpm:sourcerpm>\\n    <rpm:header-range end=\\\"2016\\\" start=\\\"280\\\" />\\n    <rpm:provides>\\n      <rpm:entry epoch=\\\"0\\\" flags=\\\"EQ\\\" name=\\\"monkey\\\" rel=\\\"0.8\\\" ver=\\\"0.3\\\" />\\n    </rpm:provides>\\n    <rpm:requires>\\n      <rpm:entry name=\\\"/bin/sh\\\" pre=\\\"1\\\" />\\n    </rpm:requires>\\n  </format>\\n</package>\\n\"}, \"description\": \"A dummy package of monkey\", \"time\": 1321891029, \"header_range\": {\"start\": 280, \"end\": 2016}, \"release_sort_index\": \"01-0.01-8\", \"arch\": \"noarch\", \"name\": \"monkey\", \"_storage_path\": \"/var/lib/pulp/content/rpm/monkey/0.3/0.8/noarch/0e8fa50d0128fbabc7ccc5632e3fa25d39b0280169f6166cb8e2c84de8501db1/monkey-0.3-0.8.noarch.rpm\", \"sourcerpm\": \"monkey-0.3-0.8.src.rpm\", \"checksumtype\": \"sha256\", \"license\": \"GPLv2\", \"changelog\": [], \"url\": \"http://tstrachota.fedorapeople.org\", \"checksum\": \"0e8fa50d0128fbabc7ccc5632e3fa25d39b0280169f6166cb8e2c84de8501db1\", \"summary\": \"A dummy package of monkey\", \"relativepath\": \"monkey-0.3-0.8.noarch.rpm\", \"release\": \"0.8\", \"_id\": \"02cd64dd-4e0b-425a-8c62-0cdb48277b17\", \"requires\": [{\"release\": null, \"epoch\": null, \"version\": null, \"flags\": null, \"name\": \"/bin/sh\"}]}}, {\"updated\": \"2013-07-09T04:54:04Z\", \"repo_id\": \"integration_test_id_clone\", \"created\": \"2013-07-09T04:54:04Z\", \"_ns\": \"repo_content_units\", \"unit_id\": \"2d70c78c-d656-4169-abef-907a18417c3b\", \"unit_type_id\": \"rpm\", \"owner_type\": \"user\", \"_id\": {\"$oid\": \"51db5f2cd60ea36250a04e5b\"}, \"id\": \"51db5f2cd60ea36250a04e5b\", \"owner_id\": \"admin\", \"metadata\": {\"build_time\": 1308257460, \"buildhost\": \"dhcp-26-118.brq.redhat.com\", \"_content_type_id\": \"rpm\", \"vendor\": null, \"size\": 2232, \"group\": \"Internet/Applications\", \"_ns\": \"units_rpm\", \"relative_url_path\": null, \"filename\": \"penguin-0.3-0.8.noarch.rpm\", \"epoch\": \"0\", \"version\": \"0.3\", \"version_sort_index\": \"01-0.01-3\", \"provides\": [{\"release\": \"0.8\", \"epoch\": \"0\", \"version\": \"0.3\", \"flags\": \"EQ\", \"name\": \"penguin\"}], \"files\": {\"file\": [\"//penguin.txt\"], \"dir\": []}, \"repodata\": {\"filelists\": \"<package arch=\\\"noarch\\\" name=\\\"penguin\\\" pkgid=\\\"3fcb2c927de9e13bf68469032a28b139d3e5ad2e58564fc210fd6e48635be694\\\">\\n    <version epoch=\\\"0\\\" rel=\\\"0.8\\\" ver=\\\"0.3\\\" />\\n\\n    <file>//penguin.txt</file>\\n</package>\\n\\n\", \"other\": \"<package arch=\\\"noarch\\\" name=\\\"penguin\\\" pkgid=\\\"3fcb2c927de9e13bf68469032a28b139d3e5ad2e58564fc210fd6e48635be694\\\">\\n    <version epoch=\\\"0\\\" rel=\\\"0.8\\\" ver=\\\"0.3\\\" />\\n\\n</package>\\n\\n\", \"primary\": \"<package type=\\\"rpm\\\">\\n  <name>penguin</name>\\n  <arch>noarch</arch>\\n  <version epoch=\\\"0\\\" rel=\\\"0.8\\\" ver=\\\"0.3\\\" />\\n  <checksum pkgid=\\\"YES\\\" type=\\\"sha256\\\">3fcb2c927de9e13bf68469032a28b139d3e5ad2e58564fc210fd6e48635be694</checksum>\\n  <summary>A dummy package of penguin</summary>\\n  <description>A dummy package of penguin</description>\\n  <packager />\\n  <url>http://tstrachota.fedorapeople.org</url>\\n  <time build=\\\"1308257460\\\" file=\\\"1321891029\\\" />\\n  <size archive=\\\"292\\\" installed=\\\"42\\\" package=\\\"2232\\\" />\\n<location href=\\\"penguin-0.3-0.8.noarch.rpm\\\" />\\n  <format>\\n    <rpm:license>GPLv2</rpm:license>\\n    <rpm:vendor />\\n    <rpm:group>Internet/Applications</rpm:group>\\n    <rpm:buildhost>dhcp-26-118.brq.redhat.com</rpm:buildhost>\\n    <rpm:sourcerpm>penguin-0.3-0.8.src.rpm</rpm:sourcerpm>\\n    <rpm:header-range end=\\\"2016\\\" start=\\\"280\\\" />\\n    <rpm:provides>\\n      <rpm:entry epoch=\\\"0\\\" flags=\\\"EQ\\\" name=\\\"penguin\\\" rel=\\\"0.8\\\" ver=\\\"0.3\\\" />\\n    </rpm:provides>\\n    <rpm:requires>\\n      <rpm:entry name=\\\"/bin/sh\\\" pre=\\\"1\\\" />\\n    </rpm:requires>\\n  </format>\\n</package>\\n\"}, \"description\": \"A dummy package of penguin\", \"time\": 1321891029, \"header_range\": {\"start\": 280, \"end\": 2016}, \"release_sort_index\": \"01-0.01-8\", \"arch\": \"noarch\", \"name\": \"penguin\", \"_storage_path\": \"/var/lib/pulp/content/rpm/penguin/0.3/0.8/noarch/3fcb2c927de9e13bf68469032a28b139d3e5ad2e58564fc210fd6e48635be694/penguin-0.3-0.8.noarch.rpm\", \"sourcerpm\": \"penguin-0.3-0.8.src.rpm\", \"checksumtype\": \"sha256\", \"license\": \"GPLv2\", \"changelog\": [], \"url\": \"http://tstrachota.fedorapeople.org\", \"checksum\": \"3fcb2c927de9e13bf68469032a28b139d3e5ad2e58564fc210fd6e48635be694\", \"summary\": \"A dummy package of penguin\", \"relativepath\": \"penguin-0.3-0.8.noarch.rpm\", \"release\": \"0.8\", \"_id\": \"2d70c78c-d656-4169-abef-907a18417c3b\", \"requires\": [{\"release\": null, \"epoch\": null, \"version\": null, \"flags\": null, \"name\": \"/bin/sh\"}]}}, {\"updated\": \"2013-07-09T04:54:04Z\", \"repo_id\": \"integration_test_id_clone\", \"created\": \"2013-07-09T04:54:04Z\", \"_ns\": \"repo_content_units\", \"unit_id\": \"c96473da-7b64-4869-b495-12cde38def09\", \"unit_type_id\": \"rpm\", \"owner_type\": \"user\", \"_id\": {\"$oid\": \"51db5f2cd60ea36250a04e59\"}, \"id\": \"51db5f2cd60ea36250a04e59\", \"owner_id\": \"admin\", \"metadata\": {\"build_time\": 1308257502, \"buildhost\": \"dhcp-26-118.brq.redhat.com\", \"_content_type_id\": \"rpm\", \"vendor\": null, \"size\": 2248, \"group\": \"Internet/Applications\", \"_ns\": \"units_rpm\", \"relative_url_path\": null, \"filename\": \"squirrel-0.3-0.8.noarch.rpm\", \"epoch\": \"0\", \"version\": \"0.3\", \"version_sort_index\": \"01-0.01-3\", \"provides\": [{\"release\": \"0.8\", \"epoch\": \"0\", \"version\": \"0.3\", \"flags\": \"EQ\", \"name\": \"squirrel\"}], \"files\": {\"file\": [\"//squirrel.txt\"], \"dir\": []}, \"repodata\": {\"filelists\": \"<package arch=\\\"noarch\\\" name=\\\"squirrel\\\" pkgid=\\\"251768bdd15f13d78487c27638aa6aecd01551e253756093cde1c0ae878a17d2\\\">\\n    <version epoch=\\\"0\\\" rel=\\\"0.8\\\" ver=\\\"0.3\\\" />\\n\\n    <file>//squirrel.txt</file>\\n</package>\\n\\n\", \"other\": \"<package arch=\\\"noarch\\\" name=\\\"squirrel\\\" pkgid=\\\"251768bdd15f13d78487c27638aa6aecd01551e253756093cde1c0ae878a17d2\\\">\\n    <version epoch=\\\"0\\\" rel=\\\"0.8\\\" ver=\\\"0.3\\\" />\\n\\n</package>\\n\\n\", \"primary\": \"<package type=\\\"rpm\\\">\\n  <name>squirrel</name>\\n  <arch>noarch</arch>\\n  <version epoch=\\\"0\\\" rel=\\\"0.8\\\" ver=\\\"0.3\\\" />\\n  <checksum pkgid=\\\"YES\\\" type=\\\"sha256\\\">251768bdd15f13d78487c27638aa6aecd01551e253756093cde1c0ae878a17d2</checksum>\\n  <summary>A dummy package of squirrel</summary>\\n  <description>A dummy package of squirrel</description>\\n  <packager />\\n  <url>http://tstrachota.fedorapeople.org</url>\\n  <time build=\\\"1308257502\\\" file=\\\"1321891029\\\" />\\n  <size archive=\\\"296\\\" installed=\\\"42\\\" package=\\\"2248\\\" />\\n<location href=\\\"squirrel-0.3-0.8.noarch.rpm\\\" />\\n  <format>\\n    <rpm:license>GPLv2</rpm:license>\\n    <rpm:vendor />\\n    <rpm:group>Internet/Applications</rpm:group>\\n    <rpm:buildhost>dhcp-26-118.brq.redhat.com</rpm:buildhost>\\n    <rpm:sourcerpm>squirrel-0.3-0.8.src.rpm</rpm:sourcerpm>\\n    <rpm:header-range end=\\\"2028\\\" start=\\\"280\\\" />\\n    <rpm:provides>\\n      <rpm:entry epoch=\\\"0\\\" flags=\\\"EQ\\\" name=\\\"squirrel\\\" rel=\\\"0.8\\\" ver=\\\"0.3\\\" />\\n    </rpm:provides>\\n    <rpm:requires>\\n      <rpm:entry name=\\\"/bin/sh\\\" pre=\\\"1\\\" />\\n    </rpm:requires>\\n  </format>\\n</package>\\n\"}, \"description\": \"A dummy package of squirrel\", \"time\": 1321891029, \"header_range\": {\"start\": 280, \"end\": 2028}, \"release_sort_index\": \"01-0.01-8\", \"arch\": \"noarch\", \"name\": \"squirrel\", \"_storage_path\": \"/var/lib/pulp/content/rpm/squirrel/0.3/0.8/noarch/251768bdd15f13d78487c27638aa6aecd01551e253756093cde1c0ae878a17d2/squirrel-0.3-0.8.noarch.rpm\", \"sourcerpm\": \"squirrel-0.3-0.8.src.rpm\", \"checksumtype\": \"sha256\", \"license\": \"GPLv2\", \"changelog\": [], \"url\": \"http://tstrachota.fedorapeople.org\", \"checksum\": \"251768bdd15f13d78487c27638aa6aecd01551e253756093cde1c0ae878a17d2\", \"summary\": \"A dummy package of squirrel\", \"relativepath\": \"squirrel-0.3-0.8.noarch.rpm\", \"release\": \"0.8\", \"_id\": \"c96473da-7b64-4869-b495-12cde38def09\", \"requires\": [{\"release\": null, \"epoch\": null, \"version\": null, \"flags\": null, \"name\": \"/bin/sh\"}]}}, {\"updated\": \"2013-07-09T04:54:04Z\", \"repo_id\": \"integration_test_id_clone\", \"created\": \"2013-07-09T04:54:04Z\", \"_ns\": \"repo_content_units\", \"unit_id\": \"cecf9e20-7315-44f4-bab9-f926b8020dad\", \"unit_type_id\": \"rpm\", \"owner_type\": \"user\", \"_id\": {\"$oid\": \"51db5f2cd60ea36250a04e58\"}, \"id\": \"51db5f2cd60ea36250a04e58\", \"owner_id\": \"admin\", \"metadata\": {\"build_time\": 1308257449, \"buildhost\": \"dhcp-26-118.brq.redhat.com\", \"_content_type_id\": \"rpm\", \"vendor\": null, \"size\": 2236, \"group\": \"Internet/Applications\", \"_ns\": \"units_rpm\", \"relative_url_path\": null, \"filename\": \"walrus-0.3-0.8.noarch.rpm\", \"epoch\": \"0\", \"version\": \"0.3\", \"version_sort_index\": \"01-0.01-3\", \"provides\": [{\"release\": \"0.8\", \"epoch\": \"0\", \"version\": \"0.3\", \"flags\": \"EQ\", \"name\": \"walrus\"}], \"files\": {\"file\": [\"//walrus.txt\"], \"dir\": []}, \"repodata\": {\"filelists\": \"<package arch=\\\"noarch\\\" name=\\\"walrus\\\" pkgid=\\\"6e8d6dc057e3e2c9819f0dc7e6c7b7f86bf2e8571bba414adec7fb621a461dfd\\\">\\n    <version epoch=\\\"0\\\" rel=\\\"0.8\\\" ver=\\\"0.3\\\" />\\n\\n    <file>//walrus.txt</file>\\n</package>\\n\\n\", \"other\": \"<package arch=\\\"noarch\\\" name=\\\"walrus\\\" pkgid=\\\"6e8d6dc057e3e2c9819f0dc7e6c7b7f86bf2e8571bba414adec7fb621a461dfd\\\">\\n    <version epoch=\\\"0\\\" rel=\\\"0.8\\\" ver=\\\"0.3\\\" />\\n\\n</package>\\n\\n\", \"primary\": \"<package type=\\\"rpm\\\">\\n  <name>walrus</name>\\n  <arch>noarch</arch>\\n  <version epoch=\\\"0\\\" rel=\\\"0.8\\\" ver=\\\"0.3\\\" />\\n  <checksum pkgid=\\\"YES\\\" type=\\\"sha256\\\">6e8d6dc057e3e2c9819f0dc7e6c7b7f86bf2e8571bba414adec7fb621a461dfd</checksum>\\n  <summary>A dummy package of walrus</summary>\\n  <description>A dummy package of walrus</description>\\n  <packager />\\n  <url>http://tstrachota.fedorapeople.org</url>\\n  <time build=\\\"1308257449\\\" file=\\\"1321891030\\\" />\\n  <size archive=\\\"292\\\" installed=\\\"42\\\" package=\\\"2236\\\" />\\n<location href=\\\"walrus-0.3-0.8.noarch.rpm\\\" />\\n  <format>\\n    <rpm:license>GPLv2</rpm:license>\\n    <rpm:vendor />\\n    <rpm:group>Internet/Applications</rpm:group>\\n    <rpm:buildhost>dhcp-26-118.brq.redhat.com</rpm:buildhost>\\n    <rpm:sourcerpm>walrus-0.3-0.8.src.rpm</rpm:sourcerpm>\\n    <rpm:header-range end=\\\"2016\\\" start=\\\"280\\\" />\\n    <rpm:provides>\\n      <rpm:entry epoch=\\\"0\\\" flags=\\\"EQ\\\" name=\\\"walrus\\\" rel=\\\"0.8\\\" ver=\\\"0.3\\\" />\\n    </rpm:provides>\\n    <rpm:requires>\\n      <rpm:entry name=\\\"/bin/sh\\\" pre=\\\"1\\\" />\\n    </rpm:requires>\\n  </format>\\n</package>\\n\"}, \"description\": \"A dummy package of walrus\", \"time\": 1321891030, \"header_range\": {\"start\": 280, \"end\": 2016}, \"release_sort_index\": \"01-0.01-8\", \"arch\": \"noarch\", \"name\": \"walrus\", \"_storage_path\": \"/var/lib/pulp/content/rpm/walrus/0.3/0.8/noarch/6e8d6dc057e3e2c9819f0dc7e6c7b7f86bf2e8571bba414adec7fb621a461dfd/walrus-0.3-0.8.noarch.rpm\", \"sourcerpm\": \"walrus-0.3-0.8.src.rpm\", \"checksumtype\": \"sha256\", \"license\": \"GPLv2\", \"changelog\": [], \"url\": \"http://tstrachota.fedorapeople.org\", \"checksum\": \"6e8d6dc057e3e2c9819f0dc7e6c7b7f86bf2e8571bba414adec7fb621a461dfd\", \"summary\": \"A dummy package of walrus\", \"relativepath\": \"walrus-0.3-0.8.noarch.rpm\", \"release\": \"0.8\", \"_id\": \"cecf9e20-7315-44f4-bab9-f926b8020dad\", \"requires\": [{\"release\": null, \"epoch\": null, \"version\": null, \"flags\": null, \"name\": \"/bin/sh\"}]}}]"
    http_version: 
  recorded_at: Tue, 09 Jul 2013 00:54:15 GMT
- request: 
    method: post
    uri: https://admin:admin@f18/pulp/api/v2/repositories/integration_test_id_clone/actions/unassociate/
    body: 
      encoding: US-ASCII
      string: "{\"criteria\":{\"type_ids\":[\"rpm\"],\"filters\":{\"association\":{\"unit_id\":{\"$in\":[\"8f8cd6ce-74ba-4dd2-9851-9dc07d874e48\"]}}}}}"
    headers: 
      Accept: 
      - application/json
      Accept-Encoding: 
      - gzip, deflate
      Content-Type: 
      - application/json
      Content-Length: 
      - "120"
      User-Agent: 
      - Ruby
  response: 
    status: 
      code: 202
      message: Accepted
    headers: 
      Date: 
      - Tue, 09 Jul 2013 00:54:15 GMT
      Server: 
      - Apache/2.4.4 (Fedora) OpenSSL/1.0.1e-fips mod_wsgi/3.4 Python/2.7.3
      Content-Encoding: 
      - utf-8
      Content-Length: 
      - "656"
      Content-Type: 
      - application/json
    body: 
      encoding: US-ASCII
      string: "{\"task_group_id\": null, \"exception\": null, \"traceback\": null, \"_href\": \"/pulp/api/v2/tasks/3b1cadbb-5fb8-43d9-9785-6db80fc938d0/\", \"task_id\": \"3b1cadbb-5fb8-43d9-9785-6db80fc938d0\", \"call_request_tags\": [\"pulp:repository:integration_test_id_clone\", \"pulp:action:unassociate\"], \"reasons\": [], \"start_time\": null, \"tags\": [\"pulp:repository:integration_test_id_clone\", \"pulp:action:unassociate\"], \"state\": \"waiting\", \"finish_time\": null, \"dependency_failures\": {}, \"schedule_id\": null, \"progress\": {}, \"call_request_group_id\": null, \"call_request_id\": \"3b1cadbb-5fb8-43d9-9785-6db80fc938d0\", \"principal_login\": \"admin\", \"response\": \"accepted\", \"result\": null}"
    http_version: 
  recorded_at: Tue, 09 Jul 2013 00:54:15 GMT
- request: 
    method: post
    uri: https://admin:admin@f18/pulp/api/v2/repositories/integration_test_id_clone/search/units/
    body: 
      encoding: US-ASCII
      string: "{\"criteria\":{\"type_ids\":[\"rpm\"]}}"
    headers: 
      Accept: 
      - application/json
      Accept-Encoding: 
      - gzip, deflate
      Content-Type: 
      - application/json
      Content-Length: 
      - "33"
      User-Agent: 
      - Ruby
  response: 
    status: 
      code: 200
      message: OK
    headers: 
      Date: 
      - Tue, 09 Jul 2013 00:54:24 GMT
      Server: 
      - Apache/2.4.4 (Fedora) OpenSSL/1.0.1e-fips mod_wsgi/3.4 Python/2.7.3
      Content-Length: 
      - "22483"
      Content-Type: 
      - application/json
    body: 
      encoding: US-ASCII
      string: "[{\"updated\": \"2013-07-09T04:54:04Z\", \"repo_id\": \"integration_test_id_clone\", \"created\": \"2013-07-09T04:54:04Z\", \"_ns\": \"repo_content_units\", \"unit_id\": \"f8d17bb6-1a5f-47e7-8ede-f56c9594a5d0\", \"unit_type_id\": \"rpm\", \"owner_type\": \"user\", \"_id\": {\"$oid\": \"51db5f2cd60ea36250a04e56\"}, \"id\": \"51db5f2cd60ea36250a04e56\", \"owner_id\": \"admin\", \"metadata\": {\"build_time\": 1308257466, \"buildhost\": \"dhcp-26-118.brq.redhat.com\", \"_content_type_id\": \"rpm\", \"vendor\": null, \"size\": 2244, \"group\": \"Internet/Applications\", \"_ns\": \"units_rpm\", \"relative_url_path\": null, \"filename\": \"elephant-0.3-0.8.noarch.rpm\", \"epoch\": \"0\", \"version\": \"0.3\", \"version_sort_index\": \"01-0.01-3\", \"provides\": [{\"release\": \"0.8\", \"epoch\": \"0\", \"version\": \"0.3\", \"flags\": \"EQ\", \"name\": \"elephant\"}], \"files\": {\"file\": [\"//elephant.txt\"], \"dir\": []}, \"repodata\": {\"filelists\": \"<package arch=\\\"noarch\\\" name=\\\"elephant\\\" pkgid=\\\"3e1c70cd1b421328acaf6397cb3d16145306bb95f65d1b095fc31372a0a701f3\\\">\\n    <version epoch=\\\"0\\\" rel=\\\"0.8\\\" ver=\\\"0.3\\\" />\\n\\n    <file>//elephant.txt</file>\\n</package>\\n\\n\", \"other\": \"<package arch=\\\"noarch\\\" name=\\\"elephant\\\" pkgid=\\\"3e1c70cd1b421328acaf6397cb3d16145306bb95f65d1b095fc31372a0a701f3\\\">\\n    <version epoch=\\\"0\\\" rel=\\\"0.8\\\" ver=\\\"0.3\\\" />\\n\\n</package>\\n\\n\", \"primary\": \"<package type=\\\"rpm\\\">\\n  <name>elephant</name>\\n  <arch>noarch</arch>\\n  <version epoch=\\\"0\\\" rel=\\\"0.8\\\" ver=\\\"0.3\\\" />\\n  <checksum pkgid=\\\"YES\\\" type=\\\"sha256\\\">3e1c70cd1b421328acaf6397cb3d16145306bb95f65d1b095fc31372a0a701f3</checksum>\\n  <summary>A dummy package of elephant</summary>\\n  <description>A dummy package of elephant</description>\\n  <packager />\\n  <url>http://tstrachota.fedorapeople.org</url>\\n  <time build=\\\"1308257466\\\" file=\\\"1321891027\\\" />\\n  <size archive=\\\"296\\\" installed=\\\"42\\\" package=\\\"2244\\\" />\\n<location href=\\\"elephant-0.3-0.8.noarch.rpm\\\" />\\n  <format>\\n    <rpm:license>GPLv2</rpm:license>\\n    <rpm:vendor />\\n    <rpm:group>Internet/Applications</rpm:group>\\n    <rpm:buildhost>dhcp-26-118.brq.redhat.com</rpm:buildhost>\\n    <rpm:sourcerpm>elephant-0.3-0.8.src.rpm</rpm:sourcerpm>\\n    <rpm:header-range end=\\\"2028\\\" start=\\\"280\\\" />\\n    <rpm:provides>\\n      <rpm:entry epoch=\\\"0\\\" flags=\\\"EQ\\\" name=\\\"elephant\\\" rel=\\\"0.8\\\" ver=\\\"0.3\\\" />\\n    </rpm:provides>\\n    <rpm:requires>\\n      <rpm:entry name=\\\"/bin/sh\\\" pre=\\\"1\\\" />\\n    </rpm:requires>\\n  </format>\\n</package>\\n\"}, \"description\": \"A dummy package of elephant\", \"time\": 1321891027, \"header_range\": {\"start\": 280, \"end\": 2028}, \"release_sort_index\": \"01-0.01-8\", \"arch\": \"noarch\", \"name\": \"elephant\", \"_storage_path\": \"/var/lib/pulp/content/rpm/elephant/0.3/0.8/noarch/3e1c70cd1b421328acaf6397cb3d16145306bb95f65d1b095fc31372a0a701f3/elephant-0.3-0.8.noarch.rpm\", \"sourcerpm\": \"elephant-0.3-0.8.src.rpm\", \"checksumtype\": \"sha256\", \"license\": \"GPLv2\", \"changelog\": [], \"url\": \"http://tstrachota.fedorapeople.org\", \"checksum\": \"3e1c70cd1b421328acaf6397cb3d16145306bb95f65d1b095fc31372a0a701f3\", \"summary\": \"A dummy package of elephant\", \"relativepath\": \"elephant-0.3-0.8.noarch.rpm\", \"release\": \"0.8\", \"_id\": \"f8d17bb6-1a5f-47e7-8ede-f56c9594a5d0\", \"requires\": [{\"release\": null, \"epoch\": null, \"version\": null, \"flags\": null, \"name\": \"/bin/sh\"}]}}, {\"updated\": \"2013-07-09T04:54:04Z\", \"repo_id\": \"integration_test_id_clone\", \"created\": \"2013-07-09T04:54:04Z\", \"_ns\": \"repo_content_units\", \"unit_id\": \"d3f2e18d-5327-472a-9fe8-e40d033de53b\", \"unit_type_id\": \"rpm\", \"owner_type\": \"user\", \"_id\": {\"$oid\": \"51db5f2cd60ea36250a04e57\"}, \"id\": \"51db5f2cd60ea36250a04e57\", \"owner_id\": \"admin\", \"metadata\": {\"build_time\": 1308257414, \"buildhost\": \"dhcp-26-118.brq.redhat.com\", \"_content_type_id\": \"rpm\", \"vendor\": null, \"size\": 2236, \"group\": \"Internet/Applications\", \"_ns\": \"units_rpm\", \"relative_url_path\": null, \"filename\": \"giraffe-0.3-0.8.noarch.rpm\", \"epoch\": \"0\", \"version\": \"0.3\", \"version_sort_index\": \"01-0.01-3\", \"provides\": [{\"release\": \"0.8\", \"epoch\": \"0\", \"version\": \"0.3\", \"flags\": \"EQ\", \"name\": \"giraffe\"}], \"files\": {\"file\": [\"//giraffe.txt\"], \"dir\": []}, \"repodata\": {\"filelists\": \"<package arch=\\\"noarch\\\" name=\\\"giraffe\\\" pkgid=\\\"f25d67d1d9da04f12e57ca323247b43891ac46533e355b82de6d1922009f9f14\\\">\\n    <version epoch=\\\"0\\\" rel=\\\"0.8\\\" ver=\\\"0.3\\\" />\\n\\n    <file>//giraffe.txt</file>\\n</package>\\n\\n\", \"other\": \"<package arch=\\\"noarch\\\" name=\\\"giraffe\\\" pkgid=\\\"f25d67d1d9da04f12e57ca323247b43891ac46533e355b82de6d1922009f9f14\\\">\\n    <version epoch=\\\"0\\\" rel=\\\"0.8\\\" ver=\\\"0.3\\\" />\\n\\n</package>\\n\\n\", \"primary\": \"<package type=\\\"rpm\\\">\\n  <name>giraffe</name>\\n  <arch>noarch</arch>\\n  <version epoch=\\\"0\\\" rel=\\\"0.8\\\" ver=\\\"0.3\\\" />\\n  <checksum pkgid=\\\"YES\\\" type=\\\"sha256\\\">f25d67d1d9da04f12e57ca323247b43891ac46533e355b82de6d1922009f9f14</checksum>\\n  <summary>A dummy package of giraffe</summary>\\n  <description>A dummy package of giraffe</description>\\n  <packager />\\n  <url>http://tstrachota.fedorapeople.org</url>\\n  <time build=\\\"1308257414\\\" file=\\\"1321891027\\\" />\\n  <size archive=\\\"292\\\" installed=\\\"42\\\" package=\\\"2236\\\" />\\n<location href=\\\"giraffe-0.3-0.8.noarch.rpm\\\" />\\n  <format>\\n    <rpm:license>GPLv2</rpm:license>\\n    <rpm:vendor />\\n    <rpm:group>Internet/Applications</rpm:group>\\n    <rpm:buildhost>dhcp-26-118.brq.redhat.com</rpm:buildhost>\\n    <rpm:sourcerpm>giraffe-0.3-0.8.src.rpm</rpm:sourcerpm>\\n    <rpm:header-range end=\\\"2016\\\" start=\\\"280\\\" />\\n    <rpm:provides>\\n      <rpm:entry epoch=\\\"0\\\" flags=\\\"EQ\\\" name=\\\"giraffe\\\" rel=\\\"0.8\\\" ver=\\\"0.3\\\" />\\n    </rpm:provides>\\n    <rpm:requires>\\n      <rpm:entry name=\\\"/bin/sh\\\" pre=\\\"1\\\" />\\n    </rpm:requires>\\n  </format>\\n</package>\\n\"}, \"description\": \"A dummy package of giraffe\", \"time\": 1321891027, \"header_range\": {\"start\": 280, \"end\": 2016}, \"release_sort_index\": \"01-0.01-8\", \"arch\": \"noarch\", \"name\": \"giraffe\", \"_storage_path\": \"/var/lib/pulp/content/rpm/giraffe/0.3/0.8/noarch/f25d67d1d9da04f12e57ca323247b43891ac46533e355b82de6d1922009f9f14/giraffe-0.3-0.8.noarch.rpm\", \"sourcerpm\": \"giraffe-0.3-0.8.src.rpm\", \"checksumtype\": \"sha256\", \"license\": \"GPLv2\", \"changelog\": [], \"url\": \"http://tstrachota.fedorapeople.org\", \"checksum\": \"f25d67d1d9da04f12e57ca323247b43891ac46533e355b82de6d1922009f9f14\", \"summary\": \"A dummy package of giraffe\", \"relativepath\": \"giraffe-0.3-0.8.noarch.rpm\", \"release\": \"0.8\", \"_id\": \"d3f2e18d-5327-472a-9fe8-e40d033de53b\", \"requires\": [{\"release\": null, \"epoch\": null, \"version\": null, \"flags\": null, \"name\": \"/bin/sh\"}]}}, {\"updated\": \"2013-07-09T04:54:04Z\", \"repo_id\": \"integration_test_id_clone\", \"created\": \"2013-07-09T04:54:04Z\", \"_ns\": \"repo_content_units\", \"unit_id\": \"0c61d3dd-5831-4de6-993f-cfff9e9d3744\", \"unit_type_id\": \"rpm\", \"owner_type\": \"user\", \"_id\": {\"$oid\": \"51db5f2cd60ea36250a04e5c\"}, \"id\": \"51db5f2cd60ea36250a04e5c\", \"owner_id\": \"admin\", \"metadata\": {\"build_time\": 1308257455, \"buildhost\": \"dhcp-26-118.brq.redhat.com\", \"_content_type_id\": \"rpm\", \"vendor\": null, \"size\": 2212, \"group\": \"Internet/Applications\", \"_ns\": \"units_rpm\", \"relative_url_path\": null, \"filename\": \"lion-0.3-0.8.noarch.rpm\", \"epoch\": \"0\", \"version\": \"0.3\", \"version_sort_index\": \"01-0.01-3\", \"provides\": [{\"release\": \"0.8\", \"epoch\": \"0\", \"version\": \"0.3\", \"flags\": \"EQ\", \"name\": \"lion\"}], \"files\": {\"file\": [\"//lion.txt\"], \"dir\": []}, \"repodata\": {\"filelists\": \"<package arch=\\\"noarch\\\" name=\\\"lion\\\" pkgid=\\\"12400dc95c23a4c160725a908716cd3fcdd7a8981585437ab64cd62efa3e4ae4\\\">\\n    <version epoch=\\\"0\\\" rel=\\\"0.8\\\" ver=\\\"0.3\\\" />\\n\\n    <file>//lion.txt</file>\\n</package>\\n\\n\", \"other\": \"<package arch=\\\"noarch\\\" name=\\\"lion\\\" pkgid=\\\"12400dc95c23a4c160725a908716cd3fcdd7a8981585437ab64cd62efa3e4ae4\\\">\\n    <version epoch=\\\"0\\\" rel=\\\"0.8\\\" ver=\\\"0.3\\\" />\\n\\n</package>\\n\\n\", \"primary\": \"<package type=\\\"rpm\\\">\\n  <name>lion</name>\\n  <arch>noarch</arch>\\n  <version epoch=\\\"0\\\" rel=\\\"0.8\\\" ver=\\\"0.3\\\" />\\n  <checksum pkgid=\\\"YES\\\" type=\\\"sha256\\\">12400dc95c23a4c160725a908716cd3fcdd7a8981585437ab64cd62efa3e4ae4</checksum>\\n  <summary>A dummy package of lion</summary>\\n  <description>A dummy package of lion</description>\\n  <packager />\\n  <url>http://tstrachota.fedorapeople.org</url>\\n  <time build=\\\"1308257455\\\" file=\\\"1321891028\\\" />\\n  <size archive=\\\"292\\\" installed=\\\"42\\\" package=\\\"2212\\\" />\\n<location href=\\\"lion-0.3-0.8.noarch.rpm\\\" />\\n  <format>\\n    <rpm:license>GPLv2</rpm:license>\\n    <rpm:vendor />\\n    <rpm:group>Internet/Applications</rpm:group>\\n    <rpm:buildhost>dhcp-26-118.brq.redhat.com</rpm:buildhost>\\n    <rpm:sourcerpm>lion-0.3-0.8.src.rpm</rpm:sourcerpm>\\n    <rpm:header-range end=\\\"2000\\\" start=\\\"280\\\" />\\n    <rpm:provides>\\n      <rpm:entry epoch=\\\"0\\\" flags=\\\"EQ\\\" name=\\\"lion\\\" rel=\\\"0.8\\\" ver=\\\"0.3\\\" />\\n    </rpm:provides>\\n    <rpm:requires>\\n      <rpm:entry name=\\\"/bin/sh\\\" pre=\\\"1\\\" />\\n    </rpm:requires>\\n  </format>\\n</package>\\n\"}, \"description\": \"A dummy package of lion\", \"time\": 1321891028, \"header_range\": {\"start\": 280, \"end\": 2000}, \"release_sort_index\": \"01-0.01-8\", \"arch\": \"noarch\", \"name\": \"lion\", \"_storage_path\": \"/var/lib/pulp/content/rpm/lion/0.3/0.8/noarch/12400dc95c23a4c160725a908716cd3fcdd7a8981585437ab64cd62efa3e4ae4/lion-0.3-0.8.noarch.rpm\", \"sourcerpm\": \"lion-0.3-0.8.src.rpm\", \"checksumtype\": \"sha256\", \"license\": \"GPLv2\", \"changelog\": [], \"url\": \"http://tstrachota.fedorapeople.org\", \"checksum\": \"12400dc95c23a4c160725a908716cd3fcdd7a8981585437ab64cd62efa3e4ae4\", \"summary\": \"A dummy package of lion\", \"relativepath\": \"lion-0.3-0.8.noarch.rpm\", \"release\": \"0.8\", \"_id\": \"0c61d3dd-5831-4de6-993f-cfff9e9d3744\", \"requires\": [{\"release\": null, \"epoch\": null, \"version\": null, \"flags\": null, \"name\": \"/bin/sh\"}]}}, {\"updated\": \"2013-07-09T04:54:04Z\", \"repo_id\": \"integration_test_id_clone\", \"created\": \"2013-07-09T04:54:04Z\", \"_ns\": \"repo_content_units\", \"unit_id\": \"02cd64dd-4e0b-425a-8c62-0cdb48277b17\", \"unit_type_id\": \"rpm\", \"owner_type\": \"user\", \"_id\": {\"$oid\": \"51db5f2cd60ea36250a04e5d\"}, \"id\": \"51db5f2cd60ea36250a04e5d\", \"owner_id\": \"admin\", \"metadata\": {\"build_time\": 1308257260, \"buildhost\": \"dhcp-26-118.brq.redhat.com\", \"_content_type_id\": \"rpm\", \"vendor\": null, \"size\": 2232, \"group\": \"Internet/Applications\", \"_ns\": \"units_rpm\", \"relative_url_path\": null, \"filename\": \"monkey-0.3-0.8.noarch.rpm\", \"epoch\": \"0\", \"version\": \"0.3\", \"version_sort_index\": \"01-0.01-3\", \"provides\": [{\"release\": \"0.8\", \"epoch\": \"0\", \"version\": \"0.3\", \"flags\": \"EQ\", \"name\": \"monkey\"}], \"files\": {\"file\": [\"//monkey.txt\"], \"dir\": []}, \"repodata\": {\"filelists\": \"<package arch=\\\"noarch\\\" name=\\\"monkey\\\" pkgid=\\\"0e8fa50d0128fbabc7ccc5632e3fa25d39b0280169f6166cb8e2c84de8501db1\\\">\\n    <version epoch=\\\"0\\\" rel=\\\"0.8\\\" ver=\\\"0.3\\\" />\\n\\n    <file>//monkey.txt</file>\\n</package>\\n\\n\", \"other\": \"<package arch=\\\"noarch\\\" name=\\\"monkey\\\" pkgid=\\\"0e8fa50d0128fbabc7ccc5632e3fa25d39b0280169f6166cb8e2c84de8501db1\\\">\\n    <version epoch=\\\"0\\\" rel=\\\"0.8\\\" ver=\\\"0.3\\\" />\\n\\n</package>\\n\\n\", \"primary\": \"<package type=\\\"rpm\\\">\\n  <name>monkey</name>\\n  <arch>noarch</arch>\\n  <version epoch=\\\"0\\\" rel=\\\"0.8\\\" ver=\\\"0.3\\\" />\\n  <checksum pkgid=\\\"YES\\\" type=\\\"sha256\\\">0e8fa50d0128fbabc7ccc5632e3fa25d39b0280169f6166cb8e2c84de8501db1</checksum>\\n  <summary>A dummy package of monkey</summary>\\n  <description>A dummy package of monkey</description>\\n  <packager />\\n  <url>http://tstrachota.fedorapeople.org</url>\\n  <time build=\\\"1308257260\\\" file=\\\"1321891029\\\" />\\n  <size archive=\\\"292\\\" installed=\\\"42\\\" package=\\\"2232\\\" />\\n<location href=\\\"monkey-0.3-0.8.noarch.rpm\\\" />\\n  <format>\\n    <rpm:license>GPLv2</rpm:license>\\n    <rpm:vendor />\\n    <rpm:group>Internet/Applications</rpm:group>\\n    <rpm:buildhost>dhcp-26-118.brq.redhat.com</rpm:buildhost>\\n    <rpm:sourcerpm>monkey-0.3-0.8.src.rpm</rpm:sourcerpm>\\n    <rpm:header-range end=\\\"2016\\\" start=\\\"280\\\" />\\n    <rpm:provides>\\n      <rpm:entry epoch=\\\"0\\\" flags=\\\"EQ\\\" name=\\\"monkey\\\" rel=\\\"0.8\\\" ver=\\\"0.3\\\" />\\n    </rpm:provides>\\n    <rpm:requires>\\n      <rpm:entry name=\\\"/bin/sh\\\" pre=\\\"1\\\" />\\n    </rpm:requires>\\n  </format>\\n</package>\\n\"}, \"description\": \"A dummy package of monkey\", \"time\": 1321891029, \"header_range\": {\"start\": 280, \"end\": 2016}, \"release_sort_index\": \"01-0.01-8\", \"arch\": \"noarch\", \"name\": \"monkey\", \"_storage_path\": \"/var/lib/pulp/content/rpm/monkey/0.3/0.8/noarch/0e8fa50d0128fbabc7ccc5632e3fa25d39b0280169f6166cb8e2c84de8501db1/monkey-0.3-0.8.noarch.rpm\", \"sourcerpm\": \"monkey-0.3-0.8.src.rpm\", \"checksumtype\": \"sha256\", \"license\": \"GPLv2\", \"changelog\": [], \"url\": \"http://tstrachota.fedorapeople.org\", \"checksum\": \"0e8fa50d0128fbabc7ccc5632e3fa25d39b0280169f6166cb8e2c84de8501db1\", \"summary\": \"A dummy package of monkey\", \"relativepath\": \"monkey-0.3-0.8.noarch.rpm\", \"release\": \"0.8\", \"_id\": \"02cd64dd-4e0b-425a-8c62-0cdb48277b17\", \"requires\": [{\"release\": null, \"epoch\": null, \"version\": null, \"flags\": null, \"name\": \"/bin/sh\"}]}}, {\"updated\": \"2013-07-09T04:54:04Z\", \"repo_id\": \"integration_test_id_clone\", \"created\": \"2013-07-09T04:54:04Z\", \"_ns\": \"repo_content_units\", \"unit_id\": \"2d70c78c-d656-4169-abef-907a18417c3b\", \"unit_type_id\": \"rpm\", \"owner_type\": \"user\", \"_id\": {\"$oid\": \"51db5f2cd60ea36250a04e5b\"}, \"id\": \"51db5f2cd60ea36250a04e5b\", \"owner_id\": \"admin\", \"metadata\": {\"build_time\": 1308257460, \"buildhost\": \"dhcp-26-118.brq.redhat.com\", \"_content_type_id\": \"rpm\", \"vendor\": null, \"size\": 2232, \"group\": \"Internet/Applications\", \"_ns\": \"units_rpm\", \"relative_url_path\": null, \"filename\": \"penguin-0.3-0.8.noarch.rpm\", \"epoch\": \"0\", \"version\": \"0.3\", \"version_sort_index\": \"01-0.01-3\", \"provides\": [{\"release\": \"0.8\", \"epoch\": \"0\", \"version\": \"0.3\", \"flags\": \"EQ\", \"name\": \"penguin\"}], \"files\": {\"file\": [\"//penguin.txt\"], \"dir\": []}, \"repodata\": {\"filelists\": \"<package arch=\\\"noarch\\\" name=\\\"penguin\\\" pkgid=\\\"3fcb2c927de9e13bf68469032a28b139d3e5ad2e58564fc210fd6e48635be694\\\">\\n    <version epoch=\\\"0\\\" rel=\\\"0.8\\\" ver=\\\"0.3\\\" />\\n\\n    <file>//penguin.txt</file>\\n</package>\\n\\n\", \"other\": \"<package arch=\\\"noarch\\\" name=\\\"penguin\\\" pkgid=\\\"3fcb2c927de9e13bf68469032a28b139d3e5ad2e58564fc210fd6e48635be694\\\">\\n    <version epoch=\\\"0\\\" rel=\\\"0.8\\\" ver=\\\"0.3\\\" />\\n\\n</package>\\n\\n\", \"primary\": \"<package type=\\\"rpm\\\">\\n  <name>penguin</name>\\n  <arch>noarch</arch>\\n  <version epoch=\\\"0\\\" rel=\\\"0.8\\\" ver=\\\"0.3\\\" />\\n  <checksum pkgid=\\\"YES\\\" type=\\\"sha256\\\">3fcb2c927de9e13bf68469032a28b139d3e5ad2e58564fc210fd6e48635be694</checksum>\\n  <summary>A dummy package of penguin</summary>\\n  <description>A dummy package of penguin</description>\\n  <packager />\\n  <url>http://tstrachota.fedorapeople.org</url>\\n  <time build=\\\"1308257460\\\" file=\\\"1321891029\\\" />\\n  <size archive=\\\"292\\\" installed=\\\"42\\\" package=\\\"2232\\\" />\\n<location href=\\\"penguin-0.3-0.8.noarch.rpm\\\" />\\n  <format>\\n    <rpm:license>GPLv2</rpm:license>\\n    <rpm:vendor />\\n    <rpm:group>Internet/Applications</rpm:group>\\n    <rpm:buildhost>dhcp-26-118.brq.redhat.com</rpm:buildhost>\\n    <rpm:sourcerpm>penguin-0.3-0.8.src.rpm</rpm:sourcerpm>\\n    <rpm:header-range end=\\\"2016\\\" start=\\\"280\\\" />\\n    <rpm:provides>\\n      <rpm:entry epoch=\\\"0\\\" flags=\\\"EQ\\\" name=\\\"penguin\\\" rel=\\\"0.8\\\" ver=\\\"0.3\\\" />\\n    </rpm:provides>\\n    <rpm:requires>\\n      <rpm:entry name=\\\"/bin/sh\\\" pre=\\\"1\\\" />\\n    </rpm:requires>\\n  </format>\\n</package>\\n\"}, \"description\": \"A dummy package of penguin\", \"time\": 1321891029, \"header_range\": {\"start\": 280, \"end\": 2016}, \"release_sort_index\": \"01-0.01-8\", \"arch\": \"noarch\", \"name\": \"penguin\", \"_storage_path\": \"/var/lib/pulp/content/rpm/penguin/0.3/0.8/noarch/3fcb2c927de9e13bf68469032a28b139d3e5ad2e58564fc210fd6e48635be694/penguin-0.3-0.8.noarch.rpm\", \"sourcerpm\": \"penguin-0.3-0.8.src.rpm\", \"checksumtype\": \"sha256\", \"license\": \"GPLv2\", \"changelog\": [], \"url\": \"http://tstrachota.fedorapeople.org\", \"checksum\": \"3fcb2c927de9e13bf68469032a28b139d3e5ad2e58564fc210fd6e48635be694\", \"summary\": \"A dummy package of penguin\", \"relativepath\": \"penguin-0.3-0.8.noarch.rpm\", \"release\": \"0.8\", \"_id\": \"2d70c78c-d656-4169-abef-907a18417c3b\", \"requires\": [{\"release\": null, \"epoch\": null, \"version\": null, \"flags\": null, \"name\": \"/bin/sh\"}]}}, {\"updated\": \"2013-07-09T04:54:04Z\", \"repo_id\": \"integration_test_id_clone\", \"created\": \"2013-07-09T04:54:04Z\", \"_ns\": \"repo_content_units\", \"unit_id\": \"c96473da-7b64-4869-b495-12cde38def09\", \"unit_type_id\": \"rpm\", \"owner_type\": \"user\", \"_id\": {\"$oid\": \"51db5f2cd60ea36250a04e59\"}, \"id\": \"51db5f2cd60ea36250a04e59\", \"owner_id\": \"admin\", \"metadata\": {\"build_time\": 1308257502, \"buildhost\": \"dhcp-26-118.brq.redhat.com\", \"_content_type_id\": \"rpm\", \"vendor\": null, \"size\": 2248, \"group\": \"Internet/Applications\", \"_ns\": \"units_rpm\", \"relative_url_path\": null, \"filename\": \"squirrel-0.3-0.8.noarch.rpm\", \"epoch\": \"0\", \"version\": \"0.3\", \"version_sort_index\": \"01-0.01-3\", \"provides\": [{\"release\": \"0.8\", \"epoch\": \"0\", \"version\": \"0.3\", \"flags\": \"EQ\", \"name\": \"squirrel\"}], \"files\": {\"file\": [\"//squirrel.txt\"], \"dir\": []}, \"repodata\": {\"filelists\": \"<package arch=\\\"noarch\\\" name=\\\"squirrel\\\" pkgid=\\\"251768bdd15f13d78487c27638aa6aecd01551e253756093cde1c0ae878a17d2\\\">\\n    <version epoch=\\\"0\\\" rel=\\\"0.8\\\" ver=\\\"0.3\\\" />\\n\\n    <file>//squirrel.txt</file>\\n</package>\\n\\n\", \"other\": \"<package arch=\\\"noarch\\\" name=\\\"squirrel\\\" pkgid=\\\"251768bdd15f13d78487c27638aa6aecd01551e253756093cde1c0ae878a17d2\\\">\\n    <version epoch=\\\"0\\\" rel=\\\"0.8\\\" ver=\\\"0.3\\\" />\\n\\n</package>\\n\\n\", \"primary\": \"<package type=\\\"rpm\\\">\\n  <name>squirrel</name>\\n  <arch>noarch</arch>\\n  <version epoch=\\\"0\\\" rel=\\\"0.8\\\" ver=\\\"0.3\\\" />\\n  <checksum pkgid=\\\"YES\\\" type=\\\"sha256\\\">251768bdd15f13d78487c27638aa6aecd01551e253756093cde1c0ae878a17d2</checksum>\\n  <summary>A dummy package of squirrel</summary>\\n  <description>A dummy package of squirrel</description>\\n  <packager />\\n  <url>http://tstrachota.fedorapeople.org</url>\\n  <time build=\\\"1308257502\\\" file=\\\"1321891029\\\" />\\n  <size archive=\\\"296\\\" installed=\\\"42\\\" package=\\\"2248\\\" />\\n<location href=\\\"squirrel-0.3-0.8.noarch.rpm\\\" />\\n  <format>\\n    <rpm:license>GPLv2</rpm:license>\\n    <rpm:vendor />\\n    <rpm:group>Internet/Applications</rpm:group>\\n    <rpm:buildhost>dhcp-26-118.brq.redhat.com</rpm:buildhost>\\n    <rpm:sourcerpm>squirrel-0.3-0.8.src.rpm</rpm:sourcerpm>\\n    <rpm:header-range end=\\\"2028\\\" start=\\\"280\\\" />\\n    <rpm:provides>\\n      <rpm:entry epoch=\\\"0\\\" flags=\\\"EQ\\\" name=\\\"squirrel\\\" rel=\\\"0.8\\\" ver=\\\"0.3\\\" />\\n    </rpm:provides>\\n    <rpm:requires>\\n      <rpm:entry name=\\\"/bin/sh\\\" pre=\\\"1\\\" />\\n    </rpm:requires>\\n  </format>\\n</package>\\n\"}, \"description\": \"A dummy package of squirrel\", \"time\": 1321891029, \"header_range\": {\"start\": 280, \"end\": 2028}, \"release_sort_index\": \"01-0.01-8\", \"arch\": \"noarch\", \"name\": \"squirrel\", \"_storage_path\": \"/var/lib/pulp/content/rpm/squirrel/0.3/0.8/noarch/251768bdd15f13d78487c27638aa6aecd01551e253756093cde1c0ae878a17d2/squirrel-0.3-0.8.noarch.rpm\", \"sourcerpm\": \"squirrel-0.3-0.8.src.rpm\", \"checksumtype\": \"sha256\", \"license\": \"GPLv2\", \"changelog\": [], \"url\": \"http://tstrachota.fedorapeople.org\", \"checksum\": \"251768bdd15f13d78487c27638aa6aecd01551e253756093cde1c0ae878a17d2\", \"summary\": \"A dummy package of squirrel\", \"relativepath\": \"squirrel-0.3-0.8.noarch.rpm\", \"release\": \"0.8\", \"_id\": \"c96473da-7b64-4869-b495-12cde38def09\", \"requires\": [{\"release\": null, \"epoch\": null, \"version\": null, \"flags\": null, \"name\": \"/bin/sh\"}]}}, {\"updated\": \"2013-07-09T04:54:04Z\", \"repo_id\": \"integration_test_id_clone\", \"created\": \"2013-07-09T04:54:04Z\", \"_ns\": \"repo_content_units\", \"unit_id\": \"cecf9e20-7315-44f4-bab9-f926b8020dad\", \"unit_type_id\": \"rpm\", \"owner_type\": \"user\", \"_id\": {\"$oid\": \"51db5f2cd60ea36250a04e58\"}, \"id\": \"51db5f2cd60ea36250a04e58\", \"owner_id\": \"admin\", \"metadata\": {\"build_time\": 1308257449, \"buildhost\": \"dhcp-26-118.brq.redhat.com\", \"_content_type_id\": \"rpm\", \"vendor\": null, \"size\": 2236, \"group\": \"Internet/Applications\", \"_ns\": \"units_rpm\", \"relative_url_path\": null, \"filename\": \"walrus-0.3-0.8.noarch.rpm\", \"epoch\": \"0\", \"version\": \"0.3\", \"version_sort_index\": \"01-0.01-3\", \"provides\": [{\"release\": \"0.8\", \"epoch\": \"0\", \"version\": \"0.3\", \"flags\": \"EQ\", \"name\": \"walrus\"}], \"files\": {\"file\": [\"//walrus.txt\"], \"dir\": []}, \"repodata\": {\"filelists\": \"<package arch=\\\"noarch\\\" name=\\\"walrus\\\" pkgid=\\\"6e8d6dc057e3e2c9819f0dc7e6c7b7f86bf2e8571bba414adec7fb621a461dfd\\\">\\n    <version epoch=\\\"0\\\" rel=\\\"0.8\\\" ver=\\\"0.3\\\" />\\n\\n    <file>//walrus.txt</file>\\n</package>\\n\\n\", \"other\": \"<package arch=\\\"noarch\\\" name=\\\"walrus\\\" pkgid=\\\"6e8d6dc057e3e2c9819f0dc7e6c7b7f86bf2e8571bba414adec7fb621a461dfd\\\">\\n    <version epoch=\\\"0\\\" rel=\\\"0.8\\\" ver=\\\"0.3\\\" />\\n\\n</package>\\n\\n\", \"primary\": \"<package type=\\\"rpm\\\">\\n  <name>walrus</name>\\n  <arch>noarch</arch>\\n  <version epoch=\\\"0\\\" rel=\\\"0.8\\\" ver=\\\"0.3\\\" />\\n  <checksum pkgid=\\\"YES\\\" type=\\\"sha256\\\">6e8d6dc057e3e2c9819f0dc7e6c7b7f86bf2e8571bba414adec7fb621a461dfd</checksum>\\n  <summary>A dummy package of walrus</summary>\\n  <description>A dummy package of walrus</description>\\n  <packager />\\n  <url>http://tstrachota.fedorapeople.org</url>\\n  <time build=\\\"1308257449\\\" file=\\\"1321891030\\\" />\\n  <size archive=\\\"292\\\" installed=\\\"42\\\" package=\\\"2236\\\" />\\n<location href=\\\"walrus-0.3-0.8.noarch.rpm\\\" />\\n  <format>\\n    <rpm:license>GPLv2</rpm:license>\\n    <rpm:vendor />\\n    <rpm:group>Internet/Applications</rpm:group>\\n    <rpm:buildhost>dhcp-26-118.brq.redhat.com</rpm:buildhost>\\n    <rpm:sourcerpm>walrus-0.3-0.8.src.rpm</rpm:sourcerpm>\\n    <rpm:header-range end=\\\"2016\\\" start=\\\"280\\\" />\\n    <rpm:provides>\\n      <rpm:entry epoch=\\\"0\\\" flags=\\\"EQ\\\" name=\\\"walrus\\\" rel=\\\"0.8\\\" ver=\\\"0.3\\\" />\\n    </rpm:provides>\\n    <rpm:requires>\\n      <rpm:entry name=\\\"/bin/sh\\\" pre=\\\"1\\\" />\\n    </rpm:requires>\\n  </format>\\n</package>\\n\"}, \"description\": \"A dummy package of walrus\", \"time\": 1321891030, \"header_range\": {\"start\": 280, \"end\": 2016}, \"release_sort_index\": \"01-0.01-8\", \"arch\": \"noarch\", \"name\": \"walrus\", \"_storage_path\": \"/var/lib/pulp/content/rpm/walrus/0.3/0.8/noarch/6e8d6dc057e3e2c9819f0dc7e6c7b7f86bf2e8571bba414adec7fb621a461dfd/walrus-0.3-0.8.noarch.rpm\", \"sourcerpm\": \"walrus-0.3-0.8.src.rpm\", \"checksumtype\": \"sha256\", \"license\": \"GPLv2\", \"changelog\": [], \"url\": \"http://tstrachota.fedorapeople.org\", \"checksum\": \"6e8d6dc057e3e2c9819f0dc7e6c7b7f86bf2e8571bba414adec7fb621a461dfd\", \"summary\": \"A dummy package of walrus\", \"relativepath\": \"walrus-0.3-0.8.noarch.rpm\", \"release\": \"0.8\", \"_id\": \"cecf9e20-7315-44f4-bab9-f926b8020dad\", \"requires\": [{\"release\": null, \"epoch\": null, \"version\": null, \"flags\": null, \"name\": \"/bin/sh\"}]}}]"
    http_version: 
  recorded_at: Tue, 09 Jul 2013 00:54:24 GMT
- request: 
    method: post
    uri: https://admin:admin@f18/pulp/api/v2/repositories/integration_test_id_clone/actions/associate/
    body: 
      encoding: US-ASCII
      string: "{\"source_repo_id\":\"integration_test_id\"}"
    headers: 
      Accept: 
      - application/json
      Accept-Encoding: 
      - gzip, deflate
      Content-Type: 
      - application/json
      Content-Length: 
      - "40"
      User-Agent: 
      - Ruby
  response: 
    status: 
      code: 202
      message: Accepted
    headers: 
      Date: 
      - Tue, 09 Jul 2013 00:54:25 GMT
      Server: 
      - Apache/2.4.4 (Fedora) OpenSSL/1.0.1e-fips mod_wsgi/3.4 Python/2.7.3
      Content-Encoding: 
      - utf-8
      Content-Length: 
      - "730"
      Content-Type: 
      - application/json
    body: 
      encoding: US-ASCII
      string: "{\"task_group_id\": null, \"exception\": null, \"traceback\": null, \"_href\": \"/pulp/api/v2/tasks/a9db119e-815e-49ba-a11c-988e0011d92c/\", \"task_id\": \"a9db119e-815e-49ba-a11c-988e0011d92c\", \"call_request_tags\": [\"pulp:repository:integration_test_id_clone\", \"pulp:repository:integration_test_id\", \"pulp:action:associate\"], \"reasons\": [], \"start_time\": null, \"tags\": [\"pulp:repository:integration_test_id_clone\", \"pulp:repository:integration_test_id\", \"pulp:action:associate\"], \"state\": \"waiting\", \"finish_time\": null, \"dependency_failures\": {}, \"schedule_id\": null, \"progress\": {}, \"call_request_group_id\": null, \"call_request_id\": \"a9db119e-815e-49ba-a11c-988e0011d92c\", \"principal_login\": \"admin\", \"response\": \"accepted\", \"result\": null}"
    http_version: 
  recorded_at: Tue, 09 Jul 2013 00:54:25 GMT
- request: 
    method: post
    uri: https://admin:admin@f18/pulp/api/v2/repositories/integration_test_id/search/units/
    body: 
      encoding: US-ASCII
      string: "{\"criteria\":{\"type_ids\":[\"rpm\"]}}"
    headers: 
      Accept: 
      - application/json
      Accept-Encoding: 
      - gzip, deflate
      Content-Type: 
      - application/json
      Content-Length: 
      - "33"
      User-Agent: 
      - Ruby
  response: 
    status: 
      code: 200
      message: OK
    headers: 
      Date: 
      - Tue, 09 Jul 2013 00:54:33 GMT
      Server: 
      - Apache/2.4.4 (Fedora) OpenSSL/1.0.1e-fips mod_wsgi/3.4 Python/2.7.3
      Content-Length: 
      - "25743"
      Content-Type: 
      - application/json
    body: 
      encoding: US-ASCII
      string: "[{\"updated\": \"2013-07-09T04:53:52Z\", \"repo_id\": \"integration_test_id\", \"created\": \"2013-07-09T04:53:52Z\", \"_ns\": \"repo_content_units\", \"unit_id\": \"8f8cd6ce-74ba-4dd2-9851-9dc07d874e48\", \"unit_type_id\": \"rpm\", \"owner_type\": \"importer\", \"_id\": {\"$oid\": \"51db5f20d60ea36250a04e2a\"}, \"id\": \"51db5f20d60ea36250a04e2a\", \"owner_id\": \"yum_importer\", \"metadata\": {\"build_time\": 1308257472, \"buildhost\": \"dhcp-26-118.brq.redhat.com\", \"_content_type_id\": \"rpm\", \"vendor\": null, \"size\": 2232, \"group\": \"Internet/Applications\", \"_ns\": \"units_rpm\", \"relative_url_path\": null, \"filename\": \"cheetah-0.3-0.8.noarch.rpm\", \"epoch\": \"0\", \"version\": \"0.3\", \"version_sort_index\": \"01-0.01-3\", \"provides\": [{\"release\": \"0.8\", \"epoch\": \"0\", \"version\": \"0.3\", \"flags\": \"EQ\", \"name\": \"cheetah\"}], \"files\": {\"file\": [\"//cheetah.txt\"], \"dir\": []}, \"repodata\": {\"filelists\": \"<package arch=\\\"noarch\\\" name=\\\"cheetah\\\" pkgid=\\\"422d0baa0cd9d7713ae796e886a23e17f578f924f74880debdbb7d65fb368dae\\\">\\n    <version epoch=\\\"0\\\" rel=\\\"0.8\\\" ver=\\\"0.3\\\" />\\n\\n    <file>//cheetah.txt</file>\\n</package>\\n\\n\", \"other\": \"<package arch=\\\"noarch\\\" name=\\\"cheetah\\\" pkgid=\\\"422d0baa0cd9d7713ae796e886a23e17f578f924f74880debdbb7d65fb368dae\\\">\\n    <version epoch=\\\"0\\\" rel=\\\"0.8\\\" ver=\\\"0.3\\\" />\\n\\n</package>\\n\\n\", \"primary\": \"<package type=\\\"rpm\\\">\\n  <name>cheetah</name>\\n  <arch>noarch</arch>\\n  <version epoch=\\\"0\\\" rel=\\\"0.8\\\" ver=\\\"0.3\\\" />\\n  <checksum pkgid=\\\"YES\\\" type=\\\"sha256\\\">422d0baa0cd9d7713ae796e886a23e17f578f924f74880debdbb7d65fb368dae</checksum>\\n  <summary>A dummy package of cheetah</summary>\\n  <description>A dummy package of cheetah</description>\\n  <packager />\\n  <url>http://tstrachota.fedorapeople.org</url>\\n  <time build=\\\"1308257472\\\" file=\\\"1321891028\\\" />\\n  <size archive=\\\"292\\\" installed=\\\"42\\\" package=\\\"2232\\\" />\\n<location href=\\\"cheetah-0.3-0.8.noarch.rpm\\\" />\\n  <format>\\n    <rpm:license>GPLv2</rpm:license>\\n    <rpm:vendor />\\n    <rpm:group>Internet/Applications</rpm:group>\\n    <rpm:buildhost>dhcp-26-118.brq.redhat.com</rpm:buildhost>\\n    <rpm:sourcerpm>cheetah-0.3-0.8.src.rpm</rpm:sourcerpm>\\n    <rpm:header-range end=\\\"2016\\\" start=\\\"280\\\" />\\n    <rpm:provides>\\n      <rpm:entry epoch=\\\"0\\\" flags=\\\"EQ\\\" name=\\\"cheetah\\\" rel=\\\"0.8\\\" ver=\\\"0.3\\\" />\\n    </rpm:provides>\\n    <rpm:requires>\\n      <rpm:entry name=\\\"/bin/sh\\\" pre=\\\"1\\\" />\\n    </rpm:requires>\\n  </format>\\n</package>\\n\"}, \"description\": \"A dummy package of cheetah\", \"time\": 1321891028, \"header_range\": {\"start\": 280, \"end\": 2016}, \"release_sort_index\": \"01-0.01-8\", \"arch\": \"noarch\", \"name\": \"cheetah\", \"_storage_path\": \"/var/lib/pulp/content/rpm/cheetah/0.3/0.8/noarch/422d0baa0cd9d7713ae796e886a23e17f578f924f74880debdbb7d65fb368dae/cheetah-0.3-0.8.noarch.rpm\", \"sourcerpm\": \"cheetah-0.3-0.8.src.rpm\", \"checksumtype\": \"sha256\", \"license\": \"GPLv2\", \"changelog\": [], \"url\": \"http://tstrachota.fedorapeople.org\", \"checksum\": \"422d0baa0cd9d7713ae796e886a23e17f578f924f74880debdbb7d65fb368dae\", \"summary\": \"A dummy package of cheetah\", \"relativepath\": \"cheetah-0.3-0.8.noarch.rpm\", \"release\": \"0.8\", \"_id\": \"8f8cd6ce-74ba-4dd2-9851-9dc07d874e48\", \"requires\": [{\"release\": null, \"epoch\": null, \"version\": null, \"flags\": null, \"name\": \"/bin/sh\"}]}}, {\"updated\": \"2013-07-09T04:53:52Z\", \"repo_id\": \"integration_test_id\", \"created\": \"2013-07-09T04:53:52Z\", \"_ns\": \"repo_content_units\", \"unit_id\": \"f8d17bb6-1a5f-47e7-8ede-f56c9594a5d0\", \"unit_type_id\": \"rpm\", \"owner_type\": \"importer\", \"_id\": {\"$oid\": \"51db5f20d60ea36250a04e2b\"}, \"id\": \"51db5f20d60ea36250a04e2b\", \"owner_id\": \"yum_importer\", \"metadata\": {\"build_time\": 1308257466, \"buildhost\": \"dhcp-26-118.brq.redhat.com\", \"_content_type_id\": \"rpm\", \"vendor\": null, \"size\": 2244, \"group\": \"Internet/Applications\", \"_ns\": \"units_rpm\", \"relative_url_path\": null, \"filename\": \"elephant-0.3-0.8.noarch.rpm\", \"epoch\": \"0\", \"version\": \"0.3\", \"version_sort_index\": \"01-0.01-3\", \"provides\": [{\"release\": \"0.8\", \"epoch\": \"0\", \"version\": \"0.3\", \"flags\": \"EQ\", \"name\": \"elephant\"}], \"files\": {\"file\": [\"//elephant.txt\"], \"dir\": []}, \"repodata\": {\"filelists\": \"<package arch=\\\"noarch\\\" name=\\\"elephant\\\" pkgid=\\\"3e1c70cd1b421328acaf6397cb3d16145306bb95f65d1b095fc31372a0a701f3\\\">\\n    <version epoch=\\\"0\\\" rel=\\\"0.8\\\" ver=\\\"0.3\\\" />\\n\\n    <file>//elephant.txt</file>\\n</package>\\n\\n\", \"other\": \"<package arch=\\\"noarch\\\" name=\\\"elephant\\\" pkgid=\\\"3e1c70cd1b421328acaf6397cb3d16145306bb95f65d1b095fc31372a0a701f3\\\">\\n    <version epoch=\\\"0\\\" rel=\\\"0.8\\\" ver=\\\"0.3\\\" />\\n\\n</package>\\n\\n\", \"primary\": \"<package type=\\\"rpm\\\">\\n  <name>elephant</name>\\n  <arch>noarch</arch>\\n  <version epoch=\\\"0\\\" rel=\\\"0.8\\\" ver=\\\"0.3\\\" />\\n  <checksum pkgid=\\\"YES\\\" type=\\\"sha256\\\">3e1c70cd1b421328acaf6397cb3d16145306bb95f65d1b095fc31372a0a701f3</checksum>\\n  <summary>A dummy package of elephant</summary>\\n  <description>A dummy package of elephant</description>\\n  <packager />\\n  <url>http://tstrachota.fedorapeople.org</url>\\n  <time build=\\\"1308257466\\\" file=\\\"1321891027\\\" />\\n  <size archive=\\\"296\\\" installed=\\\"42\\\" package=\\\"2244\\\" />\\n<location href=\\\"elephant-0.3-0.8.noarch.rpm\\\" />\\n  <format>\\n    <rpm:license>GPLv2</rpm:license>\\n    <rpm:vendor />\\n    <rpm:group>Internet/Applications</rpm:group>\\n    <rpm:buildhost>dhcp-26-118.brq.redhat.com</rpm:buildhost>\\n    <rpm:sourcerpm>elephant-0.3-0.8.src.rpm</rpm:sourcerpm>\\n    <rpm:header-range end=\\\"2028\\\" start=\\\"280\\\" />\\n    <rpm:provides>\\n      <rpm:entry epoch=\\\"0\\\" flags=\\\"EQ\\\" name=\\\"elephant\\\" rel=\\\"0.8\\\" ver=\\\"0.3\\\" />\\n    </rpm:provides>\\n    <rpm:requires>\\n      <rpm:entry name=\\\"/bin/sh\\\" pre=\\\"1\\\" />\\n    </rpm:requires>\\n  </format>\\n</package>\\n\"}, \"description\": \"A dummy package of elephant\", \"time\": 1321891027, \"header_range\": {\"start\": 280, \"end\": 2028}, \"release_sort_index\": \"01-0.01-8\", \"arch\": \"noarch\", \"name\": \"elephant\", \"_storage_path\": \"/var/lib/pulp/content/rpm/elephant/0.3/0.8/noarch/3e1c70cd1b421328acaf6397cb3d16145306bb95f65d1b095fc31372a0a701f3/elephant-0.3-0.8.noarch.rpm\", \"sourcerpm\": \"elephant-0.3-0.8.src.rpm\", \"checksumtype\": \"sha256\", \"license\": \"GPLv2\", \"changelog\": [], \"url\": \"http://tstrachota.fedorapeople.org\", \"checksum\": \"3e1c70cd1b421328acaf6397cb3d16145306bb95f65d1b095fc31372a0a701f3\", \"summary\": \"A dummy package of elephant\", \"relativepath\": \"elephant-0.3-0.8.noarch.rpm\", \"release\": \"0.8\", \"_id\": \"f8d17bb6-1a5f-47e7-8ede-f56c9594a5d0\", \"requires\": [{\"release\": null, \"epoch\": null, \"version\": null, \"flags\": null, \"name\": \"/bin/sh\"}]}}, {\"updated\": \"2013-07-09T04:53:52Z\", \"repo_id\": \"integration_test_id\", \"created\": \"2013-07-09T04:53:52Z\", \"_ns\": \"repo_content_units\", \"unit_id\": \"d3f2e18d-5327-472a-9fe8-e40d033de53b\", \"unit_type_id\": \"rpm\", \"owner_type\": \"importer\", \"_id\": {\"$oid\": \"51db5f20d60ea36250a04e2d\"}, \"id\": \"51db5f20d60ea36250a04e2d\", \"owner_id\": \"yum_importer\", \"metadata\": {\"build_time\": 1308257414, \"buildhost\": \"dhcp-26-118.brq.redhat.com\", \"_content_type_id\": \"rpm\", \"vendor\": null, \"size\": 2236, \"group\": \"Internet/Applications\", \"_ns\": \"units_rpm\", \"relative_url_path\": null, \"filename\": \"giraffe-0.3-0.8.noarch.rpm\", \"epoch\": \"0\", \"version\": \"0.3\", \"version_sort_index\": \"01-0.01-3\", \"provides\": [{\"release\": \"0.8\", \"epoch\": \"0\", \"version\": \"0.3\", \"flags\": \"EQ\", \"name\": \"giraffe\"}], \"files\": {\"file\": [\"//giraffe.txt\"], \"dir\": []}, \"repodata\": {\"filelists\": \"<package arch=\\\"noarch\\\" name=\\\"giraffe\\\" pkgid=\\\"f25d67d1d9da04f12e57ca323247b43891ac46533e355b82de6d1922009f9f14\\\">\\n    <version epoch=\\\"0\\\" rel=\\\"0.8\\\" ver=\\\"0.3\\\" />\\n\\n    <file>//giraffe.txt</file>\\n</package>\\n\\n\", \"other\": \"<package arch=\\\"noarch\\\" name=\\\"giraffe\\\" pkgid=\\\"f25d67d1d9da04f12e57ca323247b43891ac46533e355b82de6d1922009f9f14\\\">\\n    <version epoch=\\\"0\\\" rel=\\\"0.8\\\" ver=\\\"0.3\\\" />\\n\\n</package>\\n\\n\", \"primary\": \"<package type=\\\"rpm\\\">\\n  <name>giraffe</name>\\n  <arch>noarch</arch>\\n  <version epoch=\\\"0\\\" rel=\\\"0.8\\\" ver=\\\"0.3\\\" />\\n  <checksum pkgid=\\\"YES\\\" type=\\\"sha256\\\">f25d67d1d9da04f12e57ca323247b43891ac46533e355b82de6d1922009f9f14</checksum>\\n  <summary>A dummy package of giraffe</summary>\\n  <description>A dummy package of giraffe</description>\\n  <packager />\\n  <url>http://tstrachota.fedorapeople.org</url>\\n  <time build=\\\"1308257414\\\" file=\\\"1321891027\\\" />\\n  <size archive=\\\"292\\\" installed=\\\"42\\\" package=\\\"2236\\\" />\\n<location href=\\\"giraffe-0.3-0.8.noarch.rpm\\\" />\\n  <format>\\n    <rpm:license>GPLv2</rpm:license>\\n    <rpm:vendor />\\n    <rpm:group>Internet/Applications</rpm:group>\\n    <rpm:buildhost>dhcp-26-118.brq.redhat.com</rpm:buildhost>\\n    <rpm:sourcerpm>giraffe-0.3-0.8.src.rpm</rpm:sourcerpm>\\n    <rpm:header-range end=\\\"2016\\\" start=\\\"280\\\" />\\n    <rpm:provides>\\n      <rpm:entry epoch=\\\"0\\\" flags=\\\"EQ\\\" name=\\\"giraffe\\\" rel=\\\"0.8\\\" ver=\\\"0.3\\\" />\\n    </rpm:provides>\\n    <rpm:requires>\\n      <rpm:entry name=\\\"/bin/sh\\\" pre=\\\"1\\\" />\\n    </rpm:requires>\\n  </format>\\n</package>\\n\"}, \"description\": \"A dummy package of giraffe\", \"time\": 1321891027, \"header_range\": {\"start\": 280, \"end\": 2016}, \"release_sort_index\": \"01-0.01-8\", \"arch\": \"noarch\", \"name\": \"giraffe\", \"_storage_path\": \"/var/lib/pulp/content/rpm/giraffe/0.3/0.8/noarch/f25d67d1d9da04f12e57ca323247b43891ac46533e355b82de6d1922009f9f14/giraffe-0.3-0.8.noarch.rpm\", \"sourcerpm\": \"giraffe-0.3-0.8.src.rpm\", \"checksumtype\": \"sha256\", \"license\": \"GPLv2\", \"changelog\": [], \"url\": \"http://tstrachota.fedorapeople.org\", \"checksum\": \"f25d67d1d9da04f12e57ca323247b43891ac46533e355b82de6d1922009f9f14\", \"summary\": \"A dummy package of giraffe\", \"relativepath\": \"giraffe-0.3-0.8.noarch.rpm\", \"release\": \"0.8\", \"_id\": \"d3f2e18d-5327-472a-9fe8-e40d033de53b\", \"requires\": [{\"release\": null, \"epoch\": null, \"version\": null, \"flags\": null, \"name\": \"/bin/sh\"}]}}, {\"updated\": \"2013-07-09T04:53:52Z\", \"repo_id\": \"integration_test_id\", \"created\": \"2013-07-09T04:53:52Z\", \"_ns\": \"repo_content_units\", \"unit_id\": \"0c61d3dd-5831-4de6-993f-cfff9e9d3744\", \"unit_type_id\": \"rpm\", \"owner_type\": \"importer\", \"_id\": {\"$oid\": \"51db5f20d60ea36250a04e2c\"}, \"id\": \"51db5f20d60ea36250a04e2c\", \"owner_id\": \"yum_importer\", \"metadata\": {\"build_time\": 1308257455, \"buildhost\": \"dhcp-26-118.brq.redhat.com\", \"_content_type_id\": \"rpm\", \"vendor\": null, \"size\": 2212, \"group\": \"Internet/Applications\", \"_ns\": \"units_rpm\", \"relative_url_path\": null, \"filename\": \"lion-0.3-0.8.noarch.rpm\", \"epoch\": \"0\", \"version\": \"0.3\", \"version_sort_index\": \"01-0.01-3\", \"provides\": [{\"release\": \"0.8\", \"epoch\": \"0\", \"version\": \"0.3\", \"flags\": \"EQ\", \"name\": \"lion\"}], \"files\": {\"file\": [\"//lion.txt\"], \"dir\": []}, \"repodata\": {\"filelists\": \"<package arch=\\\"noarch\\\" name=\\\"lion\\\" pkgid=\\\"12400dc95c23a4c160725a908716cd3fcdd7a8981585437ab64cd62efa3e4ae4\\\">\\n    <version epoch=\\\"0\\\" rel=\\\"0.8\\\" ver=\\\"0.3\\\" />\\n\\n    <file>//lion.txt</file>\\n</package>\\n\\n\", \"other\": \"<package arch=\\\"noarch\\\" name=\\\"lion\\\" pkgid=\\\"12400dc95c23a4c160725a908716cd3fcdd7a8981585437ab64cd62efa3e4ae4\\\">\\n    <version epoch=\\\"0\\\" rel=\\\"0.8\\\" ver=\\\"0.3\\\" />\\n\\n</package>\\n\\n\", \"primary\": \"<package type=\\\"rpm\\\">\\n  <name>lion</name>\\n  <arch>noarch</arch>\\n  <version epoch=\\\"0\\\" rel=\\\"0.8\\\" ver=\\\"0.3\\\" />\\n  <checksum pkgid=\\\"YES\\\" type=\\\"sha256\\\">12400dc95c23a4c160725a908716cd3fcdd7a8981585437ab64cd62efa3e4ae4</checksum>\\n  <summary>A dummy package of lion</summary>\\n  <description>A dummy package of lion</description>\\n  <packager />\\n  <url>http://tstrachota.fedorapeople.org</url>\\n  <time build=\\\"1308257455\\\" file=\\\"1321891028\\\" />\\n  <size archive=\\\"292\\\" installed=\\\"42\\\" package=\\\"2212\\\" />\\n<location href=\\\"lion-0.3-0.8.noarch.rpm\\\" />\\n  <format>\\n    <rpm:license>GPLv2</rpm:license>\\n    <rpm:vendor />\\n    <rpm:group>Internet/Applications</rpm:group>\\n    <rpm:buildhost>dhcp-26-118.brq.redhat.com</rpm:buildhost>\\n    <rpm:sourcerpm>lion-0.3-0.8.src.rpm</rpm:sourcerpm>\\n    <rpm:header-range end=\\\"2000\\\" start=\\\"280\\\" />\\n    <rpm:provides>\\n      <rpm:entry epoch=\\\"0\\\" flags=\\\"EQ\\\" name=\\\"lion\\\" rel=\\\"0.8\\\" ver=\\\"0.3\\\" />\\n    </rpm:provides>\\n    <rpm:requires>\\n      <rpm:entry name=\\\"/bin/sh\\\" pre=\\\"1\\\" />\\n    </rpm:requires>\\n  </format>\\n</package>\\n\"}, \"description\": \"A dummy package of lion\", \"time\": 1321891028, \"header_range\": {\"start\": 280, \"end\": 2000}, \"release_sort_index\": \"01-0.01-8\", \"arch\": \"noarch\", \"name\": \"lion\", \"_storage_path\": \"/var/lib/pulp/content/rpm/lion/0.3/0.8/noarch/12400dc95c23a4c160725a908716cd3fcdd7a8981585437ab64cd62efa3e4ae4/lion-0.3-0.8.noarch.rpm\", \"sourcerpm\": \"lion-0.3-0.8.src.rpm\", \"checksumtype\": \"sha256\", \"license\": \"GPLv2\", \"changelog\": [], \"url\": \"http://tstrachota.fedorapeople.org\", \"checksum\": \"12400dc95c23a4c160725a908716cd3fcdd7a8981585437ab64cd62efa3e4ae4\", \"summary\": \"A dummy package of lion\", \"relativepath\": \"lion-0.3-0.8.noarch.rpm\", \"release\": \"0.8\", \"_id\": \"0c61d3dd-5831-4de6-993f-cfff9e9d3744\", \"requires\": [{\"release\": null, \"epoch\": null, \"version\": null, \"flags\": null, \"name\": \"/bin/sh\"}]}}, {\"updated\": \"2013-07-09T04:53:52Z\", \"repo_id\": \"integration_test_id\", \"created\": \"2013-07-09T04:53:52Z\", \"_ns\": \"repo_content_units\", \"unit_id\": \"02cd64dd-4e0b-425a-8c62-0cdb48277b17\", \"unit_type_id\": \"rpm\", \"owner_type\": \"importer\", \"_id\": {\"$oid\": \"51db5f20d60ea36250a04e26\"}, \"id\": \"51db5f20d60ea36250a04e26\", \"owner_id\": \"yum_importer\", \"metadata\": {\"build_time\": 1308257260, \"buildhost\": \"dhcp-26-118.brq.redhat.com\", \"_content_type_id\": \"rpm\", \"vendor\": null, \"size\": 2232, \"group\": \"Internet/Applications\", \"_ns\": \"units_rpm\", \"relative_url_path\": null, \"filename\": \"monkey-0.3-0.8.noarch.rpm\", \"epoch\": \"0\", \"version\": \"0.3\", \"version_sort_index\": \"01-0.01-3\", \"provides\": [{\"release\": \"0.8\", \"epoch\": \"0\", \"version\": \"0.3\", \"flags\": \"EQ\", \"name\": \"monkey\"}], \"files\": {\"file\": [\"//monkey.txt\"], \"dir\": []}, \"repodata\": {\"filelists\": \"<package arch=\\\"noarch\\\" name=\\\"monkey\\\" pkgid=\\\"0e8fa50d0128fbabc7ccc5632e3fa25d39b0280169f6166cb8e2c84de8501db1\\\">\\n    <version epoch=\\\"0\\\" rel=\\\"0.8\\\" ver=\\\"0.3\\\" />\\n\\n    <file>//monkey.txt</file>\\n</package>\\n\\n\", \"other\": \"<package arch=\\\"noarch\\\" name=\\\"monkey\\\" pkgid=\\\"0e8fa50d0128fbabc7ccc5632e3fa25d39b0280169f6166cb8e2c84de8501db1\\\">\\n    <version epoch=\\\"0\\\" rel=\\\"0.8\\\" ver=\\\"0.3\\\" />\\n\\n</package>\\n\\n\", \"primary\": \"<package type=\\\"rpm\\\">\\n  <name>monkey</name>\\n  <arch>noarch</arch>\\n  <version epoch=\\\"0\\\" rel=\\\"0.8\\\" ver=\\\"0.3\\\" />\\n  <checksum pkgid=\\\"YES\\\" type=\\\"sha256\\\">0e8fa50d0128fbabc7ccc5632e3fa25d39b0280169f6166cb8e2c84de8501db1</checksum>\\n  <summary>A dummy package of monkey</summary>\\n  <description>A dummy package of monkey</description>\\n  <packager />\\n  <url>http://tstrachota.fedorapeople.org</url>\\n  <time build=\\\"1308257260\\\" file=\\\"1321891029\\\" />\\n  <size archive=\\\"292\\\" installed=\\\"42\\\" package=\\\"2232\\\" />\\n<location href=\\\"monkey-0.3-0.8.noarch.rpm\\\" />\\n  <format>\\n    <rpm:license>GPLv2</rpm:license>\\n    <rpm:vendor />\\n    <rpm:group>Internet/Applications</rpm:group>\\n    <rpm:buildhost>dhcp-26-118.brq.redhat.com</rpm:buildhost>\\n    <rpm:sourcerpm>monkey-0.3-0.8.src.rpm</rpm:sourcerpm>\\n    <rpm:header-range end=\\\"2016\\\" start=\\\"280\\\" />\\n    <rpm:provides>\\n      <rpm:entry epoch=\\\"0\\\" flags=\\\"EQ\\\" name=\\\"monkey\\\" rel=\\\"0.8\\\" ver=\\\"0.3\\\" />\\n    </rpm:provides>\\n    <rpm:requires>\\n      <rpm:entry name=\\\"/bin/sh\\\" pre=\\\"1\\\" />\\n    </rpm:requires>\\n  </format>\\n</package>\\n\"}, \"description\": \"A dummy package of monkey\", \"time\": 1321891029, \"header_range\": {\"start\": 280, \"end\": 2016}, \"release_sort_index\": \"01-0.01-8\", \"arch\": \"noarch\", \"name\": \"monkey\", \"_storage_path\": \"/var/lib/pulp/content/rpm/monkey/0.3/0.8/noarch/0e8fa50d0128fbabc7ccc5632e3fa25d39b0280169f6166cb8e2c84de8501db1/monkey-0.3-0.8.noarch.rpm\", \"sourcerpm\": \"monkey-0.3-0.8.src.rpm\", \"checksumtype\": \"sha256\", \"license\": \"GPLv2\", \"changelog\": [], \"url\": \"http://tstrachota.fedorapeople.org\", \"checksum\": \"0e8fa50d0128fbabc7ccc5632e3fa25d39b0280169f6166cb8e2c84de8501db1\", \"summary\": \"A dummy package of monkey\", \"relativepath\": \"monkey-0.3-0.8.noarch.rpm\", \"release\": \"0.8\", \"_id\": \"02cd64dd-4e0b-425a-8c62-0cdb48277b17\", \"requires\": [{\"release\": null, \"epoch\": null, \"version\": null, \"flags\": null, \"name\": \"/bin/sh\"}]}}, {\"updated\": \"2013-07-09T04:53:52Z\", \"repo_id\": \"integration_test_id\", \"created\": \"2013-07-09T04:53:52Z\", \"_ns\": \"repo_content_units\", \"unit_id\": \"2d70c78c-d656-4169-abef-907a18417c3b\", \"unit_type_id\": \"rpm\", \"owner_type\": \"importer\", \"_id\": {\"$oid\": \"51db5f20d60ea36250a04e28\"}, \"id\": \"51db5f20d60ea36250a04e28\", \"owner_id\": \"yum_importer\", \"metadata\": {\"build_time\": 1308257460, \"buildhost\": \"dhcp-26-118.brq.redhat.com\", \"_content_type_id\": \"rpm\", \"vendor\": null, \"size\": 2232, \"group\": \"Internet/Applications\", \"_ns\": \"units_rpm\", \"relative_url_path\": null, \"filename\": \"penguin-0.3-0.8.noarch.rpm\", \"epoch\": \"0\", \"version\": \"0.3\", \"version_sort_index\": \"01-0.01-3\", \"provides\": [{\"release\": \"0.8\", \"epoch\": \"0\", \"version\": \"0.3\", \"flags\": \"EQ\", \"name\": \"penguin\"}], \"files\": {\"file\": [\"//penguin.txt\"], \"dir\": []}, \"repodata\": {\"filelists\": \"<package arch=\\\"noarch\\\" name=\\\"penguin\\\" pkgid=\\\"3fcb2c927de9e13bf68469032a28b139d3e5ad2e58564fc210fd6e48635be694\\\">\\n    <version epoch=\\\"0\\\" rel=\\\"0.8\\\" ver=\\\"0.3\\\" />\\n\\n    <file>//penguin.txt</file>\\n</package>\\n\\n\", \"other\": \"<package arch=\\\"noarch\\\" name=\\\"penguin\\\" pkgid=\\\"3fcb2c927de9e13bf68469032a28b139d3e5ad2e58564fc210fd6e48635be694\\\">\\n    <version epoch=\\\"0\\\" rel=\\\"0.8\\\" ver=\\\"0.3\\\" />\\n\\n</package>\\n\\n\", \"primary\": \"<package type=\\\"rpm\\\">\\n  <name>penguin</name>\\n  <arch>noarch</arch>\\n  <version epoch=\\\"0\\\" rel=\\\"0.8\\\" ver=\\\"0.3\\\" />\\n  <checksum pkgid=\\\"YES\\\" type=\\\"sha256\\\">3fcb2c927de9e13bf68469032a28b139d3e5ad2e58564fc210fd6e48635be694</checksum>\\n  <summary>A dummy package of penguin</summary>\\n  <description>A dummy package of penguin</description>\\n  <packager />\\n  <url>http://tstrachota.fedorapeople.org</url>\\n  <time build=\\\"1308257460\\\" file=\\\"1321891029\\\" />\\n  <size archive=\\\"292\\\" installed=\\\"42\\\" package=\\\"2232\\\" />\\n<location href=\\\"penguin-0.3-0.8.noarch.rpm\\\" />\\n  <format>\\n    <rpm:license>GPLv2</rpm:license>\\n    <rpm:vendor />\\n    <rpm:group>Internet/Applications</rpm:group>\\n    <rpm:buildhost>dhcp-26-118.brq.redhat.com</rpm:buildhost>\\n    <rpm:sourcerpm>penguin-0.3-0.8.src.rpm</rpm:sourcerpm>\\n    <rpm:header-range end=\\\"2016\\\" start=\\\"280\\\" />\\n    <rpm:provides>\\n      <rpm:entry epoch=\\\"0\\\" flags=\\\"EQ\\\" name=\\\"penguin\\\" rel=\\\"0.8\\\" ver=\\\"0.3\\\" />\\n    </rpm:provides>\\n    <rpm:requires>\\n      <rpm:entry name=\\\"/bin/sh\\\" pre=\\\"1\\\" />\\n    </rpm:requires>\\n  </format>\\n</package>\\n\"}, \"description\": \"A dummy package of penguin\", \"time\": 1321891029, \"header_range\": {\"start\": 280, \"end\": 2016}, \"release_sort_index\": \"01-0.01-8\", \"arch\": \"noarch\", \"name\": \"penguin\", \"_storage_path\": \"/var/lib/pulp/content/rpm/penguin/0.3/0.8/noarch/3fcb2c927de9e13bf68469032a28b139d3e5ad2e58564fc210fd6e48635be694/penguin-0.3-0.8.noarch.rpm\", \"sourcerpm\": \"penguin-0.3-0.8.src.rpm\", \"checksumtype\": \"sha256\", \"license\": \"GPLv2\", \"changelog\": [], \"url\": \"http://tstrachota.fedorapeople.org\", \"checksum\": \"3fcb2c927de9e13bf68469032a28b139d3e5ad2e58564fc210fd6e48635be694\", \"summary\": \"A dummy package of penguin\", \"relativepath\": \"penguin-0.3-0.8.noarch.rpm\", \"release\": \"0.8\", \"_id\": \"2d70c78c-d656-4169-abef-907a18417c3b\", \"requires\": [{\"release\": null, \"epoch\": null, \"version\": null, \"flags\": null, \"name\": \"/bin/sh\"}]}}, {\"updated\": \"2013-07-09T04:53:52Z\", \"repo_id\": \"integration_test_id\", \"created\": \"2013-07-09T04:53:52Z\", \"_ns\": \"repo_content_units\", \"unit_id\": \"c96473da-7b64-4869-b495-12cde38def09\", \"unit_type_id\": \"rpm\", \"owner_type\": \"importer\", \"_id\": {\"$oid\": \"51db5f20d60ea36250a04e29\"}, \"id\": \"51db5f20d60ea36250a04e29\", \"owner_id\": \"yum_importer\", \"metadata\": {\"build_time\": 1308257502, \"buildhost\": \"dhcp-26-118.brq.redhat.com\", \"_content_type_id\": \"rpm\", \"vendor\": null, \"size\": 2248, \"group\": \"Internet/Applications\", \"_ns\": \"units_rpm\", \"relative_url_path\": null, \"filename\": \"squirrel-0.3-0.8.noarch.rpm\", \"epoch\": \"0\", \"version\": \"0.3\", \"version_sort_index\": \"01-0.01-3\", \"provides\": [{\"release\": \"0.8\", \"epoch\": \"0\", \"version\": \"0.3\", \"flags\": \"EQ\", \"name\": \"squirrel\"}], \"files\": {\"file\": [\"//squirrel.txt\"], \"dir\": []}, \"repodata\": {\"filelists\": \"<package arch=\\\"noarch\\\" name=\\\"squirrel\\\" pkgid=\\\"251768bdd15f13d78487c27638aa6aecd01551e253756093cde1c0ae878a17d2\\\">\\n    <version epoch=\\\"0\\\" rel=\\\"0.8\\\" ver=\\\"0.3\\\" />\\n\\n    <file>//squirrel.txt</file>\\n</package>\\n\\n\", \"other\": \"<package arch=\\\"noarch\\\" name=\\\"squirrel\\\" pkgid=\\\"251768bdd15f13d78487c27638aa6aecd01551e253756093cde1c0ae878a17d2\\\">\\n    <version epoch=\\\"0\\\" rel=\\\"0.8\\\" ver=\\\"0.3\\\" />\\n\\n</package>\\n\\n\", \"primary\": \"<package type=\\\"rpm\\\">\\n  <name>squirrel</name>\\n  <arch>noarch</arch>\\n  <version epoch=\\\"0\\\" rel=\\\"0.8\\\" ver=\\\"0.3\\\" />\\n  <checksum pkgid=\\\"YES\\\" type=\\\"sha256\\\">251768bdd15f13d78487c27638aa6aecd01551e253756093cde1c0ae878a17d2</checksum>\\n  <summary>A dummy package of squirrel</summary>\\n  <description>A dummy package of squirrel</description>\\n  <packager />\\n  <url>http://tstrachota.fedorapeople.org</url>\\n  <time build=\\\"1308257502\\\" file=\\\"1321891029\\\" />\\n  <size archive=\\\"296\\\" installed=\\\"42\\\" package=\\\"2248\\\" />\\n<location href=\\\"squirrel-0.3-0.8.noarch.rpm\\\" />\\n  <format>\\n    <rpm:license>GPLv2</rpm:license>\\n    <rpm:vendor />\\n    <rpm:group>Internet/Applications</rpm:group>\\n    <rpm:buildhost>dhcp-26-118.brq.redhat.com</rpm:buildhost>\\n    <rpm:sourcerpm>squirrel-0.3-0.8.src.rpm</rpm:sourcerpm>\\n    <rpm:header-range end=\\\"2028\\\" start=\\\"280\\\" />\\n    <rpm:provides>\\n      <rpm:entry epoch=\\\"0\\\" flags=\\\"EQ\\\" name=\\\"squirrel\\\" rel=\\\"0.8\\\" ver=\\\"0.3\\\" />\\n    </rpm:provides>\\n    <rpm:requires>\\n      <rpm:entry name=\\\"/bin/sh\\\" pre=\\\"1\\\" />\\n    </rpm:requires>\\n  </format>\\n</package>\\n\"}, \"description\": \"A dummy package of squirrel\", \"time\": 1321891029, \"header_range\": {\"start\": 280, \"end\": 2028}, \"release_sort_index\": \"01-0.01-8\", \"arch\": \"noarch\", \"name\": \"squirrel\", \"_storage_path\": \"/var/lib/pulp/content/rpm/squirrel/0.3/0.8/noarch/251768bdd15f13d78487c27638aa6aecd01551e253756093cde1c0ae878a17d2/squirrel-0.3-0.8.noarch.rpm\", \"sourcerpm\": \"squirrel-0.3-0.8.src.rpm\", \"checksumtype\": \"sha256\", \"license\": \"GPLv2\", \"changelog\": [], \"url\": \"http://tstrachota.fedorapeople.org\", \"checksum\": \"251768bdd15f13d78487c27638aa6aecd01551e253756093cde1c0ae878a17d2\", \"summary\": \"A dummy package of squirrel\", \"relativepath\": \"squirrel-0.3-0.8.noarch.rpm\", \"release\": \"0.8\", \"_id\": \"c96473da-7b64-4869-b495-12cde38def09\", \"requires\": [{\"release\": null, \"epoch\": null, \"version\": null, \"flags\": null, \"name\": \"/bin/sh\"}]}}, {\"updated\": \"2013-07-09T04:53:52Z\", \"repo_id\": \"integration_test_id\", \"created\": \"2013-07-09T04:53:52Z\", \"_ns\": \"repo_content_units\", \"unit_id\": \"cecf9e20-7315-44f4-bab9-f926b8020dad\", \"unit_type_id\": \"rpm\", \"owner_type\": \"importer\", \"_id\": {\"$oid\": \"51db5f20d60ea36250a04e27\"}, \"id\": \"51db5f20d60ea36250a04e27\", \"owner_id\": \"yum_importer\", \"metadata\": {\"build_time\": 1308257449, \"buildhost\": \"dhcp-26-118.brq.redhat.com\", \"_content_type_id\": \"rpm\", \"vendor\": null, \"size\": 2236, \"group\": \"Internet/Applications\", \"_ns\": \"units_rpm\", \"relative_url_path\": null, \"filename\": \"walrus-0.3-0.8.noarch.rpm\", \"epoch\": \"0\", \"version\": \"0.3\", \"version_sort_index\": \"01-0.01-3\", \"provides\": [{\"release\": \"0.8\", \"epoch\": \"0\", \"version\": \"0.3\", \"flags\": \"EQ\", \"name\": \"walrus\"}], \"files\": {\"file\": [\"//walrus.txt\"], \"dir\": []}, \"repodata\": {\"filelists\": \"<package arch=\\\"noarch\\\" name=\\\"walrus\\\" pkgid=\\\"6e8d6dc057e3e2c9819f0dc7e6c7b7f86bf2e8571bba414adec7fb621a461dfd\\\">\\n    <version epoch=\\\"0\\\" rel=\\\"0.8\\\" ver=\\\"0.3\\\" />\\n\\n    <file>//walrus.txt</file>\\n</package>\\n\\n\", \"other\": \"<package arch=\\\"noarch\\\" name=\\\"walrus\\\" pkgid=\\\"6e8d6dc057e3e2c9819f0dc7e6c7b7f86bf2e8571bba414adec7fb621a461dfd\\\">\\n    <version epoch=\\\"0\\\" rel=\\\"0.8\\\" ver=\\\"0.3\\\" />\\n\\n</package>\\n\\n\", \"primary\": \"<package type=\\\"rpm\\\">\\n  <name>walrus</name>\\n  <arch>noarch</arch>\\n  <version epoch=\\\"0\\\" rel=\\\"0.8\\\" ver=\\\"0.3\\\" />\\n  <checksum pkgid=\\\"YES\\\" type=\\\"sha256\\\">6e8d6dc057e3e2c9819f0dc7e6c7b7f86bf2e8571bba414adec7fb621a461dfd</checksum>\\n  <summary>A dummy package of walrus</summary>\\n  <description>A dummy package of walrus</description>\\n  <packager />\\n  <url>http://tstrachota.fedorapeople.org</url>\\n  <time build=\\\"1308257449\\\" file=\\\"1321891030\\\" />\\n  <size archive=\\\"292\\\" installed=\\\"42\\\" package=\\\"2236\\\" />\\n<location href=\\\"walrus-0.3-0.8.noarch.rpm\\\" />\\n  <format>\\n    <rpm:license>GPLv2</rpm:license>\\n    <rpm:vendor />\\n    <rpm:group>Internet/Applications</rpm:group>\\n    <rpm:buildhost>dhcp-26-118.brq.redhat.com</rpm:buildhost>\\n    <rpm:sourcerpm>walrus-0.3-0.8.src.rpm</rpm:sourcerpm>\\n    <rpm:header-range end=\\\"2016\\\" start=\\\"280\\\" />\\n    <rpm:provides>\\n      <rpm:entry epoch=\\\"0\\\" flags=\\\"EQ\\\" name=\\\"walrus\\\" rel=\\\"0.8\\\" ver=\\\"0.3\\\" />\\n    </rpm:provides>\\n    <rpm:requires>\\n      <rpm:entry name=\\\"/bin/sh\\\" pre=\\\"1\\\" />\\n    </rpm:requires>\\n  </format>\\n</package>\\n\"}, \"description\": \"A dummy package of walrus\", \"time\": 1321891030, \"header_range\": {\"start\": 280, \"end\": 2016}, \"release_sort_index\": \"01-0.01-8\", \"arch\": \"noarch\", \"name\": \"walrus\", \"_storage_path\": \"/var/lib/pulp/content/rpm/walrus/0.3/0.8/noarch/6e8d6dc057e3e2c9819f0dc7e6c7b7f86bf2e8571bba414adec7fb621a461dfd/walrus-0.3-0.8.noarch.rpm\", \"sourcerpm\": \"walrus-0.3-0.8.src.rpm\", \"checksumtype\": \"sha256\", \"license\": \"GPLv2\", \"changelog\": [], \"url\": \"http://tstrachota.fedorapeople.org\", \"checksum\": \"6e8d6dc057e3e2c9819f0dc7e6c7b7f86bf2e8571bba414adec7fb621a461dfd\", \"summary\": \"A dummy package of walrus\", \"relativepath\": \"walrus-0.3-0.8.noarch.rpm\", \"release\": \"0.8\", \"_id\": \"cecf9e20-7315-44f4-bab9-f926b8020dad\", \"requires\": [{\"release\": null, \"epoch\": null, \"version\": null, \"flags\": null, \"name\": \"/bin/sh\"}]}}]"
    http_version: 
  recorded_at: Tue, 09 Jul 2013 00:54:33 GMT
- request: 
    method: post
    uri: https://admin:admin@f18/pulp/api/v2/repositories/integration_test_id_clone/actions/associate/
    body: 
      encoding: US-ASCII
      string: "{\"source_repo_id\":\"integration_test_id\"}"
    headers: 
      Accept: 
      - application/json
      Accept-Encoding: 
      - gzip, deflate
      Content-Type: 
      - application/json
      Content-Length: 
      - "40"
      User-Agent: 
      - Ruby
  response: 
    status: 
      code: 202
      message: Accepted
    headers: 
      Date: 
      - Tue, 09 Jul 2013 00:54:33 GMT
      Server: 
      - Apache/2.4.4 (Fedora) OpenSSL/1.0.1e-fips mod_wsgi/3.4 Python/2.7.3
      Content-Encoding: 
      - utf-8
      Content-Length: 
      - "730"
      Content-Type: 
      - application/json
    body: 
      encoding: US-ASCII
      string: "{\"task_group_id\": null, \"exception\": null, \"traceback\": null, \"_href\": \"/pulp/api/v2/tasks/b5a9b2ed-8527-4d97-87c7-5fdc8cbbc7b4/\", \"task_id\": \"b5a9b2ed-8527-4d97-87c7-5fdc8cbbc7b4\", \"call_request_tags\": [\"pulp:repository:integration_test_id_clone\", \"pulp:repository:integration_test_id\", \"pulp:action:associate\"], \"reasons\": [], \"start_time\": null, \"tags\": [\"pulp:repository:integration_test_id_clone\", \"pulp:repository:integration_test_id\", \"pulp:action:associate\"], \"state\": \"waiting\", \"finish_time\": null, \"dependency_failures\": {}, \"schedule_id\": null, \"progress\": {}, \"call_request_group_id\": null, \"call_request_id\": \"b5a9b2ed-8527-4d97-87c7-5fdc8cbbc7b4\", \"principal_login\": \"admin\", \"response\": \"accepted\", \"result\": null}"
    http_version: 
  recorded_at: Tue, 09 Jul 2013 00:54:33 GMT
- request: 
    method: post
    uri: https://admin:admin@f18/pulp/api/v2/repositories/integration_test_id_clone/search/units/
    body: 
      encoding: US-ASCII
      string: "{\"criteria\":{\"type_ids\":[\"rpm\"]}}"
    headers: 
      Accept: 
      - application/json
      Accept-Encoding: 
      - gzip, deflate
      Content-Type: 
      - application/json
      Content-Length: 
      - "33"
      User-Agent: 
      - Ruby
  response: 
    status: 
      code: 200
      message: OK
    headers: 
      Date: 
      - Tue, 09 Jul 2013 00:54:45 GMT
      Server: 
      - Apache/2.4.4 (Fedora) OpenSSL/1.0.1e-fips mod_wsgi/3.4 Python/2.7.3
      Content-Length: 
      - "25703"
      Content-Type: 
      - application/json
    body: 
      encoding: US-ASCII
      string: "[{\"updated\": \"2013-07-09T04:54:25Z\", \"repo_id\": \"integration_test_id_clone\", \"created\": \"2013-07-09T04:54:25Z\", \"_ns\": \"repo_content_units\", \"unit_id\": \"8f8cd6ce-74ba-4dd2-9851-9dc07d874e48\", \"unit_type_id\": \"rpm\", \"owner_type\": \"user\", \"_id\": {\"$oid\": \"51db5f41d60ea36250a04e7a\"}, \"id\": \"51db5f41d60ea36250a04e7a\", \"owner_id\": \"admin\", \"metadata\": {\"build_time\": 1308257472, \"buildhost\": \"dhcp-26-118.brq.redhat.com\", \"_content_type_id\": \"rpm\", \"vendor\": null, \"size\": 2232, \"group\": \"Internet/Applications\", \"_ns\": \"units_rpm\", \"relative_url_path\": null, \"filename\": \"cheetah-0.3-0.8.noarch.rpm\", \"epoch\": \"0\", \"version\": \"0.3\", \"version_sort_index\": \"01-0.01-3\", \"provides\": [{\"release\": \"0.8\", \"epoch\": \"0\", \"version\": \"0.3\", \"flags\": \"EQ\", \"name\": \"cheetah\"}], \"files\": {\"file\": [\"//cheetah.txt\"], \"dir\": []}, \"repodata\": {\"filelists\": \"<package arch=\\\"noarch\\\" name=\\\"cheetah\\\" pkgid=\\\"422d0baa0cd9d7713ae796e886a23e17f578f924f74880debdbb7d65fb368dae\\\">\\n    <version epoch=\\\"0\\\" rel=\\\"0.8\\\" ver=\\\"0.3\\\" />\\n\\n    <file>//cheetah.txt</file>\\n</package>\\n\\n\", \"other\": \"<package arch=\\\"noarch\\\" name=\\\"cheetah\\\" pkgid=\\\"422d0baa0cd9d7713ae796e886a23e17f578f924f74880debdbb7d65fb368dae\\\">\\n    <version epoch=\\\"0\\\" rel=\\\"0.8\\\" ver=\\\"0.3\\\" />\\n\\n</package>\\n\\n\", \"primary\": \"<package type=\\\"rpm\\\">\\n  <name>cheetah</name>\\n  <arch>noarch</arch>\\n  <version epoch=\\\"0\\\" rel=\\\"0.8\\\" ver=\\\"0.3\\\" />\\n  <checksum pkgid=\\\"YES\\\" type=\\\"sha256\\\">422d0baa0cd9d7713ae796e886a23e17f578f924f74880debdbb7d65fb368dae</checksum>\\n  <summary>A dummy package of cheetah</summary>\\n  <description>A dummy package of cheetah</description>\\n  <packager />\\n  <url>http://tstrachota.fedorapeople.org</url>\\n  <time build=\\\"1308257472\\\" file=\\\"1321891028\\\" />\\n  <size archive=\\\"292\\\" installed=\\\"42\\\" package=\\\"2232\\\" />\\n<location href=\\\"cheetah-0.3-0.8.noarch.rpm\\\" />\\n  <format>\\n    <rpm:license>GPLv2</rpm:license>\\n    <rpm:vendor />\\n    <rpm:group>Internet/Applications</rpm:group>\\n    <rpm:buildhost>dhcp-26-118.brq.redhat.com</rpm:buildhost>\\n    <rpm:sourcerpm>cheetah-0.3-0.8.src.rpm</rpm:sourcerpm>\\n    <rpm:header-range end=\\\"2016\\\" start=\\\"280\\\" />\\n    <rpm:provides>\\n      <rpm:entry epoch=\\\"0\\\" flags=\\\"EQ\\\" name=\\\"cheetah\\\" rel=\\\"0.8\\\" ver=\\\"0.3\\\" />\\n    </rpm:provides>\\n    <rpm:requires>\\n      <rpm:entry name=\\\"/bin/sh\\\" pre=\\\"1\\\" />\\n    </rpm:requires>\\n  </format>\\n</package>\\n\"}, \"description\": \"A dummy package of cheetah\", \"time\": 1321891028, \"header_range\": {\"start\": 280, \"end\": 2016}, \"release_sort_index\": \"01-0.01-8\", \"arch\": \"noarch\", \"name\": \"cheetah\", \"_storage_path\": \"/var/lib/pulp/content/rpm/cheetah/0.3/0.8/noarch/422d0baa0cd9d7713ae796e886a23e17f578f924f74880debdbb7d65fb368dae/cheetah-0.3-0.8.noarch.rpm\", \"sourcerpm\": \"cheetah-0.3-0.8.src.rpm\", \"checksumtype\": \"sha256\", \"license\": \"GPLv2\", \"changelog\": [], \"url\": \"http://tstrachota.fedorapeople.org\", \"checksum\": \"422d0baa0cd9d7713ae796e886a23e17f578f924f74880debdbb7d65fb368dae\", \"summary\": \"A dummy package of cheetah\", \"relativepath\": \"cheetah-0.3-0.8.noarch.rpm\", \"release\": \"0.8\", \"_id\": \"8f8cd6ce-74ba-4dd2-9851-9dc07d874e48\", \"requires\": [{\"release\": null, \"epoch\": null, \"version\": null, \"flags\": null, \"name\": \"/bin/sh\"}]}}, {\"updated\": \"2013-07-09T04:54:04Z\", \"repo_id\": \"integration_test_id_clone\", \"created\": \"2013-07-09T04:54:04Z\", \"_ns\": \"repo_content_units\", \"unit_id\": \"f8d17bb6-1a5f-47e7-8ede-f56c9594a5d0\", \"unit_type_id\": \"rpm\", \"owner_type\": \"user\", \"_id\": {\"$oid\": \"51db5f2cd60ea36250a04e56\"}, \"id\": \"51db5f2cd60ea36250a04e56\", \"owner_id\": \"admin\", \"metadata\": {\"build_time\": 1308257466, \"buildhost\": \"dhcp-26-118.brq.redhat.com\", \"_content_type_id\": \"rpm\", \"vendor\": null, \"size\": 2244, \"group\": \"Internet/Applications\", \"_ns\": \"units_rpm\", \"relative_url_path\": null, \"filename\": \"elephant-0.3-0.8.noarch.rpm\", \"epoch\": \"0\", \"version\": \"0.3\", \"version_sort_index\": \"01-0.01-3\", \"provides\": [{\"release\": \"0.8\", \"epoch\": \"0\", \"version\": \"0.3\", \"flags\": \"EQ\", \"name\": \"elephant\"}], \"files\": {\"file\": [\"//elephant.txt\"], \"dir\": []}, \"repodata\": {\"filelists\": \"<package arch=\\\"noarch\\\" name=\\\"elephant\\\" pkgid=\\\"3e1c70cd1b421328acaf6397cb3d16145306bb95f65d1b095fc31372a0a701f3\\\">\\n    <version epoch=\\\"0\\\" rel=\\\"0.8\\\" ver=\\\"0.3\\\" />\\n\\n    <file>//elephant.txt</file>\\n</package>\\n\\n\", \"other\": \"<package arch=\\\"noarch\\\" name=\\\"elephant\\\" pkgid=\\\"3e1c70cd1b421328acaf6397cb3d16145306bb95f65d1b095fc31372a0a701f3\\\">\\n    <version epoch=\\\"0\\\" rel=\\\"0.8\\\" ver=\\\"0.3\\\" />\\n\\n</package>\\n\\n\", \"primary\": \"<package type=\\\"rpm\\\">\\n  <name>elephant</name>\\n  <arch>noarch</arch>\\n  <version epoch=\\\"0\\\" rel=\\\"0.8\\\" ver=\\\"0.3\\\" />\\n  <checksum pkgid=\\\"YES\\\" type=\\\"sha256\\\">3e1c70cd1b421328acaf6397cb3d16145306bb95f65d1b095fc31372a0a701f3</checksum>\\n  <summary>A dummy package of elephant</summary>\\n  <description>A dummy package of elephant</description>\\n  <packager />\\n  <url>http://tstrachota.fedorapeople.org</url>\\n  <time build=\\\"1308257466\\\" file=\\\"1321891027\\\" />\\n  <size archive=\\\"296\\\" installed=\\\"42\\\" package=\\\"2244\\\" />\\n<location href=\\\"elephant-0.3-0.8.noarch.rpm\\\" />\\n  <format>\\n    <rpm:license>GPLv2</rpm:license>\\n    <rpm:vendor />\\n    <rpm:group>Internet/Applications</rpm:group>\\n    <rpm:buildhost>dhcp-26-118.brq.redhat.com</rpm:buildhost>\\n    <rpm:sourcerpm>elephant-0.3-0.8.src.rpm</rpm:sourcerpm>\\n    <rpm:header-range end=\\\"2028\\\" start=\\\"280\\\" />\\n    <rpm:provides>\\n      <rpm:entry epoch=\\\"0\\\" flags=\\\"EQ\\\" name=\\\"elephant\\\" rel=\\\"0.8\\\" ver=\\\"0.3\\\" />\\n    </rpm:provides>\\n    <rpm:requires>\\n      <rpm:entry name=\\\"/bin/sh\\\" pre=\\\"1\\\" />\\n    </rpm:requires>\\n  </format>\\n</package>\\n\"}, \"description\": \"A dummy package of elephant\", \"time\": 1321891027, \"header_range\": {\"start\": 280, \"end\": 2028}, \"release_sort_index\": \"01-0.01-8\", \"arch\": \"noarch\", \"name\": \"elephant\", \"_storage_path\": \"/var/lib/pulp/content/rpm/elephant/0.3/0.8/noarch/3e1c70cd1b421328acaf6397cb3d16145306bb95f65d1b095fc31372a0a701f3/elephant-0.3-0.8.noarch.rpm\", \"sourcerpm\": \"elephant-0.3-0.8.src.rpm\", \"checksumtype\": \"sha256\", \"license\": \"GPLv2\", \"changelog\": [], \"url\": \"http://tstrachota.fedorapeople.org\", \"checksum\": \"3e1c70cd1b421328acaf6397cb3d16145306bb95f65d1b095fc31372a0a701f3\", \"summary\": \"A dummy package of elephant\", \"relativepath\": \"elephant-0.3-0.8.noarch.rpm\", \"release\": \"0.8\", \"_id\": \"f8d17bb6-1a5f-47e7-8ede-f56c9594a5d0\", \"requires\": [{\"release\": null, \"epoch\": null, \"version\": null, \"flags\": null, \"name\": \"/bin/sh\"}]}}, {\"updated\": \"2013-07-09T04:54:04Z\", \"repo_id\": \"integration_test_id_clone\", \"created\": \"2013-07-09T04:54:04Z\", \"_ns\": \"repo_content_units\", \"unit_id\": \"d3f2e18d-5327-472a-9fe8-e40d033de53b\", \"unit_type_id\": \"rpm\", \"owner_type\": \"user\", \"_id\": {\"$oid\": \"51db5f2cd60ea36250a04e57\"}, \"id\": \"51db5f2cd60ea36250a04e57\", \"owner_id\": \"admin\", \"metadata\": {\"build_time\": 1308257414, \"buildhost\": \"dhcp-26-118.brq.redhat.com\", \"_content_type_id\": \"rpm\", \"vendor\": null, \"size\": 2236, \"group\": \"Internet/Applications\", \"_ns\": \"units_rpm\", \"relative_url_path\": null, \"filename\": \"giraffe-0.3-0.8.noarch.rpm\", \"epoch\": \"0\", \"version\": \"0.3\", \"version_sort_index\": \"01-0.01-3\", \"provides\": [{\"release\": \"0.8\", \"epoch\": \"0\", \"version\": \"0.3\", \"flags\": \"EQ\", \"name\": \"giraffe\"}], \"files\": {\"file\": [\"//giraffe.txt\"], \"dir\": []}, \"repodata\": {\"filelists\": \"<package arch=\\\"noarch\\\" name=\\\"giraffe\\\" pkgid=\\\"f25d67d1d9da04f12e57ca323247b43891ac46533e355b82de6d1922009f9f14\\\">\\n    <version epoch=\\\"0\\\" rel=\\\"0.8\\\" ver=\\\"0.3\\\" />\\n\\n    <file>//giraffe.txt</file>\\n</package>\\n\\n\", \"other\": \"<package arch=\\\"noarch\\\" name=\\\"giraffe\\\" pkgid=\\\"f25d67d1d9da04f12e57ca323247b43891ac46533e355b82de6d1922009f9f14\\\">\\n    <version epoch=\\\"0\\\" rel=\\\"0.8\\\" ver=\\\"0.3\\\" />\\n\\n</package>\\n\\n\", \"primary\": \"<package type=\\\"rpm\\\">\\n  <name>giraffe</name>\\n  <arch>noarch</arch>\\n  <version epoch=\\\"0\\\" rel=\\\"0.8\\\" ver=\\\"0.3\\\" />\\n  <checksum pkgid=\\\"YES\\\" type=\\\"sha256\\\">f25d67d1d9da04f12e57ca323247b43891ac46533e355b82de6d1922009f9f14</checksum>\\n  <summary>A dummy package of giraffe</summary>\\n  <description>A dummy package of giraffe</description>\\n  <packager />\\n  <url>http://tstrachota.fedorapeople.org</url>\\n  <time build=\\\"1308257414\\\" file=\\\"1321891027\\\" />\\n  <size archive=\\\"292\\\" installed=\\\"42\\\" package=\\\"2236\\\" />\\n<location href=\\\"giraffe-0.3-0.8.noarch.rpm\\\" />\\n  <format>\\n    <rpm:license>GPLv2</rpm:license>\\n    <rpm:vendor />\\n    <rpm:group>Internet/Applications</rpm:group>\\n    <rpm:buildhost>dhcp-26-118.brq.redhat.com</rpm:buildhost>\\n    <rpm:sourcerpm>giraffe-0.3-0.8.src.rpm</rpm:sourcerpm>\\n    <rpm:header-range end=\\\"2016\\\" start=\\\"280\\\" />\\n    <rpm:provides>\\n      <rpm:entry epoch=\\\"0\\\" flags=\\\"EQ\\\" name=\\\"giraffe\\\" rel=\\\"0.8\\\" ver=\\\"0.3\\\" />\\n    </rpm:provides>\\n    <rpm:requires>\\n      <rpm:entry name=\\\"/bin/sh\\\" pre=\\\"1\\\" />\\n    </rpm:requires>\\n  </format>\\n</package>\\n\"}, \"description\": \"A dummy package of giraffe\", \"time\": 1321891027, \"header_range\": {\"start\": 280, \"end\": 2016}, \"release_sort_index\": \"01-0.01-8\", \"arch\": \"noarch\", \"name\": \"giraffe\", \"_storage_path\": \"/var/lib/pulp/content/rpm/giraffe/0.3/0.8/noarch/f25d67d1d9da04f12e57ca323247b43891ac46533e355b82de6d1922009f9f14/giraffe-0.3-0.8.noarch.rpm\", \"sourcerpm\": \"giraffe-0.3-0.8.src.rpm\", \"checksumtype\": \"sha256\", \"license\": \"GPLv2\", \"changelog\": [], \"url\": \"http://tstrachota.fedorapeople.org\", \"checksum\": \"f25d67d1d9da04f12e57ca323247b43891ac46533e355b82de6d1922009f9f14\", \"summary\": \"A dummy package of giraffe\", \"relativepath\": \"giraffe-0.3-0.8.noarch.rpm\", \"release\": \"0.8\", \"_id\": \"d3f2e18d-5327-472a-9fe8-e40d033de53b\", \"requires\": [{\"release\": null, \"epoch\": null, \"version\": null, \"flags\": null, \"name\": \"/bin/sh\"}]}}, {\"updated\": \"2013-07-09T04:54:04Z\", \"repo_id\": \"integration_test_id_clone\", \"created\": \"2013-07-09T04:54:04Z\", \"_ns\": \"repo_content_units\", \"unit_id\": \"0c61d3dd-5831-4de6-993f-cfff9e9d3744\", \"unit_type_id\": \"rpm\", \"owner_type\": \"user\", \"_id\": {\"$oid\": \"51db5f2cd60ea36250a04e5c\"}, \"id\": \"51db5f2cd60ea36250a04e5c\", \"owner_id\": \"admin\", \"metadata\": {\"build_time\": 1308257455, \"buildhost\": \"dhcp-26-118.brq.redhat.com\", \"_content_type_id\": \"rpm\", \"vendor\": null, \"size\": 2212, \"group\": \"Internet/Applications\", \"_ns\": \"units_rpm\", \"relative_url_path\": null, \"filename\": \"lion-0.3-0.8.noarch.rpm\", \"epoch\": \"0\", \"version\": \"0.3\", \"version_sort_index\": \"01-0.01-3\", \"provides\": [{\"release\": \"0.8\", \"epoch\": \"0\", \"version\": \"0.3\", \"flags\": \"EQ\", \"name\": \"lion\"}], \"files\": {\"file\": [\"//lion.txt\"], \"dir\": []}, \"repodata\": {\"filelists\": \"<package arch=\\\"noarch\\\" name=\\\"lion\\\" pkgid=\\\"12400dc95c23a4c160725a908716cd3fcdd7a8981585437ab64cd62efa3e4ae4\\\">\\n    <version epoch=\\\"0\\\" rel=\\\"0.8\\\" ver=\\\"0.3\\\" />\\n\\n    <file>//lion.txt</file>\\n</package>\\n\\n\", \"other\": \"<package arch=\\\"noarch\\\" name=\\\"lion\\\" pkgid=\\\"12400dc95c23a4c160725a908716cd3fcdd7a8981585437ab64cd62efa3e4ae4\\\">\\n    <version epoch=\\\"0\\\" rel=\\\"0.8\\\" ver=\\\"0.3\\\" />\\n\\n</package>\\n\\n\", \"primary\": \"<package type=\\\"rpm\\\">\\n  <name>lion</name>\\n  <arch>noarch</arch>\\n  <version epoch=\\\"0\\\" rel=\\\"0.8\\\" ver=\\\"0.3\\\" />\\n  <checksum pkgid=\\\"YES\\\" type=\\\"sha256\\\">12400dc95c23a4c160725a908716cd3fcdd7a8981585437ab64cd62efa3e4ae4</checksum>\\n  <summary>A dummy package of lion</summary>\\n  <description>A dummy package of lion</description>\\n  <packager />\\n  <url>http://tstrachota.fedorapeople.org</url>\\n  <time build=\\\"1308257455\\\" file=\\\"1321891028\\\" />\\n  <size archive=\\\"292\\\" installed=\\\"42\\\" package=\\\"2212\\\" />\\n<location href=\\\"lion-0.3-0.8.noarch.rpm\\\" />\\n  <format>\\n    <rpm:license>GPLv2</rpm:license>\\n    <rpm:vendor />\\n    <rpm:group>Internet/Applications</rpm:group>\\n    <rpm:buildhost>dhcp-26-118.brq.redhat.com</rpm:buildhost>\\n    <rpm:sourcerpm>lion-0.3-0.8.src.rpm</rpm:sourcerpm>\\n    <rpm:header-range end=\\\"2000\\\" start=\\\"280\\\" />\\n    <rpm:provides>\\n      <rpm:entry epoch=\\\"0\\\" flags=\\\"EQ\\\" name=\\\"lion\\\" rel=\\\"0.8\\\" ver=\\\"0.3\\\" />\\n    </rpm:provides>\\n    <rpm:requires>\\n      <rpm:entry name=\\\"/bin/sh\\\" pre=\\\"1\\\" />\\n    </rpm:requires>\\n  </format>\\n</package>\\n\"}, \"description\": \"A dummy package of lion\", \"time\": 1321891028, \"header_range\": {\"start\": 280, \"end\": 2000}, \"release_sort_index\": \"01-0.01-8\", \"arch\": \"noarch\", \"name\": \"lion\", \"_storage_path\": \"/var/lib/pulp/content/rpm/lion/0.3/0.8/noarch/12400dc95c23a4c160725a908716cd3fcdd7a8981585437ab64cd62efa3e4ae4/lion-0.3-0.8.noarch.rpm\", \"sourcerpm\": \"lion-0.3-0.8.src.rpm\", \"checksumtype\": \"sha256\", \"license\": \"GPLv2\", \"changelog\": [], \"url\": \"http://tstrachota.fedorapeople.org\", \"checksum\": \"12400dc95c23a4c160725a908716cd3fcdd7a8981585437ab64cd62efa3e4ae4\", \"summary\": \"A dummy package of lion\", \"relativepath\": \"lion-0.3-0.8.noarch.rpm\", \"release\": \"0.8\", \"_id\": \"0c61d3dd-5831-4de6-993f-cfff9e9d3744\", \"requires\": [{\"release\": null, \"epoch\": null, \"version\": null, \"flags\": null, \"name\": \"/bin/sh\"}]}}, {\"updated\": \"2013-07-09T04:54:04Z\", \"repo_id\": \"integration_test_id_clone\", \"created\": \"2013-07-09T04:54:04Z\", \"_ns\": \"repo_content_units\", \"unit_id\": \"02cd64dd-4e0b-425a-8c62-0cdb48277b17\", \"unit_type_id\": \"rpm\", \"owner_type\": \"user\", \"_id\": {\"$oid\": \"51db5f2cd60ea36250a04e5d\"}, \"id\": \"51db5f2cd60ea36250a04e5d\", \"owner_id\": \"admin\", \"metadata\": {\"build_time\": 1308257260, \"buildhost\": \"dhcp-26-118.brq.redhat.com\", \"_content_type_id\": \"rpm\", \"vendor\": null, \"size\": 2232, \"group\": \"Internet/Applications\", \"_ns\": \"units_rpm\", \"relative_url_path\": null, \"filename\": \"monkey-0.3-0.8.noarch.rpm\", \"epoch\": \"0\", \"version\": \"0.3\", \"version_sort_index\": \"01-0.01-3\", \"provides\": [{\"release\": \"0.8\", \"epoch\": \"0\", \"version\": \"0.3\", \"flags\": \"EQ\", \"name\": \"monkey\"}], \"files\": {\"file\": [\"//monkey.txt\"], \"dir\": []}, \"repodata\": {\"filelists\": \"<package arch=\\\"noarch\\\" name=\\\"monkey\\\" pkgid=\\\"0e8fa50d0128fbabc7ccc5632e3fa25d39b0280169f6166cb8e2c84de8501db1\\\">\\n    <version epoch=\\\"0\\\" rel=\\\"0.8\\\" ver=\\\"0.3\\\" />\\n\\n    <file>//monkey.txt</file>\\n</package>\\n\\n\", \"other\": \"<package arch=\\\"noarch\\\" name=\\\"monkey\\\" pkgid=\\\"0e8fa50d0128fbabc7ccc5632e3fa25d39b0280169f6166cb8e2c84de8501db1\\\">\\n    <version epoch=\\\"0\\\" rel=\\\"0.8\\\" ver=\\\"0.3\\\" />\\n\\n</package>\\n\\n\", \"primary\": \"<package type=\\\"rpm\\\">\\n  <name>monkey</name>\\n  <arch>noarch</arch>\\n  <version epoch=\\\"0\\\" rel=\\\"0.8\\\" ver=\\\"0.3\\\" />\\n  <checksum pkgid=\\\"YES\\\" type=\\\"sha256\\\">0e8fa50d0128fbabc7ccc5632e3fa25d39b0280169f6166cb8e2c84de8501db1</checksum>\\n  <summary>A dummy package of monkey</summary>\\n  <description>A dummy package of monkey</description>\\n  <packager />\\n  <url>http://tstrachota.fedorapeople.org</url>\\n  <time build=\\\"1308257260\\\" file=\\\"1321891029\\\" />\\n  <size archive=\\\"292\\\" installed=\\\"42\\\" package=\\\"2232\\\" />\\n<location href=\\\"monkey-0.3-0.8.noarch.rpm\\\" />\\n  <format>\\n    <rpm:license>GPLv2</rpm:license>\\n    <rpm:vendor />\\n    <rpm:group>Internet/Applications</rpm:group>\\n    <rpm:buildhost>dhcp-26-118.brq.redhat.com</rpm:buildhost>\\n    <rpm:sourcerpm>monkey-0.3-0.8.src.rpm</rpm:sourcerpm>\\n    <rpm:header-range end=\\\"2016\\\" start=\\\"280\\\" />\\n    <rpm:provides>\\n      <rpm:entry epoch=\\\"0\\\" flags=\\\"EQ\\\" name=\\\"monkey\\\" rel=\\\"0.8\\\" ver=\\\"0.3\\\" />\\n    </rpm:provides>\\n    <rpm:requires>\\n      <rpm:entry name=\\\"/bin/sh\\\" pre=\\\"1\\\" />\\n    </rpm:requires>\\n  </format>\\n</package>\\n\"}, \"description\": \"A dummy package of monkey\", \"time\": 1321891029, \"header_range\": {\"start\": 280, \"end\": 2016}, \"release_sort_index\": \"01-0.01-8\", \"arch\": \"noarch\", \"name\": \"monkey\", \"_storage_path\": \"/var/lib/pulp/content/rpm/monkey/0.3/0.8/noarch/0e8fa50d0128fbabc7ccc5632e3fa25d39b0280169f6166cb8e2c84de8501db1/monkey-0.3-0.8.noarch.rpm\", \"sourcerpm\": \"monkey-0.3-0.8.src.rpm\", \"checksumtype\": \"sha256\", \"license\": \"GPLv2\", \"changelog\": [], \"url\": \"http://tstrachota.fedorapeople.org\", \"checksum\": \"0e8fa50d0128fbabc7ccc5632e3fa25d39b0280169f6166cb8e2c84de8501db1\", \"summary\": \"A dummy package of monkey\", \"relativepath\": \"monkey-0.3-0.8.noarch.rpm\", \"release\": \"0.8\", \"_id\": \"02cd64dd-4e0b-425a-8c62-0cdb48277b17\", \"requires\": [{\"release\": null, \"epoch\": null, \"version\": null, \"flags\": null, \"name\": \"/bin/sh\"}]}}, {\"updated\": \"2013-07-09T04:54:04Z\", \"repo_id\": \"integration_test_id_clone\", \"created\": \"2013-07-09T04:54:04Z\", \"_ns\": \"repo_content_units\", \"unit_id\": \"2d70c78c-d656-4169-abef-907a18417c3b\", \"unit_type_id\": \"rpm\", \"owner_type\": \"user\", \"_id\": {\"$oid\": \"51db5f2cd60ea36250a04e5b\"}, \"id\": \"51db5f2cd60ea36250a04e5b\", \"owner_id\": \"admin\", \"metadata\": {\"build_time\": 1308257460, \"buildhost\": \"dhcp-26-118.brq.redhat.com\", \"_content_type_id\": \"rpm\", \"vendor\": null, \"size\": 2232, \"group\": \"Internet/Applications\", \"_ns\": \"units_rpm\", \"relative_url_path\": null, \"filename\": \"penguin-0.3-0.8.noarch.rpm\", \"epoch\": \"0\", \"version\": \"0.3\", \"version_sort_index\": \"01-0.01-3\", \"provides\": [{\"release\": \"0.8\", \"epoch\": \"0\", \"version\": \"0.3\", \"flags\": \"EQ\", \"name\": \"penguin\"}], \"files\": {\"file\": [\"//penguin.txt\"], \"dir\": []}, \"repodata\": {\"filelists\": \"<package arch=\\\"noarch\\\" name=\\\"penguin\\\" pkgid=\\\"3fcb2c927de9e13bf68469032a28b139d3e5ad2e58564fc210fd6e48635be694\\\">\\n    <version epoch=\\\"0\\\" rel=\\\"0.8\\\" ver=\\\"0.3\\\" />\\n\\n    <file>//penguin.txt</file>\\n</package>\\n\\n\", \"other\": \"<package arch=\\\"noarch\\\" name=\\\"penguin\\\" pkgid=\\\"3fcb2c927de9e13bf68469032a28b139d3e5ad2e58564fc210fd6e48635be694\\\">\\n    <version epoch=\\\"0\\\" rel=\\\"0.8\\\" ver=\\\"0.3\\\" />\\n\\n</package>\\n\\n\", \"primary\": \"<package type=\\\"rpm\\\">\\n  <name>penguin</name>\\n  <arch>noarch</arch>\\n  <version epoch=\\\"0\\\" rel=\\\"0.8\\\" ver=\\\"0.3\\\" />\\n  <checksum pkgid=\\\"YES\\\" type=\\\"sha256\\\">3fcb2c927de9e13bf68469032a28b139d3e5ad2e58564fc210fd6e48635be694</checksum>\\n  <summary>A dummy package of penguin</summary>\\n  <description>A dummy package of penguin</description>\\n  <packager />\\n  <url>http://tstrachota.fedorapeople.org</url>\\n  <time build=\\\"1308257460\\\" file=\\\"1321891029\\\" />\\n  <size archive=\\\"292\\\" installed=\\\"42\\\" package=\\\"2232\\\" />\\n<location href=\\\"penguin-0.3-0.8.noarch.rpm\\\" />\\n  <format>\\n    <rpm:license>GPLv2</rpm:license>\\n    <rpm:vendor />\\n    <rpm:group>Internet/Applications</rpm:group>\\n    <rpm:buildhost>dhcp-26-118.brq.redhat.com</rpm:buildhost>\\n    <rpm:sourcerpm>penguin-0.3-0.8.src.rpm</rpm:sourcerpm>\\n    <rpm:header-range end=\\\"2016\\\" start=\\\"280\\\" />\\n    <rpm:provides>\\n      <rpm:entry epoch=\\\"0\\\" flags=\\\"EQ\\\" name=\\\"penguin\\\" rel=\\\"0.8\\\" ver=\\\"0.3\\\" />\\n    </rpm:provides>\\n    <rpm:requires>\\n      <rpm:entry name=\\\"/bin/sh\\\" pre=\\\"1\\\" />\\n    </rpm:requires>\\n  </format>\\n</package>\\n\"}, \"description\": \"A dummy package of penguin\", \"time\": 1321891029, \"header_range\": {\"start\": 280, \"end\": 2016}, \"release_sort_index\": \"01-0.01-8\", \"arch\": \"noarch\", \"name\": \"penguin\", \"_storage_path\": \"/var/lib/pulp/content/rpm/penguin/0.3/0.8/noarch/3fcb2c927de9e13bf68469032a28b139d3e5ad2e58564fc210fd6e48635be694/penguin-0.3-0.8.noarch.rpm\", \"sourcerpm\": \"penguin-0.3-0.8.src.rpm\", \"checksumtype\": \"sha256\", \"license\": \"GPLv2\", \"changelog\": [], \"url\": \"http://tstrachota.fedorapeople.org\", \"checksum\": \"3fcb2c927de9e13bf68469032a28b139d3e5ad2e58564fc210fd6e48635be694\", \"summary\": \"A dummy package of penguin\", \"relativepath\": \"penguin-0.3-0.8.noarch.rpm\", \"release\": \"0.8\", \"_id\": \"2d70c78c-d656-4169-abef-907a18417c3b\", \"requires\": [{\"release\": null, \"epoch\": null, \"version\": null, \"flags\": null, \"name\": \"/bin/sh\"}]}}, {\"updated\": \"2013-07-09T04:54:04Z\", \"repo_id\": \"integration_test_id_clone\", \"created\": \"2013-07-09T04:54:04Z\", \"_ns\": \"repo_content_units\", \"unit_id\": \"c96473da-7b64-4869-b495-12cde38def09\", \"unit_type_id\": \"rpm\", \"owner_type\": \"user\", \"_id\": {\"$oid\": \"51db5f2cd60ea36250a04e59\"}, \"id\": \"51db5f2cd60ea36250a04e59\", \"owner_id\": \"admin\", \"metadata\": {\"build_time\": 1308257502, \"buildhost\": \"dhcp-26-118.brq.redhat.com\", \"_content_type_id\": \"rpm\", \"vendor\": null, \"size\": 2248, \"group\": \"Internet/Applications\", \"_ns\": \"units_rpm\", \"relative_url_path\": null, \"filename\": \"squirrel-0.3-0.8.noarch.rpm\", \"epoch\": \"0\", \"version\": \"0.3\", \"version_sort_index\": \"01-0.01-3\", \"provides\": [{\"release\": \"0.8\", \"epoch\": \"0\", \"version\": \"0.3\", \"flags\": \"EQ\", \"name\": \"squirrel\"}], \"files\": {\"file\": [\"//squirrel.txt\"], \"dir\": []}, \"repodata\": {\"filelists\": \"<package arch=\\\"noarch\\\" name=\\\"squirrel\\\" pkgid=\\\"251768bdd15f13d78487c27638aa6aecd01551e253756093cde1c0ae878a17d2\\\">\\n    <version epoch=\\\"0\\\" rel=\\\"0.8\\\" ver=\\\"0.3\\\" />\\n\\n    <file>//squirrel.txt</file>\\n</package>\\n\\n\", \"other\": \"<package arch=\\\"noarch\\\" name=\\\"squirrel\\\" pkgid=\\\"251768bdd15f13d78487c27638aa6aecd01551e253756093cde1c0ae878a17d2\\\">\\n    <version epoch=\\\"0\\\" rel=\\\"0.8\\\" ver=\\\"0.3\\\" />\\n\\n</package>\\n\\n\", \"primary\": \"<package type=\\\"rpm\\\">\\n  <name>squirrel</name>\\n  <arch>noarch</arch>\\n  <version epoch=\\\"0\\\" rel=\\\"0.8\\\" ver=\\\"0.3\\\" />\\n  <checksum pkgid=\\\"YES\\\" type=\\\"sha256\\\">251768bdd15f13d78487c27638aa6aecd01551e253756093cde1c0ae878a17d2</checksum>\\n  <summary>A dummy package of squirrel</summary>\\n  <description>A dummy package of squirrel</description>\\n  <packager />\\n  <url>http://tstrachota.fedorapeople.org</url>\\n  <time build=\\\"1308257502\\\" file=\\\"1321891029\\\" />\\n  <size archive=\\\"296\\\" installed=\\\"42\\\" package=\\\"2248\\\" />\\n<location href=\\\"squirrel-0.3-0.8.noarch.rpm\\\" />\\n  <format>\\n    <rpm:license>GPLv2</rpm:license>\\n    <rpm:vendor />\\n    <rpm:group>Internet/Applications</rpm:group>\\n    <rpm:buildhost>dhcp-26-118.brq.redhat.com</rpm:buildhost>\\n    <rpm:sourcerpm>squirrel-0.3-0.8.src.rpm</rpm:sourcerpm>\\n    <rpm:header-range end=\\\"2028\\\" start=\\\"280\\\" />\\n    <rpm:provides>\\n      <rpm:entry epoch=\\\"0\\\" flags=\\\"EQ\\\" name=\\\"squirrel\\\" rel=\\\"0.8\\\" ver=\\\"0.3\\\" />\\n    </rpm:provides>\\n    <rpm:requires>\\n      <rpm:entry name=\\\"/bin/sh\\\" pre=\\\"1\\\" />\\n    </rpm:requires>\\n  </format>\\n</package>\\n\"}, \"description\": \"A dummy package of squirrel\", \"time\": 1321891029, \"header_range\": {\"start\": 280, \"end\": 2028}, \"release_sort_index\": \"01-0.01-8\", \"arch\": \"noarch\", \"name\": \"squirrel\", \"_storage_path\": \"/var/lib/pulp/content/rpm/squirrel/0.3/0.8/noarch/251768bdd15f13d78487c27638aa6aecd01551e253756093cde1c0ae878a17d2/squirrel-0.3-0.8.noarch.rpm\", \"sourcerpm\": \"squirrel-0.3-0.8.src.rpm\", \"checksumtype\": \"sha256\", \"license\": \"GPLv2\", \"changelog\": [], \"url\": \"http://tstrachota.fedorapeople.org\", \"checksum\": \"251768bdd15f13d78487c27638aa6aecd01551e253756093cde1c0ae878a17d2\", \"summary\": \"A dummy package of squirrel\", \"relativepath\": \"squirrel-0.3-0.8.noarch.rpm\", \"release\": \"0.8\", \"_id\": \"c96473da-7b64-4869-b495-12cde38def09\", \"requires\": [{\"release\": null, \"epoch\": null, \"version\": null, \"flags\": null, \"name\": \"/bin/sh\"}]}}, {\"updated\": \"2013-07-09T04:54:04Z\", \"repo_id\": \"integration_test_id_clone\", \"created\": \"2013-07-09T04:54:04Z\", \"_ns\": \"repo_content_units\", \"unit_id\": \"cecf9e20-7315-44f4-bab9-f926b8020dad\", \"unit_type_id\": \"rpm\", \"owner_type\": \"user\", \"_id\": {\"$oid\": \"51db5f2cd60ea36250a04e58\"}, \"id\": \"51db5f2cd60ea36250a04e58\", \"owner_id\": \"admin\", \"metadata\": {\"build_time\": 1308257449, \"buildhost\": \"dhcp-26-118.brq.redhat.com\", \"_content_type_id\": \"rpm\", \"vendor\": null, \"size\": 2236, \"group\": \"Internet/Applications\", \"_ns\": \"units_rpm\", \"relative_url_path\": null, \"filename\": \"walrus-0.3-0.8.noarch.rpm\", \"epoch\": \"0\", \"version\": \"0.3\", \"version_sort_index\": \"01-0.01-3\", \"provides\": [{\"release\": \"0.8\", \"epoch\": \"0\", \"version\": \"0.3\", \"flags\": \"EQ\", \"name\": \"walrus\"}], \"files\": {\"file\": [\"//walrus.txt\"], \"dir\": []}, \"repodata\": {\"filelists\": \"<package arch=\\\"noarch\\\" name=\\\"walrus\\\" pkgid=\\\"6e8d6dc057e3e2c9819f0dc7e6c7b7f86bf2e8571bba414adec7fb621a461dfd\\\">\\n    <version epoch=\\\"0\\\" rel=\\\"0.8\\\" ver=\\\"0.3\\\" />\\n\\n    <file>//walrus.txt</file>\\n</package>\\n\\n\", \"other\": \"<package arch=\\\"noarch\\\" name=\\\"walrus\\\" pkgid=\\\"6e8d6dc057e3e2c9819f0dc7e6c7b7f86bf2e8571bba414adec7fb621a461dfd\\\">\\n    <version epoch=\\\"0\\\" rel=\\\"0.8\\\" ver=\\\"0.3\\\" />\\n\\n</package>\\n\\n\", \"primary\": \"<package type=\\\"rpm\\\">\\n  <name>walrus</name>\\n  <arch>noarch</arch>\\n  <version epoch=\\\"0\\\" rel=\\\"0.8\\\" ver=\\\"0.3\\\" />\\n  <checksum pkgid=\\\"YES\\\" type=\\\"sha256\\\">6e8d6dc057e3e2c9819f0dc7e6c7b7f86bf2e8571bba414adec7fb621a461dfd</checksum>\\n  <summary>A dummy package of walrus</summary>\\n  <description>A dummy package of walrus</description>\\n  <packager />\\n  <url>http://tstrachota.fedorapeople.org</url>\\n  <time build=\\\"1308257449\\\" file=\\\"1321891030\\\" />\\n  <size archive=\\\"292\\\" installed=\\\"42\\\" package=\\\"2236\\\" />\\n<location href=\\\"walrus-0.3-0.8.noarch.rpm\\\" />\\n  <format>\\n    <rpm:license>GPLv2</rpm:license>\\n    <rpm:vendor />\\n    <rpm:group>Internet/Applications</rpm:group>\\n    <rpm:buildhost>dhcp-26-118.brq.redhat.com</rpm:buildhost>\\n    <rpm:sourcerpm>walrus-0.3-0.8.src.rpm</rpm:sourcerpm>\\n    <rpm:header-range end=\\\"2016\\\" start=\\\"280\\\" />\\n    <rpm:provides>\\n      <rpm:entry epoch=\\\"0\\\" flags=\\\"EQ\\\" name=\\\"walrus\\\" rel=\\\"0.8\\\" ver=\\\"0.3\\\" />\\n    </rpm:provides>\\n    <rpm:requires>\\n      <rpm:entry name=\\\"/bin/sh\\\" pre=\\\"1\\\" />\\n    </rpm:requires>\\n  </format>\\n</package>\\n\"}, \"description\": \"A dummy package of walrus\", \"time\": 1321891030, \"header_range\": {\"start\": 280, \"end\": 2016}, \"release_sort_index\": \"01-0.01-8\", \"arch\": \"noarch\", \"name\": \"walrus\", \"_storage_path\": \"/var/lib/pulp/content/rpm/walrus/0.3/0.8/noarch/6e8d6dc057e3e2c9819f0dc7e6c7b7f86bf2e8571bba414adec7fb621a461dfd/walrus-0.3-0.8.noarch.rpm\", \"sourcerpm\": \"walrus-0.3-0.8.src.rpm\", \"checksumtype\": \"sha256\", \"license\": \"GPLv2\", \"changelog\": [], \"url\": \"http://tstrachota.fedorapeople.org\", \"checksum\": \"6e8d6dc057e3e2c9819f0dc7e6c7b7f86bf2e8571bba414adec7fb621a461dfd\", \"summary\": \"A dummy package of walrus\", \"relativepath\": \"walrus-0.3-0.8.noarch.rpm\", \"release\": \"0.8\", \"_id\": \"cecf9e20-7315-44f4-bab9-f926b8020dad\", \"requires\": [{\"release\": null, \"epoch\": null, \"version\": null, \"flags\": null, \"name\": \"/bin/sh\"}]}}]"
    http_version: 
  recorded_at: Tue, 09 Jul 2013 00:54:45 GMT
- request: 
    method: post
    uri: https://admin:admin@f18/pulp/api/v2/repositories/integration_test_id_clone/actions/unassociate/
    body: 
      encoding: US-ASCII
      string: "{\"criteria\":{\"type_ids\":[\"rpm\"],\"filters\":{\"association\":{\"unit_id\":{\"$in\":[\"8f8cd6ce-74ba-4dd2-9851-9dc07d874e48\"]}}}}}"
    headers: 
      Accept: 
      - application/json
      Accept-Encoding: 
      - gzip, deflate
      Content-Type: 
      - application/json
      Content-Length: 
      - "120"
      User-Agent: 
      - Ruby
  response: 
    status: 
      code: 202
      message: Accepted
    headers: 
      Date: 
      - Tue, 09 Jul 2013 00:54:45 GMT
      Server: 
      - Apache/2.4.4 (Fedora) OpenSSL/1.0.1e-fips mod_wsgi/3.4 Python/2.7.3
      Content-Encoding: 
      - utf-8
      Content-Length: 
      - "656"
      Content-Type: 
      - application/json
    body: 
      encoding: US-ASCII
      string: "{\"task_group_id\": null, \"exception\": null, \"traceback\": null, \"_href\": \"/pulp/api/v2/tasks/0c11887c-9e36-4e34-a430-0dee2fee568b/\", \"task_id\": \"0c11887c-9e36-4e34-a430-0dee2fee568b\", \"call_request_tags\": [\"pulp:repository:integration_test_id_clone\", \"pulp:action:unassociate\"], \"reasons\": [], \"start_time\": null, \"tags\": [\"pulp:repository:integration_test_id_clone\", \"pulp:action:unassociate\"], \"state\": \"waiting\", \"finish_time\": null, \"dependency_failures\": {}, \"schedule_id\": null, \"progress\": {}, \"call_request_group_id\": null, \"call_request_id\": \"0c11887c-9e36-4e34-a430-0dee2fee568b\", \"principal_login\": \"admin\", \"response\": \"accepted\", \"result\": null}"
    http_version: 
  recorded_at: Tue, 09 Jul 2013 00:54:45 GMT
- request: 
    method: post
    uri: https://admin:admin@f18/pulp/api/v2/repositories/integration_test_id_clone/search/units/
    body: 
      encoding: US-ASCII
      string: "{\"criteria\":{\"type_ids\":[\"rpm\"]}}"
    headers: 
      Accept: 
      - application/json
      Accept-Encoding: 
      - gzip, deflate
      Content-Type: 
      - application/json
      Content-Length: 
      - "33"
      User-Agent: 
      - Ruby
  response: 
    status: 
      code: 200
      message: OK
    headers: 
      Date: 
      - Tue, 09 Jul 2013 00:54:54 GMT
      Server: 
      - Apache/2.4.4 (Fedora) OpenSSL/1.0.1e-fips mod_wsgi/3.4 Python/2.7.3
      Content-Length: 
      - "22483"
      Content-Type: 
      - application/json
    body: 
      encoding: US-ASCII
      string: "[{\"updated\": \"2013-07-09T04:54:04Z\", \"repo_id\": \"integration_test_id_clone\", \"created\": \"2013-07-09T04:54:04Z\", \"_ns\": \"repo_content_units\", \"unit_id\": \"f8d17bb6-1a5f-47e7-8ede-f56c9594a5d0\", \"unit_type_id\": \"rpm\", \"owner_type\": \"user\", \"_id\": {\"$oid\": \"51db5f2cd60ea36250a04e56\"}, \"id\": \"51db5f2cd60ea36250a04e56\", \"owner_id\": \"admin\", \"metadata\": {\"build_time\": 1308257466, \"buildhost\": \"dhcp-26-118.brq.redhat.com\", \"_content_type_id\": \"rpm\", \"vendor\": null, \"size\": 2244, \"group\": \"Internet/Applications\", \"_ns\": \"units_rpm\", \"relative_url_path\": null, \"filename\": \"elephant-0.3-0.8.noarch.rpm\", \"epoch\": \"0\", \"version\": \"0.3\", \"version_sort_index\": \"01-0.01-3\", \"provides\": [{\"release\": \"0.8\", \"epoch\": \"0\", \"version\": \"0.3\", \"flags\": \"EQ\", \"name\": \"elephant\"}], \"files\": {\"file\": [\"//elephant.txt\"], \"dir\": []}, \"repodata\": {\"filelists\": \"<package arch=\\\"noarch\\\" name=\\\"elephant\\\" pkgid=\\\"3e1c70cd1b421328acaf6397cb3d16145306bb95f65d1b095fc31372a0a701f3\\\">\\n    <version epoch=\\\"0\\\" rel=\\\"0.8\\\" ver=\\\"0.3\\\" />\\n\\n    <file>//elephant.txt</file>\\n</package>\\n\\n\", \"other\": \"<package arch=\\\"noarch\\\" name=\\\"elephant\\\" pkgid=\\\"3e1c70cd1b421328acaf6397cb3d16145306bb95f65d1b095fc31372a0a701f3\\\">\\n    <version epoch=\\\"0\\\" rel=\\\"0.8\\\" ver=\\\"0.3\\\" />\\n\\n</package>\\n\\n\", \"primary\": \"<package type=\\\"rpm\\\">\\n  <name>elephant</name>\\n  <arch>noarch</arch>\\n  <version epoch=\\\"0\\\" rel=\\\"0.8\\\" ver=\\\"0.3\\\" />\\n  <checksum pkgid=\\\"YES\\\" type=\\\"sha256\\\">3e1c70cd1b421328acaf6397cb3d16145306bb95f65d1b095fc31372a0a701f3</checksum>\\n  <summary>A dummy package of elephant</summary>\\n  <description>A dummy package of elephant</description>\\n  <packager />\\n  <url>http://tstrachota.fedorapeople.org</url>\\n  <time build=\\\"1308257466\\\" file=\\\"1321891027\\\" />\\n  <size archive=\\\"296\\\" installed=\\\"42\\\" package=\\\"2244\\\" />\\n<location href=\\\"elephant-0.3-0.8.noarch.rpm\\\" />\\n  <format>\\n    <rpm:license>GPLv2</rpm:license>\\n    <rpm:vendor />\\n    <rpm:group>Internet/Applications</rpm:group>\\n    <rpm:buildhost>dhcp-26-118.brq.redhat.com</rpm:buildhost>\\n    <rpm:sourcerpm>elephant-0.3-0.8.src.rpm</rpm:sourcerpm>\\n    <rpm:header-range end=\\\"2028\\\" start=\\\"280\\\" />\\n    <rpm:provides>\\n      <rpm:entry epoch=\\\"0\\\" flags=\\\"EQ\\\" name=\\\"elephant\\\" rel=\\\"0.8\\\" ver=\\\"0.3\\\" />\\n    </rpm:provides>\\n    <rpm:requires>\\n      <rpm:entry name=\\\"/bin/sh\\\" pre=\\\"1\\\" />\\n    </rpm:requires>\\n  </format>\\n</package>\\n\"}, \"description\": \"A dummy package of elephant\", \"time\": 1321891027, \"header_range\": {\"start\": 280, \"end\": 2028}, \"release_sort_index\": \"01-0.01-8\", \"arch\": \"noarch\", \"name\": \"elephant\", \"_storage_path\": \"/var/lib/pulp/content/rpm/elephant/0.3/0.8/noarch/3e1c70cd1b421328acaf6397cb3d16145306bb95f65d1b095fc31372a0a701f3/elephant-0.3-0.8.noarch.rpm\", \"sourcerpm\": \"elephant-0.3-0.8.src.rpm\", \"checksumtype\": \"sha256\", \"license\": \"GPLv2\", \"changelog\": [], \"url\": \"http://tstrachota.fedorapeople.org\", \"checksum\": \"3e1c70cd1b421328acaf6397cb3d16145306bb95f65d1b095fc31372a0a701f3\", \"summary\": \"A dummy package of elephant\", \"relativepath\": \"elephant-0.3-0.8.noarch.rpm\", \"release\": \"0.8\", \"_id\": \"f8d17bb6-1a5f-47e7-8ede-f56c9594a5d0\", \"requires\": [{\"release\": null, \"epoch\": null, \"version\": null, \"flags\": null, \"name\": \"/bin/sh\"}]}}, {\"updated\": \"2013-07-09T04:54:04Z\", \"repo_id\": \"integration_test_id_clone\", \"created\": \"2013-07-09T04:54:04Z\", \"_ns\": \"repo_content_units\", \"unit_id\": \"d3f2e18d-5327-472a-9fe8-e40d033de53b\", \"unit_type_id\": \"rpm\", \"owner_type\": \"user\", \"_id\": {\"$oid\": \"51db5f2cd60ea36250a04e57\"}, \"id\": \"51db5f2cd60ea36250a04e57\", \"owner_id\": \"admin\", \"metadata\": {\"build_time\": 1308257414, \"buildhost\": \"dhcp-26-118.brq.redhat.com\", \"_content_type_id\": \"rpm\", \"vendor\": null, \"size\": 2236, \"group\": \"Internet/Applications\", \"_ns\": \"units_rpm\", \"relative_url_path\": null, \"filename\": \"giraffe-0.3-0.8.noarch.rpm\", \"epoch\": \"0\", \"version\": \"0.3\", \"version_sort_index\": \"01-0.01-3\", \"provides\": [{\"release\": \"0.8\", \"epoch\": \"0\", \"version\": \"0.3\", \"flags\": \"EQ\", \"name\": \"giraffe\"}], \"files\": {\"file\": [\"//giraffe.txt\"], \"dir\": []}, \"repodata\": {\"filelists\": \"<package arch=\\\"noarch\\\" name=\\\"giraffe\\\" pkgid=\\\"f25d67d1d9da04f12e57ca323247b43891ac46533e355b82de6d1922009f9f14\\\">\\n    <version epoch=\\\"0\\\" rel=\\\"0.8\\\" ver=\\\"0.3\\\" />\\n\\n    <file>//giraffe.txt</file>\\n</package>\\n\\n\", \"other\": \"<package arch=\\\"noarch\\\" name=\\\"giraffe\\\" pkgid=\\\"f25d67d1d9da04f12e57ca323247b43891ac46533e355b82de6d1922009f9f14\\\">\\n    <version epoch=\\\"0\\\" rel=\\\"0.8\\\" ver=\\\"0.3\\\" />\\n\\n</package>\\n\\n\", \"primary\": \"<package type=\\\"rpm\\\">\\n  <name>giraffe</name>\\n  <arch>noarch</arch>\\n  <version epoch=\\\"0\\\" rel=\\\"0.8\\\" ver=\\\"0.3\\\" />\\n  <checksum pkgid=\\\"YES\\\" type=\\\"sha256\\\">f25d67d1d9da04f12e57ca323247b43891ac46533e355b82de6d1922009f9f14</checksum>\\n  <summary>A dummy package of giraffe</summary>\\n  <description>A dummy package of giraffe</description>\\n  <packager />\\n  <url>http://tstrachota.fedorapeople.org</url>\\n  <time build=\\\"1308257414\\\" file=\\\"1321891027\\\" />\\n  <size archive=\\\"292\\\" installed=\\\"42\\\" package=\\\"2236\\\" />\\n<location href=\\\"giraffe-0.3-0.8.noarch.rpm\\\" />\\n  <format>\\n    <rpm:license>GPLv2</rpm:license>\\n    <rpm:vendor />\\n    <rpm:group>Internet/Applications</rpm:group>\\n    <rpm:buildhost>dhcp-26-118.brq.redhat.com</rpm:buildhost>\\n    <rpm:sourcerpm>giraffe-0.3-0.8.src.rpm</rpm:sourcerpm>\\n    <rpm:header-range end=\\\"2016\\\" start=\\\"280\\\" />\\n    <rpm:provides>\\n      <rpm:entry epoch=\\\"0\\\" flags=\\\"EQ\\\" name=\\\"giraffe\\\" rel=\\\"0.8\\\" ver=\\\"0.3\\\" />\\n    </rpm:provides>\\n    <rpm:requires>\\n      <rpm:entry name=\\\"/bin/sh\\\" pre=\\\"1\\\" />\\n    </rpm:requires>\\n  </format>\\n</package>\\n\"}, \"description\": \"A dummy package of giraffe\", \"time\": 1321891027, \"header_range\": {\"start\": 280, \"end\": 2016}, \"release_sort_index\": \"01-0.01-8\", \"arch\": \"noarch\", \"name\": \"giraffe\", \"_storage_path\": \"/var/lib/pulp/content/rpm/giraffe/0.3/0.8/noarch/f25d67d1d9da04f12e57ca323247b43891ac46533e355b82de6d1922009f9f14/giraffe-0.3-0.8.noarch.rpm\", \"sourcerpm\": \"giraffe-0.3-0.8.src.rpm\", \"checksumtype\": \"sha256\", \"license\": \"GPLv2\", \"changelog\": [], \"url\": \"http://tstrachota.fedorapeople.org\", \"checksum\": \"f25d67d1d9da04f12e57ca323247b43891ac46533e355b82de6d1922009f9f14\", \"summary\": \"A dummy package of giraffe\", \"relativepath\": \"giraffe-0.3-0.8.noarch.rpm\", \"release\": \"0.8\", \"_id\": \"d3f2e18d-5327-472a-9fe8-e40d033de53b\", \"requires\": [{\"release\": null, \"epoch\": null, \"version\": null, \"flags\": null, \"name\": \"/bin/sh\"}]}}, {\"updated\": \"2013-07-09T04:54:04Z\", \"repo_id\": \"integration_test_id_clone\", \"created\": \"2013-07-09T04:54:04Z\", \"_ns\": \"repo_content_units\", \"unit_id\": \"0c61d3dd-5831-4de6-993f-cfff9e9d3744\", \"unit_type_id\": \"rpm\", \"owner_type\": \"user\", \"_id\": {\"$oid\": \"51db5f2cd60ea36250a04e5c\"}, \"id\": \"51db5f2cd60ea36250a04e5c\", \"owner_id\": \"admin\", \"metadata\": {\"build_time\": 1308257455, \"buildhost\": \"dhcp-26-118.brq.redhat.com\", \"_content_type_id\": \"rpm\", \"vendor\": null, \"size\": 2212, \"group\": \"Internet/Applications\", \"_ns\": \"units_rpm\", \"relative_url_path\": null, \"filename\": \"lion-0.3-0.8.noarch.rpm\", \"epoch\": \"0\", \"version\": \"0.3\", \"version_sort_index\": \"01-0.01-3\", \"provides\": [{\"release\": \"0.8\", \"epoch\": \"0\", \"version\": \"0.3\", \"flags\": \"EQ\", \"name\": \"lion\"}], \"files\": {\"file\": [\"//lion.txt\"], \"dir\": []}, \"repodata\": {\"filelists\": \"<package arch=\\\"noarch\\\" name=\\\"lion\\\" pkgid=\\\"12400dc95c23a4c160725a908716cd3fcdd7a8981585437ab64cd62efa3e4ae4\\\">\\n    <version epoch=\\\"0\\\" rel=\\\"0.8\\\" ver=\\\"0.3\\\" />\\n\\n    <file>//lion.txt</file>\\n</package>\\n\\n\", \"other\": \"<package arch=\\\"noarch\\\" name=\\\"lion\\\" pkgid=\\\"12400dc95c23a4c160725a908716cd3fcdd7a8981585437ab64cd62efa3e4ae4\\\">\\n    <version epoch=\\\"0\\\" rel=\\\"0.8\\\" ver=\\\"0.3\\\" />\\n\\n</package>\\n\\n\", \"primary\": \"<package type=\\\"rpm\\\">\\n  <name>lion</name>\\n  <arch>noarch</arch>\\n  <version epoch=\\\"0\\\" rel=\\\"0.8\\\" ver=\\\"0.3\\\" />\\n  <checksum pkgid=\\\"YES\\\" type=\\\"sha256\\\">12400dc95c23a4c160725a908716cd3fcdd7a8981585437ab64cd62efa3e4ae4</checksum>\\n  <summary>A dummy package of lion</summary>\\n  <description>A dummy package of lion</description>\\n  <packager />\\n  <url>http://tstrachota.fedorapeople.org</url>\\n  <time build=\\\"1308257455\\\" file=\\\"1321891028\\\" />\\n  <size archive=\\\"292\\\" installed=\\\"42\\\" package=\\\"2212\\\" />\\n<location href=\\\"lion-0.3-0.8.noarch.rpm\\\" />\\n  <format>\\n    <rpm:license>GPLv2</rpm:license>\\n    <rpm:vendor />\\n    <rpm:group>Internet/Applications</rpm:group>\\n    <rpm:buildhost>dhcp-26-118.brq.redhat.com</rpm:buildhost>\\n    <rpm:sourcerpm>lion-0.3-0.8.src.rpm</rpm:sourcerpm>\\n    <rpm:header-range end=\\\"2000\\\" start=\\\"280\\\" />\\n    <rpm:provides>\\n      <rpm:entry epoch=\\\"0\\\" flags=\\\"EQ\\\" name=\\\"lion\\\" rel=\\\"0.8\\\" ver=\\\"0.3\\\" />\\n    </rpm:provides>\\n    <rpm:requires>\\n      <rpm:entry name=\\\"/bin/sh\\\" pre=\\\"1\\\" />\\n    </rpm:requires>\\n  </format>\\n</package>\\n\"}, \"description\": \"A dummy package of lion\", \"time\": 1321891028, \"header_range\": {\"start\": 280, \"end\": 2000}, \"release_sort_index\": \"01-0.01-8\", \"arch\": \"noarch\", \"name\": \"lion\", \"_storage_path\": \"/var/lib/pulp/content/rpm/lion/0.3/0.8/noarch/12400dc95c23a4c160725a908716cd3fcdd7a8981585437ab64cd62efa3e4ae4/lion-0.3-0.8.noarch.rpm\", \"sourcerpm\": \"lion-0.3-0.8.src.rpm\", \"checksumtype\": \"sha256\", \"license\": \"GPLv2\", \"changelog\": [], \"url\": \"http://tstrachota.fedorapeople.org\", \"checksum\": \"12400dc95c23a4c160725a908716cd3fcdd7a8981585437ab64cd62efa3e4ae4\", \"summary\": \"A dummy package of lion\", \"relativepath\": \"lion-0.3-0.8.noarch.rpm\", \"release\": \"0.8\", \"_id\": \"0c61d3dd-5831-4de6-993f-cfff9e9d3744\", \"requires\": [{\"release\": null, \"epoch\": null, \"version\": null, \"flags\": null, \"name\": \"/bin/sh\"}]}}, {\"updated\": \"2013-07-09T04:54:04Z\", \"repo_id\": \"integration_test_id_clone\", \"created\": \"2013-07-09T04:54:04Z\", \"_ns\": \"repo_content_units\", \"unit_id\": \"02cd64dd-4e0b-425a-8c62-0cdb48277b17\", \"unit_type_id\": \"rpm\", \"owner_type\": \"user\", \"_id\": {\"$oid\": \"51db5f2cd60ea36250a04e5d\"}, \"id\": \"51db5f2cd60ea36250a04e5d\", \"owner_id\": \"admin\", \"metadata\": {\"build_time\": 1308257260, \"buildhost\": \"dhcp-26-118.brq.redhat.com\", \"_content_type_id\": \"rpm\", \"vendor\": null, \"size\": 2232, \"group\": \"Internet/Applications\", \"_ns\": \"units_rpm\", \"relative_url_path\": null, \"filename\": \"monkey-0.3-0.8.noarch.rpm\", \"epoch\": \"0\", \"version\": \"0.3\", \"version_sort_index\": \"01-0.01-3\", \"provides\": [{\"release\": \"0.8\", \"epoch\": \"0\", \"version\": \"0.3\", \"flags\": \"EQ\", \"name\": \"monkey\"}], \"files\": {\"file\": [\"//monkey.txt\"], \"dir\": []}, \"repodata\": {\"filelists\": \"<package arch=\\\"noarch\\\" name=\\\"monkey\\\" pkgid=\\\"0e8fa50d0128fbabc7ccc5632e3fa25d39b0280169f6166cb8e2c84de8501db1\\\">\\n    <version epoch=\\\"0\\\" rel=\\\"0.8\\\" ver=\\\"0.3\\\" />\\n\\n    <file>//monkey.txt</file>\\n</package>\\n\\n\", \"other\": \"<package arch=\\\"noarch\\\" name=\\\"monkey\\\" pkgid=\\\"0e8fa50d0128fbabc7ccc5632e3fa25d39b0280169f6166cb8e2c84de8501db1\\\">\\n    <version epoch=\\\"0\\\" rel=\\\"0.8\\\" ver=\\\"0.3\\\" />\\n\\n</package>\\n\\n\", \"primary\": \"<package type=\\\"rpm\\\">\\n  <name>monkey</name>\\n  <arch>noarch</arch>\\n  <version epoch=\\\"0\\\" rel=\\\"0.8\\\" ver=\\\"0.3\\\" />\\n  <checksum pkgid=\\\"YES\\\" type=\\\"sha256\\\">0e8fa50d0128fbabc7ccc5632e3fa25d39b0280169f6166cb8e2c84de8501db1</checksum>\\n  <summary>A dummy package of monkey</summary>\\n  <description>A dummy package of monkey</description>\\n  <packager />\\n  <url>http://tstrachota.fedorapeople.org</url>\\n  <time build=\\\"1308257260\\\" file=\\\"1321891029\\\" />\\n  <size archive=\\\"292\\\" installed=\\\"42\\\" package=\\\"2232\\\" />\\n<location href=\\\"monkey-0.3-0.8.noarch.rpm\\\" />\\n  <format>\\n    <rpm:license>GPLv2</rpm:license>\\n    <rpm:vendor />\\n    <rpm:group>Internet/Applications</rpm:group>\\n    <rpm:buildhost>dhcp-26-118.brq.redhat.com</rpm:buildhost>\\n    <rpm:sourcerpm>monkey-0.3-0.8.src.rpm</rpm:sourcerpm>\\n    <rpm:header-range end=\\\"2016\\\" start=\\\"280\\\" />\\n    <rpm:provides>\\n      <rpm:entry epoch=\\\"0\\\" flags=\\\"EQ\\\" name=\\\"monkey\\\" rel=\\\"0.8\\\" ver=\\\"0.3\\\" />\\n    </rpm:provides>\\n    <rpm:requires>\\n      <rpm:entry name=\\\"/bin/sh\\\" pre=\\\"1\\\" />\\n    </rpm:requires>\\n  </format>\\n</package>\\n\"}, \"description\": \"A dummy package of monkey\", \"time\": 1321891029, \"header_range\": {\"start\": 280, \"end\": 2016}, \"release_sort_index\": \"01-0.01-8\", \"arch\": \"noarch\", \"name\": \"monkey\", \"_storage_path\": \"/var/lib/pulp/content/rpm/monkey/0.3/0.8/noarch/0e8fa50d0128fbabc7ccc5632e3fa25d39b0280169f6166cb8e2c84de8501db1/monkey-0.3-0.8.noarch.rpm\", \"sourcerpm\": \"monkey-0.3-0.8.src.rpm\", \"checksumtype\": \"sha256\", \"license\": \"GPLv2\", \"changelog\": [], \"url\": \"http://tstrachota.fedorapeople.org\", \"checksum\": \"0e8fa50d0128fbabc7ccc5632e3fa25d39b0280169f6166cb8e2c84de8501db1\", \"summary\": \"A dummy package of monkey\", \"relativepath\": \"monkey-0.3-0.8.noarch.rpm\", \"release\": \"0.8\", \"_id\": \"02cd64dd-4e0b-425a-8c62-0cdb48277b17\", \"requires\": [{\"release\": null, \"epoch\": null, \"version\": null, \"flags\": null, \"name\": \"/bin/sh\"}]}}, {\"updated\": \"2013-07-09T04:54:04Z\", \"repo_id\": \"integration_test_id_clone\", \"created\": \"2013-07-09T04:54:04Z\", \"_ns\": \"repo_content_units\", \"unit_id\": \"2d70c78c-d656-4169-abef-907a18417c3b\", \"unit_type_id\": \"rpm\", \"owner_type\": \"user\", \"_id\": {\"$oid\": \"51db5f2cd60ea36250a04e5b\"}, \"id\": \"51db5f2cd60ea36250a04e5b\", \"owner_id\": \"admin\", \"metadata\": {\"build_time\": 1308257460, \"buildhost\": \"dhcp-26-118.brq.redhat.com\", \"_content_type_id\": \"rpm\", \"vendor\": null, \"size\": 2232, \"group\": \"Internet/Applications\", \"_ns\": \"units_rpm\", \"relative_url_path\": null, \"filename\": \"penguin-0.3-0.8.noarch.rpm\", \"epoch\": \"0\", \"version\": \"0.3\", \"version_sort_index\": \"01-0.01-3\", \"provides\": [{\"release\": \"0.8\", \"epoch\": \"0\", \"version\": \"0.3\", \"flags\": \"EQ\", \"name\": \"penguin\"}], \"files\": {\"file\": [\"//penguin.txt\"], \"dir\": []}, \"repodata\": {\"filelists\": \"<package arch=\\\"noarch\\\" name=\\\"penguin\\\" pkgid=\\\"3fcb2c927de9e13bf68469032a28b139d3e5ad2e58564fc210fd6e48635be694\\\">\\n    <version epoch=\\\"0\\\" rel=\\\"0.8\\\" ver=\\\"0.3\\\" />\\n\\n    <file>//penguin.txt</file>\\n</package>\\n\\n\", \"other\": \"<package arch=\\\"noarch\\\" name=\\\"penguin\\\" pkgid=\\\"3fcb2c927de9e13bf68469032a28b139d3e5ad2e58564fc210fd6e48635be694\\\">\\n    <version epoch=\\\"0\\\" rel=\\\"0.8\\\" ver=\\\"0.3\\\" />\\n\\n</package>\\n\\n\", \"primary\": \"<package type=\\\"rpm\\\">\\n  <name>penguin</name>\\n  <arch>noarch</arch>\\n  <version epoch=\\\"0\\\" rel=\\\"0.8\\\" ver=\\\"0.3\\\" />\\n  <checksum pkgid=\\\"YES\\\" type=\\\"sha256\\\">3fcb2c927de9e13bf68469032a28b139d3e5ad2e58564fc210fd6e48635be694</checksum>\\n  <summary>A dummy package of penguin</summary>\\n  <description>A dummy package of penguin</description>\\n  <packager />\\n  <url>http://tstrachota.fedorapeople.org</url>\\n  <time build=\\\"1308257460\\\" file=\\\"1321891029\\\" />\\n  <size archive=\\\"292\\\" installed=\\\"42\\\" package=\\\"2232\\\" />\\n<location href=\\\"penguin-0.3-0.8.noarch.rpm\\\" />\\n  <format>\\n    <rpm:license>GPLv2</rpm:license>\\n    <rpm:vendor />\\n    <rpm:group>Internet/Applications</rpm:group>\\n    <rpm:buildhost>dhcp-26-118.brq.redhat.com</rpm:buildhost>\\n    <rpm:sourcerpm>penguin-0.3-0.8.src.rpm</rpm:sourcerpm>\\n    <rpm:header-range end=\\\"2016\\\" start=\\\"280\\\" />\\n    <rpm:provides>\\n      <rpm:entry epoch=\\\"0\\\" flags=\\\"EQ\\\" name=\\\"penguin\\\" rel=\\\"0.8\\\" ver=\\\"0.3\\\" />\\n    </rpm:provides>\\n    <rpm:requires>\\n      <rpm:entry name=\\\"/bin/sh\\\" pre=\\\"1\\\" />\\n    </rpm:requires>\\n  </format>\\n</package>\\n\"}, \"description\": \"A dummy package of penguin\", \"time\": 1321891029, \"header_range\": {\"start\": 280, \"end\": 2016}, \"release_sort_index\": \"01-0.01-8\", \"arch\": \"noarch\", \"name\": \"penguin\", \"_storage_path\": \"/var/lib/pulp/content/rpm/penguin/0.3/0.8/noarch/3fcb2c927de9e13bf68469032a28b139d3e5ad2e58564fc210fd6e48635be694/penguin-0.3-0.8.noarch.rpm\", \"sourcerpm\": \"penguin-0.3-0.8.src.rpm\", \"checksumtype\": \"sha256\", \"license\": \"GPLv2\", \"changelog\": [], \"url\": \"http://tstrachota.fedorapeople.org\", \"checksum\": \"3fcb2c927de9e13bf68469032a28b139d3e5ad2e58564fc210fd6e48635be694\", \"summary\": \"A dummy package of penguin\", \"relativepath\": \"penguin-0.3-0.8.noarch.rpm\", \"release\": \"0.8\", \"_id\": \"2d70c78c-d656-4169-abef-907a18417c3b\", \"requires\": [{\"release\": null, \"epoch\": null, \"version\": null, \"flags\": null, \"name\": \"/bin/sh\"}]}}, {\"updated\": \"2013-07-09T04:54:04Z\", \"repo_id\": \"integration_test_id_clone\", \"created\": \"2013-07-09T04:54:04Z\", \"_ns\": \"repo_content_units\", \"unit_id\": \"c96473da-7b64-4869-b495-12cde38def09\", \"unit_type_id\": \"rpm\", \"owner_type\": \"user\", \"_id\": {\"$oid\": \"51db5f2cd60ea36250a04e59\"}, \"id\": \"51db5f2cd60ea36250a04e59\", \"owner_id\": \"admin\", \"metadata\": {\"build_time\": 1308257502, \"buildhost\": \"dhcp-26-118.brq.redhat.com\", \"_content_type_id\": \"rpm\", \"vendor\": null, \"size\": 2248, \"group\": \"Internet/Applications\", \"_ns\": \"units_rpm\", \"relative_url_path\": null, \"filename\": \"squirrel-0.3-0.8.noarch.rpm\", \"epoch\": \"0\", \"version\": \"0.3\", \"version_sort_index\": \"01-0.01-3\", \"provides\": [{\"release\": \"0.8\", \"epoch\": \"0\", \"version\": \"0.3\", \"flags\": \"EQ\", \"name\": \"squirrel\"}], \"files\": {\"file\": [\"//squirrel.txt\"], \"dir\": []}, \"repodata\": {\"filelists\": \"<package arch=\\\"noarch\\\" name=\\\"squirrel\\\" pkgid=\\\"251768bdd15f13d78487c27638aa6aecd01551e253756093cde1c0ae878a17d2\\\">\\n    <version epoch=\\\"0\\\" rel=\\\"0.8\\\" ver=\\\"0.3\\\" />\\n\\n    <file>//squirrel.txt</file>\\n</package>\\n\\n\", \"other\": \"<package arch=\\\"noarch\\\" name=\\\"squirrel\\\" pkgid=\\\"251768bdd15f13d78487c27638aa6aecd01551e253756093cde1c0ae878a17d2\\\">\\n    <version epoch=\\\"0\\\" rel=\\\"0.8\\\" ver=\\\"0.3\\\" />\\n\\n</package>\\n\\n\", \"primary\": \"<package type=\\\"rpm\\\">\\n  <name>squirrel</name>\\n  <arch>noarch</arch>\\n  <version epoch=\\\"0\\\" rel=\\\"0.8\\\" ver=\\\"0.3\\\" />\\n  <checksum pkgid=\\\"YES\\\" type=\\\"sha256\\\">251768bdd15f13d78487c27638aa6aecd01551e253756093cde1c0ae878a17d2</checksum>\\n  <summary>A dummy package of squirrel</summary>\\n  <description>A dummy package of squirrel</description>\\n  <packager />\\n  <url>http://tstrachota.fedorapeople.org</url>\\n  <time build=\\\"1308257502\\\" file=\\\"1321891029\\\" />\\n  <size archive=\\\"296\\\" installed=\\\"42\\\" package=\\\"2248\\\" />\\n<location href=\\\"squirrel-0.3-0.8.noarch.rpm\\\" />\\n  <format>\\n    <rpm:license>GPLv2</rpm:license>\\n    <rpm:vendor />\\n    <rpm:group>Internet/Applications</rpm:group>\\n    <rpm:buildhost>dhcp-26-118.brq.redhat.com</rpm:buildhost>\\n    <rpm:sourcerpm>squirrel-0.3-0.8.src.rpm</rpm:sourcerpm>\\n    <rpm:header-range end=\\\"2028\\\" start=\\\"280\\\" />\\n    <rpm:provides>\\n      <rpm:entry epoch=\\\"0\\\" flags=\\\"EQ\\\" name=\\\"squirrel\\\" rel=\\\"0.8\\\" ver=\\\"0.3\\\" />\\n    </rpm:provides>\\n    <rpm:requires>\\n      <rpm:entry name=\\\"/bin/sh\\\" pre=\\\"1\\\" />\\n    </rpm:requires>\\n  </format>\\n</package>\\n\"}, \"description\": \"A dummy package of squirrel\", \"time\": 1321891029, \"header_range\": {\"start\": 280, \"end\": 2028}, \"release_sort_index\": \"01-0.01-8\", \"arch\": \"noarch\", \"name\": \"squirrel\", \"_storage_path\": \"/var/lib/pulp/content/rpm/squirrel/0.3/0.8/noarch/251768bdd15f13d78487c27638aa6aecd01551e253756093cde1c0ae878a17d2/squirrel-0.3-0.8.noarch.rpm\", \"sourcerpm\": \"squirrel-0.3-0.8.src.rpm\", \"checksumtype\": \"sha256\", \"license\": \"GPLv2\", \"changelog\": [], \"url\": \"http://tstrachota.fedorapeople.org\", \"checksum\": \"251768bdd15f13d78487c27638aa6aecd01551e253756093cde1c0ae878a17d2\", \"summary\": \"A dummy package of squirrel\", \"relativepath\": \"squirrel-0.3-0.8.noarch.rpm\", \"release\": \"0.8\", \"_id\": \"c96473da-7b64-4869-b495-12cde38def09\", \"requires\": [{\"release\": null, \"epoch\": null, \"version\": null, \"flags\": null, \"name\": \"/bin/sh\"}]}}, {\"updated\": \"2013-07-09T04:54:04Z\", \"repo_id\": \"integration_test_id_clone\", \"created\": \"2013-07-09T04:54:04Z\", \"_ns\": \"repo_content_units\", \"unit_id\": \"cecf9e20-7315-44f4-bab9-f926b8020dad\", \"unit_type_id\": \"rpm\", \"owner_type\": \"user\", \"_id\": {\"$oid\": \"51db5f2cd60ea36250a04e58\"}, \"id\": \"51db5f2cd60ea36250a04e58\", \"owner_id\": \"admin\", \"metadata\": {\"build_time\": 1308257449, \"buildhost\": \"dhcp-26-118.brq.redhat.com\", \"_content_type_id\": \"rpm\", \"vendor\": null, \"size\": 2236, \"group\": \"Internet/Applications\", \"_ns\": \"units_rpm\", \"relative_url_path\": null, \"filename\": \"walrus-0.3-0.8.noarch.rpm\", \"epoch\": \"0\", \"version\": \"0.3\", \"version_sort_index\": \"01-0.01-3\", \"provides\": [{\"release\": \"0.8\", \"epoch\": \"0\", \"version\": \"0.3\", \"flags\": \"EQ\", \"name\": \"walrus\"}], \"files\": {\"file\": [\"//walrus.txt\"], \"dir\": []}, \"repodata\": {\"filelists\": \"<package arch=\\\"noarch\\\" name=\\\"walrus\\\" pkgid=\\\"6e8d6dc057e3e2c9819f0dc7e6c7b7f86bf2e8571bba414adec7fb621a461dfd\\\">\\n    <version epoch=\\\"0\\\" rel=\\\"0.8\\\" ver=\\\"0.3\\\" />\\n\\n    <file>//walrus.txt</file>\\n</package>\\n\\n\", \"other\": \"<package arch=\\\"noarch\\\" name=\\\"walrus\\\" pkgid=\\\"6e8d6dc057e3e2c9819f0dc7e6c7b7f86bf2e8571bba414adec7fb621a461dfd\\\">\\n    <version epoch=\\\"0\\\" rel=\\\"0.8\\\" ver=\\\"0.3\\\" />\\n\\n</package>\\n\\n\", \"primary\": \"<package type=\\\"rpm\\\">\\n  <name>walrus</name>\\n  <arch>noarch</arch>\\n  <version epoch=\\\"0\\\" rel=\\\"0.8\\\" ver=\\\"0.3\\\" />\\n  <checksum pkgid=\\\"YES\\\" type=\\\"sha256\\\">6e8d6dc057e3e2c9819f0dc7e6c7b7f86bf2e8571bba414adec7fb621a461dfd</checksum>\\n  <summary>A dummy package of walrus</summary>\\n  <description>A dummy package of walrus</description>\\n  <packager />\\n  <url>http://tstrachota.fedorapeople.org</url>\\n  <time build=\\\"1308257449\\\" file=\\\"1321891030\\\" />\\n  <size archive=\\\"292\\\" installed=\\\"42\\\" package=\\\"2236\\\" />\\n<location href=\\\"walrus-0.3-0.8.noarch.rpm\\\" />\\n  <format>\\n    <rpm:license>GPLv2</rpm:license>\\n    <rpm:vendor />\\n    <rpm:group>Internet/Applications</rpm:group>\\n    <rpm:buildhost>dhcp-26-118.brq.redhat.com</rpm:buildhost>\\n    <rpm:sourcerpm>walrus-0.3-0.8.src.rpm</rpm:sourcerpm>\\n    <rpm:header-range end=\\\"2016\\\" start=\\\"280\\\" />\\n    <rpm:provides>\\n      <rpm:entry epoch=\\\"0\\\" flags=\\\"EQ\\\" name=\\\"walrus\\\" rel=\\\"0.8\\\" ver=\\\"0.3\\\" />\\n    </rpm:provides>\\n    <rpm:requires>\\n      <rpm:entry name=\\\"/bin/sh\\\" pre=\\\"1\\\" />\\n    </rpm:requires>\\n  </format>\\n</package>\\n\"}, \"description\": \"A dummy package of walrus\", \"time\": 1321891030, \"header_range\": {\"start\": 280, \"end\": 2016}, \"release_sort_index\": \"01-0.01-8\", \"arch\": \"noarch\", \"name\": \"walrus\", \"_storage_path\": \"/var/lib/pulp/content/rpm/walrus/0.3/0.8/noarch/6e8d6dc057e3e2c9819f0dc7e6c7b7f86bf2e8571bba414adec7fb621a461dfd/walrus-0.3-0.8.noarch.rpm\", \"sourcerpm\": \"walrus-0.3-0.8.src.rpm\", \"checksumtype\": \"sha256\", \"license\": \"GPLv2\", \"changelog\": [], \"url\": \"http://tstrachota.fedorapeople.org\", \"checksum\": \"6e8d6dc057e3e2c9819f0dc7e6c7b7f86bf2e8571bba414adec7fb621a461dfd\", \"summary\": \"A dummy package of walrus\", \"relativepath\": \"walrus-0.3-0.8.noarch.rpm\", \"release\": \"0.8\", \"_id\": \"cecf9e20-7315-44f4-bab9-f926b8020dad\", \"requires\": [{\"release\": null, \"epoch\": null, \"version\": null, \"flags\": null, \"name\": \"/bin/sh\"}]}}]"
    http_version: 
  recorded_at: Tue, 09 Jul 2013 00:54:54 GMT
recorded_with: VCR 2.5.0
